15:03:52 **** Incremental Build of configuration Debug for project AlarmSystem ****
make pre-build main-build 
a9-linaro-pre-build-step
' '
make: Nothing to be done for 'main-build'.
15:03:57 **** Incremental Build of configuration Debug for project AlarmSystem ****
make pre-build main-build 
a9-linaro-pre-build-step
' '
make: Nothing to be done for 'main-build'.
15:05:17 **** Auto Build of configuration Debug for project AlarmSystem ****
make pre-build main-build 
a9-linaro-pre-build-step
' '
'Building file: ../src/clock.c'
'Invoking: ARM v7 gcc compiler'
arm-none-eabi-gcc -Wall -O0 -g3 -I../../AlarmSystem_bsp/ps7_cortexa9_0/include -I"C:\X_Projects\AlarmSystem\AlarmSystem.sdk\AlarmSystem" -I"C:\X_Projects\AlarmSystem\AlarmSystem.sdk\AlarmSystem\inc" -c -fmessage-length=0 -MT"src/clock.o" -mcpu=cortex-a9 -mfpu=vfpv3 -mfloat-abi=hard -MMD -MP -MF"src/clock.d" -MT"src/clock.o" -o "src/clock.o" "../src/clock.c"
'Finished building: ../src/clock.c'
' '
'Building target: AlarmSystem.elf'
'Invoking: ARM v7 gcc linker'
arm-none-eabi-gcc -mcpu=cortex-a9 -mfpu=vfpv3 -mfloat-abi=hard -Wl,-build-id=none -specs=Xilinx.spec -Wl,-T -Wl,../src/lscript.ld -L../../AlarmSystem_bsp/ps7_cortexa9_0/lib -o "AlarmSystem.elf"  ./src/clock.o ./src/data_handle.o ./src/interrupt_handler.o ./src/io.o ./src/main.o ./src/oled.o   -Wl,--start-group,-lxil,-lgcc,-lc,--end-group
'Finished building target: AlarmSystem.elf'
' '
'Invoking: ARM v7 Print Size'
arm-none-eabi-size AlarmSystem.elf  |tee "AlarmSystem.elf.size"
   text	   data	    bss	    dec	    hex	filename
  86824	   3544	  23568	 113936	  1bd10	AlarmSystem.elf
'Finished building: AlarmSystem.elf.size'
' '
15:05:22 **** Incremental Build of configuration Debug for project AlarmSystem ****
make pre-build main-build 
a9-linaro-pre-build-step
' '
make: Nothing to be done for 'main-build'.
15:06:53 **** Incremental Build of configuration Debug for project AlarmSystem ****
make pre-build main-build 
a9-linaro-pre-build-step
' '
make: Nothing to be done for 'main-build'.
15:12:47 **** Auto Build of configuration Debug for project AlarmSystem ****
make pre-build main-build 
a9-linaro-pre-build-step
' '
'Building file: ../src/clock.c'
'Invoking: ARM v7 gcc compiler'
arm-none-eabi-gcc -Wall -O0 -g3 -I../../AlarmSystem_bsp/ps7_cortexa9_0/include -I"C:\X_Projects\AlarmSystem\AlarmSystem.sdk\AlarmSystem" -I"C:\X_Projects\AlarmSystem\AlarmSystem.sdk\AlarmSystem\inc" -c -fmessage-length=0 -MT"src/clock.o" -mcpu=cortex-a9 -mfpu=vfpv3 -mfloat-abi=hard -MMD -MP -MF"src/clock.d" -MT"src/clock.o" -o "src/clock.o" "../src/clock.c"
../src/clock.c: In function 'Clock_GetTime':
../src/clock.c:70:16: warning: variable 'target' set but not used [-Wunused-but-set-variable]
    RTCC_Target target;
                ^~~~~~
'Finished building: ../src/clock.c'
' '
'Building target: AlarmSystem.elf'
'Invoking: ARM v7 gcc linker'
arm-none-eabi-gcc -mcpu=cortex-a9 -mfpu=vfpv3 -mfloat-abi=hard -Wl,-build-id=none -specs=Xilinx.spec -Wl,-T -Wl,../src/lscript.ld -L../../AlarmSystem_bsp/ps7_cortexa9_0/lib -o "AlarmSystem.elf"  ./src/clock.o ./src/data_handle.o ./src/interrupt_handler.o ./src/io.o ./src/main.o ./src/oled.o   -Wl,--start-group,-lxil,-lgcc,-lc,--end-group
'Finished building target: AlarmSystem.elf'
' '
'Invoking: ARM v7 Print Size'
arm-none-eabi-size AlarmSystem.elf  |tee "AlarmSystem.elf.size"
   text	   data	    bss	    dec	    hex	filename
  86888	   3544	  23568	 114000	  1bd50	AlarmSystem.elf
'Finished building: AlarmSystem.elf.size'
' '
15:13:02 **** Auto Build of configuration Debug for project AlarmSystem ****
make pre-build main-build 
a9-linaro-pre-build-step
' '
'Building file: ../src/clock.c'
'Invoking: ARM v7 gcc compiler'
arm-none-eabi-gcc -Wall -O0 -g3 -I../../AlarmSystem_bsp/ps7_cortexa9_0/include -I"C:\X_Projects\AlarmSystem\AlarmSystem.sdk\AlarmSystem" -I"C:\X_Projects\AlarmSystem\AlarmSystem.sdk\AlarmSystem\inc" -c -fmessage-length=0 -MT"src/clock.o" -mcpu=cortex-a9 -mfpu=vfpv3 -mfloat-abi=hard -MMD -MP -MF"src/clock.d" -MT"src/clock.o" -o "src/clock.o" "../src/clock.c"
'Finished building: ../src/clock.c'
' '
'Building target: AlarmSystem.elf'
'Invoking: ARM v7 gcc linker'
arm-none-eabi-gcc -mcpu=cortex-a9 -mfpu=vfpv3 -mfloat-abi=hard -Wl,-build-id=none -specs=Xilinx.spec -Wl,-T -Wl,../src/lscript.ld -L../../AlarmSystem_bsp/ps7_cortexa9_0/lib -o "AlarmSystem.elf"  ./src/clock.o ./src/data_handle.o ./src/interrupt_handler.o ./src/io.o ./src/main.o ./src/oled.o   -Wl,--start-group,-lxil,-lgcc,-lc,--end-group
'Finished building target: AlarmSystem.elf'
' '
'Invoking: ARM v7 Print Size'
arm-none-eabi-size AlarmSystem.elf  |tee "AlarmSystem.elf.size"
   text	   data	    bss	    dec	    hex	filename
  86888	   3544	  23568	 114000	  1bd50	AlarmSystem.elf
'Finished building: AlarmSystem.elf.size'
' '
15:13:07 **** Incremental Build of configuration Debug for project AlarmSystem ****
make pre-build main-build 
a9-linaro-pre-build-step
' '
make: Nothing to be done for 'main-build'.
15:13:41 **** Auto Build of configuration Debug for project AlarmSystem ****
make pre-build main-build 
a9-linaro-pre-build-step
' '
'Building file: ../src/clock.c'
'Invoking: ARM v7 gcc compiler'
arm-none-eabi-gcc -Wall -O0 -g3 -I../../AlarmSystem_bsp/ps7_cortexa9_0/include -I"C:\X_Projects\AlarmSystem\AlarmSystem.sdk\AlarmSystem" -I"C:\X_Projects\AlarmSystem\AlarmSystem.sdk\AlarmSystem\inc" -c -fmessage-length=0 -MT"src/clock.o" -mcpu=cortex-a9 -mfpu=vfpv3 -mfloat-abi=hard -MMD -MP -MF"src/clock.d" -MT"src/clock.o" -o "src/clock.o" "../src/clock.c"
../src/clock.c: In function 'Clock_GetTime':
../src/clock.c:89:15: warning: comparison between 'RTCC_Target' {aka 'enum RTCC_Target'} and 'enum Target' [-Wenum-compare]
    if (target != CLOCK_PWRD && target != CLOCK_PWRU) {
               ^~
../src/clock.c:89:39: warning: comparison between 'RTCC_Target' {aka 'enum RTCC_Target'} and 'enum Target' [-Wenum-compare]
    if (target != CLOCK_PWRD && target != CLOCK_PWRU) {
                                       ^~
'Finished building: ../src/clock.c'
' '
'Building target: AlarmSystem.elf'
'Invoking: ARM v7 gcc linker'
arm-none-eabi-gcc -mcpu=cortex-a9 -mfpu=vfpv3 -mfloat-abi=hard -Wl,-build-id=none -specs=Xilinx.spec -Wl,-T -Wl,../src/lscript.ld -L../../AlarmSystem_bsp/ps7_cortexa9_0/lib -o "AlarmSystem.elf"  ./src/clock.o ./src/data_handle.o ./src/interrupt_handler.o ./src/io.o ./src/main.o ./src/oled.o   -Wl,--start-group,-lxil,-lgcc,-lc,--end-group
'Finished building target: AlarmSystem.elf'
' '
'Invoking: ARM v7 Print Size'
arm-none-eabi-size AlarmSystem.elf  |tee "AlarmSystem.elf.size"
   text	   data	    bss	    dec	    hex	filename
  86888	   3544	  23568	 114000	  1bd50	AlarmSystem.elf
'Finished building: AlarmSystem.elf.size'
' '
15:13:46 **** Incremental Build of configuration Debug for project AlarmSystem ****
make pre-build main-build 
a9-linaro-pre-build-step
' '
make: Nothing to be done for 'main-build'.
15:15:31 **** Auto Build of configuration Debug for project AlarmSystem ****
make pre-build main-build 
a9-linaro-pre-build-step
' '
'Building file: ../src/clock.c'
'Invoking: ARM v7 gcc compiler'
arm-none-eabi-gcc -Wall -O0 -g3 -I../../AlarmSystem_bsp/ps7_cortexa9_0/include -I"C:\X_Projects\AlarmSystem\AlarmSystem.sdk\AlarmSystem" -I"C:\X_Projects\AlarmSystem\AlarmSystem.sdk\AlarmSystem\inc" -c -fmessage-length=0 -MT"src/clock.o" -mcpu=cortex-a9 -mfpu=vfpv3 -mfloat-abi=hard -MMD -MP -MF"src/clock.d" -MT"src/clock.o" -o "src/clock.o" "../src/clock.c"
../src/clock.c: In function 'Clock_GetTime':
../src/clock.c:89:15: warning: comparison between 'RTCC_Target' {aka 'enum RTCC_Target'} and 'enum Target' [-Wenum-compare]
    if (target != CLOCK_PWRD && target != CLOCK_PWRU) {
               ^~
../src/clock.c:89:39: warning: comparison between 'RTCC_Target' {aka 'enum RTCC_Target'} and 'enum Target' [-Wenum-compare]
    if (target != CLOCK_PWRD && target != CLOCK_PWRU) {
                                       ^~
'Finished building: ../src/clock.c'
' '
'Building target: AlarmSystem.elf'
'Invoking: ARM v7 gcc linker'
arm-none-eabi-gcc -mcpu=cortex-a9 -mfpu=vfpv3 -mfloat-abi=hard -Wl,-build-id=none -specs=Xilinx.spec -Wl,-T -Wl,../src/lscript.ld -L../../AlarmSystem_bsp/ps7_cortexa9_0/lib -o "AlarmSystem.elf"  ./src/clock.o ./src/data_handle.o ./src/interrupt_handler.o ./src/io.o ./src/main.o ./src/oled.o   -Wl,--start-group,-lxil,-lgcc,-lc,--end-group
'Finished building target: AlarmSystem.elf'
' '
'Invoking: ARM v7 Print Size'
arm-none-eabi-size AlarmSystem.elf  |tee "AlarmSystem.elf.size"
   text	   data	    bss	    dec	    hex	filename
  86888	   3544	  23568	 114000	  1bd50	AlarmSystem.elf
'Finished building: AlarmSystem.elf.size'
' '
15:15:37 **** Incremental Build of configuration Debug for project AlarmSystem ****
make pre-build main-build 
a9-linaro-pre-build-step
' '
make: Nothing to be done for 'main-build'.
15:16:34 **** Auto Build of configuration Debug for project AlarmSystem ****
make pre-build main-build 
a9-linaro-pre-build-step
' '
'Building file: ../src/clock.c'
'Invoking: ARM v7 gcc compiler'
arm-none-eabi-gcc -Wall -O0 -g3 -I../../AlarmSystem_bsp/ps7_cortexa9_0/include -I"C:\X_Projects\AlarmSystem\AlarmSystem.sdk\AlarmSystem" -I"C:\X_Projects\AlarmSystem\AlarmSystem.sdk\AlarmSystem\inc" -c -fmessage-length=0 -MT"src/clock.o" -mcpu=cortex-a9 -mfpu=vfpv3 -mfloat-abi=hard -MMD -MP -MF"src/clock.d" -MT"src/clock.o" -o "src/clock.o" "../src/clock.c"
../src/clock.c:75:1: error: expected identifier or '(' before '}' token
 }
 ^
../src/clock.c: In function 'Clock_GetTime':
../src/clock.c:102:15: warning: comparison between 'RTCC_Target' {aka 'enum RTCC_Target'} and 'enum Target' [-Wenum-compare]
    if (target != CLOCK_PWRD && target != CLOCK_PWRU) {
               ^~
../src/clock.c:102:39: warning: comparison between 'RTCC_Target' {aka 'enum RTCC_Target'} and 'enum Target' [-Wenum-compare]
    if (target != CLOCK_PWRD && target != CLOCK_PWRU) {
                                       ^~
make: *** [src/subdir.mk:38: src/clock.o] Error 1
15:17:07 **** Auto Build of configuration Debug for project AlarmSystem ****
make pre-build main-build 
a9-linaro-pre-build-step
' '
'Building file: ../src/clock.c'
'Invoking: ARM v7 gcc compiler'
arm-none-eabi-gcc -Wall -O0 -g3 -I../../AlarmSystem_bsp/ps7_cortexa9_0/include -I"C:\X_Projects\AlarmSystem\AlarmSystem.sdk\AlarmSystem" -I"C:\X_Projects\AlarmSystem\AlarmSystem.sdk\AlarmSystem\inc" -c -fmessage-length=0 -MT"src/clock.o" -mcpu=cortex-a9 -mfpu=vfpv3 -mfloat-abi=hard -MMD -MP -MF"src/clock.d" -MT"src/clock.o" -o "src/clock.o" "../src/clock.c"
../src/clock.c:75:1: error: expected identifier or '(' before '}' token
 }
 ^
../src/clock.c: In function 'Clock_GetTime':
../src/clock.c:102:15: warning: comparison between 'RTCC_Target' {aka 'enum RTCC_Target'} and 'enum Target' [-Wenum-compare]
    if (target != CLOCK_PWRD && target != CLOCK_PWRU) {
               ^~
../src/clock.c:102:39: warning: comparison between 'RTCC_Target' {aka 'enum RTCC_Target'} and 'enum Target' [-Wenum-compare]
    if (target != CLOCK_PWRD && target != CLOCK_PWRU) {
                                       ^~
make: *** [src/subdir.mk:38: src/clock.o] Error 1
15:17:11 **** Auto Build of configuration Debug for project AlarmSystem ****
make pre-build main-build 
a9-linaro-pre-build-step
' '
'Building file: ../src/clock.c'
'Invoking: ARM v7 gcc compiler'
arm-none-eabi-gcc -Wall -O0 -g3 -I../../AlarmSystem_bsp/ps7_cortexa9_0/include -I"C:\X_Projects\AlarmSystem\AlarmSystem.sdk\AlarmSystem" -I"C:\X_Projects\AlarmSystem\AlarmSystem.sdk\AlarmSystem\inc" -c -fmessage-length=0 -MT"src/clock.o" -mcpu=cortex-a9 -mfpu=vfpv3 -mfloat-abi=hard -MMD -MP -MF"src/clock.d" -MT"src/clock.o" -o "src/clock.o" "../src/clock.c"
../src/clock.c:75:1: error: expected identifier or '(' before '}' token
 }
 ^
../src/clock.c: In function 'Clock_GetTime':
../src/clock.c:102:15: warning: comparison between 'RTCC_Target' {aka 'enum RTCC_Target'} and 'enum Target' [-Wenum-compare]
    if (target != CLOCK_PWRD && target != CLOCK_PWRU) {
               ^~
../src/clock.c:102:39: warning: comparison between 'RTCC_Target' {aka 'enum RTCC_Target'} and 'enum Target' [-Wenum-compare]
    if (target != CLOCK_PWRD && target != CLOCK_PWRU) {
                                       ^~
make: *** [src/subdir.mk:38: src/clock.o] Error 1
15:17:18 **** Auto Build of configuration Debug for project AlarmSystem ****
make pre-build main-build 
a9-linaro-pre-build-step
' '
'Building file: ../src/clock.c'
'Invoking: ARM v7 gcc compiler'
arm-none-eabi-gcc -Wall -O0 -g3 -I../../AlarmSystem_bsp/ps7_cortexa9_0/include -I"C:\X_Projects\AlarmSystem\AlarmSystem.sdk\AlarmSystem" -I"C:\X_Projects\AlarmSystem\AlarmSystem.sdk\AlarmSystem\inc" -c -fmessage-length=0 -MT"src/clock.o" -mcpu=cortex-a9 -mfpu=vfpv3 -mfloat-abi=hard -MMD -MP -MF"src/clock.d" -MT"src/clock.o" -o "src/clock.o" "../src/clock.c"
../src/clock.c: In function 'Clock_GetTime':
../src/clock.c:89:15: warning: comparison between 'RTCC_Target' {aka 'enum RTCC_Target'} and 'enum Target' [-Wenum-compare]
    if (target != CLOCK_PWRD && target != CLOCK_PWRU) {
               ^~
../src/clock.c:89:39: warning: comparison between 'RTCC_Target' {aka 'enum RTCC_Target'} and 'enum Target' [-Wenum-compare]
    if (target != CLOCK_PWRD && target != CLOCK_PWRU) {
                                       ^~
'Finished building: ../src/clock.c'
' '
'Building file: ../src/main.c'
'Invoking: ARM v7 gcc compiler'
arm-none-eabi-gcc -Wall -O0 -g3 -I../../AlarmSystem_bsp/ps7_cortexa9_0/include -I"C:\X_Projects\AlarmSystem\AlarmSystem.sdk\AlarmSystem" -I"C:\X_Projects\AlarmSystem\AlarmSystem.sdk\AlarmSystem\inc" -c -fmessage-length=0 -MT"src/main.o" -mcpu=cortex-a9 -mfpu=vfpv3 -mfloat-abi=hard -MMD -MP -MF"src/main.d" -MT"src/main.o" -o "src/main.o" "../src/main.c"
../src/main.c: In function 'main':
../src/main.c:57:9: warning: unused variable 'secs' [-Wunused-variable]
     int secs = 30; // Number of seconds to increment
         ^~~~
../src/main.c:41:10: warning: unused variable 'alarm' [-Wunused-variable]
     Time alarm;
          ^~~~~
'Finished building: ../src/main.c'
' '
'Building target: AlarmSystem.elf'
'Invoking: ARM v7 gcc linker'
arm-none-eabi-gcc -mcpu=cortex-a9 -mfpu=vfpv3 -mfloat-abi=hard -Wl,-build-id=none -specs=Xilinx.spec -Wl,-T -Wl,../src/lscript.ld -L../../AlarmSystem_bsp/ps7_cortexa9_0/lib -o "AlarmSystem.elf"  ./src/clock.o ./src/data_handle.o ./src/interrupt_handler.o ./src/io.o ./src/main.o ./src/oled.o   -Wl,--start-group,-lxil,-lgcc,-lc,--end-group
'Finished building target: AlarmSystem.elf'
' '
'Invoking: ARM v7 Print Size'
arm-none-eabi-size AlarmSystem.elf  |tee "AlarmSystem.elf.size"
   text	   data	    bss	    dec	    hex	filename
  86888	   3544	  23568	 114000	  1bd50	AlarmSystem.elf
'Finished building: AlarmSystem.elf.size'
' '
15:17:23 **** Incremental Build of configuration Debug for project AlarmSystem ****
make pre-build main-build 
a9-linaro-pre-build-step
' '
make: Nothing to be done for 'main-build'.
15:18:15 **** Auto Build of configuration Debug for project AlarmSystem ****
make pre-build main-build 
a9-linaro-pre-build-step
' '
'Building file: ../src/clock.c'
'Invoking: ARM v7 gcc compiler'
arm-none-eabi-gcc -Wall -O0 -g3 -I../../AlarmSystem_bsp/ps7_cortexa9_0/include -I"C:\X_Projects\AlarmSystem\AlarmSystem.sdk\AlarmSystem" -I"C:\X_Projects\AlarmSystem\AlarmSystem.sdk\AlarmSystem\inc" -c -fmessage-length=0 -MT"src/clock.o" -mcpu=cortex-a9 -mfpu=vfpv3 -mfloat-abi=hard -MMD -MP -MF"src/clock.d" -MT"src/clock.o" -o "src/clock.o" "../src/clock.c"
../src/clock.c:110:6: error: conflicting types for 'Clock_GetTime'
 Time Clock_GetTime( RTCC_Target src) {
      ^~~~~~~~~~~~~
In file included from ../src/clock.c:6:
C:\X_Projects\AlarmSystem\AlarmSystem.sdk\AlarmSystem\inc/clock.h:40:6: note: previous declaration of 'Clock_GetTime' was here
 Time Clock_GetTime(Target src);
      ^~~~~~~~~~~~~
make: *** [src/subdir.mk:38: src/clock.o] Error 1
15:18:38 **** Auto Build of configuration Debug for project AlarmSystem ****
make pre-build main-build 
a9-linaro-pre-build-step
' '
'Building file: ../src/clock.c'
'Invoking: ARM v7 gcc compiler'
arm-none-eabi-gcc -Wall -O0 -g3 -I../../AlarmSystem_bsp/ps7_cortexa9_0/include -I"C:\X_Projects\AlarmSystem\AlarmSystem.sdk\AlarmSystem" -I"C:\X_Projects\AlarmSystem\AlarmSystem.sdk\AlarmSystem\inc" -c -fmessage-length=0 -MT"src/clock.o" -mcpu=cortex-a9 -mfpu=vfpv3 -mfloat-abi=hard -MMD -MP -MF"src/clock.d" -MT"src/clock.o" -o "src/clock.o" "../src/clock.c"
'Finished building: ../src/clock.c'
' '
'Building file: ../src/interrupt_handler.c'
'Invoking: ARM v7 gcc compiler'
arm-none-eabi-gcc -Wall -O0 -g3 -I../../AlarmSystem_bsp/ps7_cortexa9_0/include -I"C:\X_Projects\AlarmSystem\AlarmSystem.sdk\AlarmSystem" -I"C:\X_Projects\AlarmSystem\AlarmSystem.sdk\AlarmSystem\inc" -c -fmessage-length=0 -MT"src/interrupt_handler.o" -mcpu=cortex-a9 -mfpu=vfpv3 -mfloat-abi=hard -MMD -MP -MF"src/interrupt_handler.d" -MT"src/interrupt_handler.o" -o "src/interrupt_handler.o" "../src/interrupt_handler.c"
In file included from ../src/interrupt_handler.c:10:
C:\X_Projects\AlarmSystem\AlarmSystem.sdk\AlarmSystem\inc/io.h:9:14: warning: 'LedInstance' defined but not used [-Wunused-variable]
 static XGpio LedInstance;
              ^~~~~~~~~~~
'Finished building: ../src/interrupt_handler.c'
' '
'Building file: ../src/main.c'
'Invoking: ARM v7 gcc compiler'
arm-none-eabi-gcc -Wall -O0 -g3 -I../../AlarmSystem_bsp/ps7_cortexa9_0/include -I"C:\X_Projects\AlarmSystem\AlarmSystem.sdk\AlarmSystem" -I"C:\X_Projects\AlarmSystem\AlarmSystem.sdk\AlarmSystem\inc" -c -fmessage-length=0 -MT"src/main.o" -mcpu=cortex-a9 -mfpu=vfpv3 -mfloat-abi=hard -MMD -MP -MF"src/main.d" -MT"src/main.o" -o "src/main.o" "../src/main.c"
../src/main.c: In function 'main':
../src/main.c:57:9: warning: unused variable 'secs' [-Wunused-variable]
     int secs = 30; // Number of seconds to increment
         ^~~~
../src/main.c:41:10: warning: unused variable 'alarm' [-Wunused-variable]
     Time alarm;
          ^~~~~
'Finished building: ../src/main.c'
' '
'Building target: AlarmSystem.elf'
'Invoking: ARM v7 gcc linker'
arm-none-eabi-gcc -mcpu=cortex-a9 -mfpu=vfpv3 -mfloat-abi=hard -Wl,-build-id=none -specs=Xilinx.spec -Wl,-T -Wl,../src/lscript.ld -L../../AlarmSystem_bsp/ps7_cortexa9_0/lib -o "AlarmSystem.elf"  ./src/clock.o ./src/data_handle.o ./src/interrupt_handler.o ./src/io.o ./src/main.o ./src/oled.o   -Wl,--start-group,-lxil,-lgcc,-lc,--end-group
'Finished building target: AlarmSystem.elf'
' '
'Invoking: ARM v7 Print Size'
arm-none-eabi-size AlarmSystem.elf  |tee "AlarmSystem.elf.size"
   text	   data	    bss	    dec	    hex	filename
  86760	   3544	  23568	 113872	  1bcd0	AlarmSystem.elf
'Finished building: AlarmSystem.elf.size'
' '
15:19:19 **** Auto Build of configuration Debug for project AlarmSystem ****
make pre-build main-build 
a9-linaro-pre-build-step
' '
'Building file: ../src/main.c'
'Invoking: ARM v7 gcc compiler'
arm-none-eabi-gcc -Wall -O0 -g3 -I../../AlarmSystem_bsp/ps7_cortexa9_0/include -I"C:\X_Projects\AlarmSystem\AlarmSystem.sdk\AlarmSystem" -I"C:\X_Projects\AlarmSystem\AlarmSystem.sdk\AlarmSystem\inc" -c -fmessage-length=0 -MT"src/main.o" -mcpu=cortex-a9 -mfpu=vfpv3 -mfloat-abi=hard -MMD -MP -MF"src/main.d" -MT"src/main.o" -o "src/main.o" "../src/main.c"
../src/main.c: In function 'main':
../src/main.c:41:10: warning: unused variable 'alarm' [-Wunused-variable]
     Time alarm;
          ^~~~~
'Finished building: ../src/main.c'
' '
'Building target: AlarmSystem.elf'
'Invoking: ARM v7 gcc linker'
arm-none-eabi-gcc -mcpu=cortex-a9 -mfpu=vfpv3 -mfloat-abi=hard -Wl,-build-id=none -specs=Xilinx.spec -Wl,-T -Wl,../src/lscript.ld -L../../AlarmSystem_bsp/ps7_cortexa9_0/lib -o "AlarmSystem.elf"  ./src/clock.o ./src/data_handle.o ./src/interrupt_handler.o ./src/io.o ./src/main.o ./src/oled.o   -Wl,--start-group,-lxil,-lgcc,-lc,--end-group
'Finished building target: AlarmSystem.elf'
' '
'Invoking: ARM v7 Print Size'
arm-none-eabi-size AlarmSystem.elf  |tee "AlarmSystem.elf.size"
   text	   data	    bss	    dec	    hex	filename
  86760	   3544	  23568	 113872	  1bcd0	AlarmSystem.elf
'Finished building: AlarmSystem.elf.size'
' '
15:19:31 **** Auto Build of configuration Debug for project AlarmSystem ****
make pre-build main-build 
a9-linaro-pre-build-step
' '
'Building file: ../src/clock.c'
'Invoking: ARM v7 gcc compiler'
arm-none-eabi-gcc -Wall -O0 -g3 -I../../AlarmSystem_bsp/ps7_cortexa9_0/include -I"C:\X_Projects\AlarmSystem\AlarmSystem.sdk\AlarmSystem" -I"C:\X_Projects\AlarmSystem\AlarmSystem.sdk\AlarmSystem\inc" -c -fmessage-length=0 -MT"src/clock.o" -mcpu=cortex-a9 -mfpu=vfpv3 -mfloat-abi=hard -MMD -MP -MF"src/clock.d" -MT"src/clock.o" -o "src/clock.o" "../src/clock.c"
'Finished building: ../src/clock.c'
' '
'Building target: AlarmSystem.elf'
'Invoking: ARM v7 gcc linker'
arm-none-eabi-gcc -mcpu=cortex-a9 -mfpu=vfpv3 -mfloat-abi=hard -Wl,-build-id=none -specs=Xilinx.spec -Wl,-T -Wl,../src/lscript.ld -L../../AlarmSystem_bsp/ps7_cortexa9_0/lib -o "AlarmSystem.elf"  ./src/clock.o ./src/data_handle.o ./src/interrupt_handler.o ./src/io.o ./src/main.o ./src/oled.o   -Wl,--start-group,-lxil,-lgcc,-lc,--end-group
'Finished building target: AlarmSystem.elf'
' '
'Invoking: ARM v7 Print Size'
arm-none-eabi-size AlarmSystem.elf  |tee "AlarmSystem.elf.size"
   text	   data	    bss	    dec	    hex	filename
  86760	   3544	  23568	 113872	  1bcd0	AlarmSystem.elf
'Finished building: AlarmSystem.elf.size'
' '
15:19:37 **** Incremental Build of configuration Debug for project AlarmSystem ****
make pre-build main-build 
a9-linaro-pre-build-step
' '
make: Nothing to be done for 'main-build'.
15:20:07 **** Auto Build of configuration Debug for project AlarmSystem ****
make pre-build main-build 
a9-linaro-pre-build-step
' '
'Building file: ../src/clock.c'
'Invoking: ARM v7 gcc compiler'
arm-none-eabi-gcc -Wall -O0 -g3 -I../../AlarmSystem_bsp/ps7_cortexa9_0/include -I"C:\X_Projects\AlarmSystem\AlarmSystem.sdk\AlarmSystem" -I"C:\X_Projects\AlarmSystem\AlarmSystem.sdk\AlarmSystem\inc" -c -fmessage-length=0 -MT"src/clock.o" -mcpu=cortex-a9 -mfpu=vfpv3 -mfloat-abi=hard -MMD -MP -MF"src/clock.d" -MT"src/clock.o" -o "src/clock.o" "../src/clock.c"
../src/clock.c:68:6: error: conflicting types for 'Clock_GetTime'
 Time Clock_GetTime( Target src) {
      ^~~~~~~~~~~~~
In file included from ../src/clock.c:6:
C:\X_Projects\AlarmSystem\AlarmSystem.sdk\AlarmSystem\inc/clock.h:41:6: note: previous declaration of 'Clock_GetTime' was here
 Time Clock_GetTime( RTCC_Target src);
      ^~~~~~~~~~~~~
../src/clock.c: In function 'Clock_GetTime':
../src/clock.c:89:15: warning: comparison between 'RTCC_Target' {aka 'enum RTCC_Target'} and 'enum Target' [-Wenum-compare]
    if (target != CLOCK_PWRD && target != CLOCK_PWRU) {
               ^~
../src/clock.c:89:39: warning: comparison between 'RTCC_Target' {aka 'enum RTCC_Target'} and 'enum Target' [-Wenum-compare]
    if (target != CLOCK_PWRD && target != CLOCK_PWRU) {
                                       ^~
make: *** [src/subdir.mk:38: src/clock.o] Error 1
15:20:18 **** Auto Build of configuration Debug for project AlarmSystem ****
make pre-build main-build 
a9-linaro-pre-build-step
' '
'Building file: ../src/clock.c'
'Invoking: ARM v7 gcc compiler'
arm-none-eabi-gcc -Wall -O0 -g3 -I../../AlarmSystem_bsp/ps7_cortexa9_0/include -I"C:\X_Projects\AlarmSystem\AlarmSystem.sdk\AlarmSystem" -I"C:\X_Projects\AlarmSystem\AlarmSystem.sdk\AlarmSystem\inc" -c -fmessage-length=0 -MT"src/clock.o" -mcpu=cortex-a9 -mfpu=vfpv3 -mfloat-abi=hard -MMD -MP -MF"src/clock.d" -MT"src/clock.o" -o "src/clock.o" "../src/clock.c"
../src/clock.c: In function 'Clock_GetTime':
../src/clock.c:89:15: warning: comparison between 'RTCC_Target' {aka 'enum RTCC_Target'} and 'enum Target' [-Wenum-compare]
    if (target != CLOCK_PWRD && target != CLOCK_PWRU) {
               ^~
../src/clock.c:89:39: warning: comparison between 'RTCC_Target' {aka 'enum RTCC_Target'} and 'enum Target' [-Wenum-compare]
    if (target != CLOCK_PWRD && target != CLOCK_PWRU) {
                                       ^~
'Finished building: ../src/clock.c'
' '
'Building file: ../src/interrupt_handler.c'
'Invoking: ARM v7 gcc compiler'
arm-none-eabi-gcc -Wall -O0 -g3 -I../../AlarmSystem_bsp/ps7_cortexa9_0/include -I"C:\X_Projects\AlarmSystem\AlarmSystem.sdk\AlarmSystem" -I"C:\X_Projects\AlarmSystem\AlarmSystem.sdk\AlarmSystem\inc" -c -fmessage-length=0 -MT"src/interrupt_handler.o" -mcpu=cortex-a9 -mfpu=vfpv3 -mfloat-abi=hard -MMD -MP -MF"src/interrupt_handler.d" -MT"src/interrupt_handler.o" -o "src/interrupt_handler.o" "../src/interrupt_handler.c"
In file included from ../src/interrupt_handler.c:10:
C:\X_Projects\AlarmSystem\AlarmSystem.sdk\AlarmSystem\inc/io.h:9:14: warning: 'LedInstance' defined but not used [-Wunused-variable]
 static XGpio LedInstance;
              ^~~~~~~~~~~
'Finished building: ../src/interrupt_handler.c'
' '
'Building file: ../src/main.c'
'Invoking: ARM v7 gcc compiler'
arm-none-eabi-gcc -Wall -O0 -g3 -I../../AlarmSystem_bsp/ps7_cortexa9_0/include -I"C:\X_Projects\AlarmSystem\AlarmSystem.sdk\AlarmSystem" -I"C:\X_Projects\AlarmSystem\AlarmSystem.sdk\AlarmSystem\inc" -c -fmessage-length=0 -MT"src/main.o" -mcpu=cortex-a9 -mfpu=vfpv3 -mfloat-abi=hard -MMD -MP -MF"src/main.d" -MT"src/main.o" -o "src/main.o" "../src/main.c"
../src/main.c: In function 'main':
../src/main.c:41:10: warning: unused variable 'alarm' [-Wunused-variable]
     Time alarm;
          ^~~~~
'Finished building: ../src/main.c'
' '
'Building target: AlarmSystem.elf'
'Invoking: ARM v7 gcc linker'
arm-none-eabi-gcc -mcpu=cortex-a9 -mfpu=vfpv3 -mfloat-abi=hard -Wl,-build-id=none -specs=Xilinx.spec -Wl,-T -Wl,../src/lscript.ld -L../../AlarmSystem_bsp/ps7_cortexa9_0/lib -o "AlarmSystem.elf"  ./src/clock.o ./src/data_handle.o ./src/interrupt_handler.o ./src/io.o ./src/main.o ./src/oled.o   -Wl,--start-group,-lxil,-lgcc,-lc,--end-group
'Finished building target: AlarmSystem.elf'
' '
'Invoking: ARM v7 Print Size'
arm-none-eabi-size AlarmSystem.elf  |tee "AlarmSystem.elf.size"
   text	   data	    bss	    dec	    hex	filename
  86888	   3544	  23568	 114000	  1bd50	AlarmSystem.elf
'Finished building: AlarmSystem.elf.size'
' '
15:20:34 **** Auto Build of configuration Debug for project AlarmSystem ****
make pre-build main-build 
a9-linaro-pre-build-step
' '
'Building file: ../src/clock.c'
'Invoking: ARM v7 gcc compiler'
arm-none-eabi-gcc -Wall -O0 -g3 -I../../AlarmSystem_bsp/ps7_cortexa9_0/include -I"C:\X_Projects\AlarmSystem\AlarmSystem.sdk\AlarmSystem" -I"C:\X_Projects\AlarmSystem\AlarmSystem.sdk\AlarmSystem\inc" -c -fmessage-length=0 -MT"src/clock.o" -mcpu=cortex-a9 -mfpu=vfpv3 -mfloat-abi=hard -MMD -MP -MF"src/clock.d" -MT"src/clock.o" -o "src/clock.o" "../src/clock.c"
../src/clock.c:32:6: error: conflicting types for 'Clock_Init'
 void Clock_Init(u8 mode) {
      ^~~~~~~~~~
../src/clock.c:32:1: note: an argument type that has a default promotion can't match an empty parameter name list declaration
 void Clock_Init(u8 mode) {
 ^~~~
In file included from ../src/clock.c:6:
C:\X_Projects\AlarmSystem\AlarmSystem.sdk\AlarmSystem\inc/clock.h:20:6: note: previous declaration of 'Clock_Init' was here
 void Clock_Init();
      ^~~~~~~~~~
../src/clock.c: In function 'Clock_Init':
../src/clock.c:50:23: error: 'CLOCK' undeclared (first use in this function); did you mean 'CLOCK_H'?
   Clock_SetTime(time, CLOCK);
                       ^~~~~
                       CLOCK_H
../src/clock.c:50:23: note: each undeclared identifier is reported only once for each function it appears in
../src/clock.c:50:17: error: incompatible type for argument 1 of 'Clock_SetTime'
   Clock_SetTime(time, CLOCK);
                 ^~~~
In file included from ../src/clock.c:6:
C:\X_Projects\AlarmSystem\AlarmSystem.sdk\AlarmSystem\inc/clock.h:23:33: note: expected 'RTCC_Target' {aka 'enum RTCC_Target'} but argument is of type 'Time' {aka 'struct <anonymous>'}
 void Clock_SetTime( RTCC_Target dest, Time val);
                     ~~~~~~~~~~~~^~~~
../src/clock.c: At top level:
../src/clock.c:68:21: error: unknown type name 'Target'
 Time Clock_GetTime( Target src) {
                     ^~~~~~
../src/clock.c:111:30: error: unknown type name 'Target'
 void Clock_SetTime(Time val, Target t) {
                              ^~~~~~
../src/clock.c: In function 'Clock_SetAlarm':
../src/clock.c:125:22: error: 'MAIN_ALARM' undeclared (first use in this function)
  Clock_SetTime(time, MAIN_ALARM ); //set the time
                      ^~~~~~~~~~
../src/clock.c:125:16: error: incompatible type for argument 1 of 'Clock_SetTime'
  Clock_SetTime(time, MAIN_ALARM ); //set the time
                ^~~~
In file included from ../src/clock.c:6:
C:\X_Projects\AlarmSystem\AlarmSystem.sdk\AlarmSystem\inc/clock.h:23:33: note: expected 'RTCC_Target' {aka 'enum RTCC_Target'} but argument is of type 'Time' {aka 'struct <anonymous>'}
 void Clock_SetTime( RTCC_Target dest, Time val);
                     ~~~~~~~~~~~~^~~~
../src/clock.c:129:4: error: 'ALARM_CONFIG' undeclared (first use in this function)
    ALARM_CONFIG);
    ^~~~~~~~~~~~
make: *** [src/subdir.mk:38: src/clock.o] Error 1
15:20:36 **** Auto Build of configuration Debug for project AlarmSystem ****
make pre-build main-build 
a9-linaro-pre-build-step
' '
'Building file: ../src/clock.c'
'Invoking: ARM v7 gcc compiler'
arm-none-eabi-gcc -Wall -O0 -g3 -I../../AlarmSystem_bsp/ps7_cortexa9_0/include -I"C:\X_Projects\AlarmSystem\AlarmSystem.sdk\AlarmSystem" -I"C:\X_Projects\AlarmSystem\AlarmSystem.sdk\AlarmSystem\inc" -c -fmessage-length=0 -MT"src/clock.o" -mcpu=cortex-a9 -mfpu=vfpv3 -mfloat-abi=hard -MMD -MP -MF"src/clock.d" -MT"src/clock.o" -o "src/clock.o" "../src/clock.c"
'Finished building: ../src/clock.c'
' '
'Building file: ../src/interrupt_handler.c'
'Invoking: ARM v7 gcc compiler'
arm-none-eabi-gcc -Wall -O0 -g3 -I../../AlarmSystem_bsp/ps7_cortexa9_0/include -I"C:\X_Projects\AlarmSystem\AlarmSystem.sdk\AlarmSystem" -I"C:\X_Projects\AlarmSystem\AlarmSystem.sdk\AlarmSystem\inc" -c -fmessage-length=0 -MT"src/interrupt_handler.o" -mcpu=cortex-a9 -mfpu=vfpv3 -mfloat-abi=hard -MMD -MP -MF"src/interrupt_handler.d" -MT"src/interrupt_handler.o" -o "src/interrupt_handler.o" "../src/interrupt_handler.c"
In file included from ../src/interrupt_handler.c:10:
C:\X_Projects\AlarmSystem\AlarmSystem.sdk\AlarmSystem\inc/io.h:9:14: warning: 'LedInstance' defined but not used [-Wunused-variable]
 static XGpio LedInstance;
              ^~~~~~~~~~~
'Finished building: ../src/interrupt_handler.c'
' '
'Building file: ../src/main.c'
'Invoking: ARM v7 gcc compiler'
arm-none-eabi-gcc -Wall -O0 -g3 -I../../AlarmSystem_bsp/ps7_cortexa9_0/include -I"C:\X_Projects\AlarmSystem\AlarmSystem.sdk\AlarmSystem" -I"C:\X_Projects\AlarmSystem\AlarmSystem.sdk\AlarmSystem\inc" -c -fmessage-length=0 -MT"src/main.o" -mcpu=cortex-a9 -mfpu=vfpv3 -mfloat-abi=hard -MMD -MP -MF"src/main.d" -MT"src/main.o" -o "src/main.o" "../src/main.c"
../src/main.c: In function 'main':
../src/main.c:46:16: error: 'SET_CLOCK' undeclared (first use in this function)
     Clock_Init(SET_CLOCK);
                ^~~~~~~~~
../src/main.c:46:16: note: each undeclared identifier is reported only once for each function it appears in
../src/main.c:66:37: error: 'CLOCK' undeclared (first use in this function); did you mean 'CLOCK_H'?
         currentTime = Clock_GetTime(CLOCK);
                                     ^~~~~
                                     CLOCK_H
../src/main.c:41:10: warning: unused variable 'alarm' [-Wunused-variable]
     Time alarm;
          ^~~~~
../src/main.c: In function 'FormatDate':
../src/main.c:101:43: error: 'weekdays' undeclared (first use in this function)
     snprintf(buffer, 30, "%s %x/%x/%04d", weekdays[time.day], time.month, time.date, intYear + 2000);
                                           ^~~~~~~~
make: *** [src/subdir.mk:38: src/main.o] Error 1
15:20:52 **** Auto Build of configuration Debug for project AlarmSystem ****
make pre-build main-build 
a9-linaro-pre-build-step
' '
'Building file: ../src/main.c'
'Invoking: ARM v7 gcc compiler'
arm-none-eabi-gcc -Wall -O0 -g3 -I../../AlarmSystem_bsp/ps7_cortexa9_0/include -I"C:\X_Projects\AlarmSystem\AlarmSystem.sdk\AlarmSystem" -I"C:\X_Projects\AlarmSystem\AlarmSystem.sdk\AlarmSystem\inc" -c -fmessage-length=0 -MT"src/main.o" -mcpu=cortex-a9 -mfpu=vfpv3 -mfloat-abi=hard -MMD -MP -MF"src/main.d" -MT"src/main.o" -o "src/main.o" "../src/main.c"
'Finished building: ../src/main.c'
' '
'Building target: AlarmSystem.elf'
'Invoking: ARM v7 gcc linker'
arm-none-eabi-gcc -mcpu=cortex-a9 -mfpu=vfpv3 -mfloat-abi=hard -Wl,-build-id=none -specs=Xilinx.spec -Wl,-T -Wl,../src/lscript.ld -L../../AlarmSystem_bsp/ps7_cortexa9_0/lib -o "AlarmSystem.elf"  ./src/clock.o ./src/data_handle.o ./src/interrupt_handler.o ./src/io.o ./src/main.o ./src/oled.o   -Wl,--start-group,-lxil,-lgcc,-lc,--end-group
c:/xilinx/sdk/2019.1/gnu/aarch32/nt/gcc-arm-none-eabi/bin/../lib/gcc/arm-none-eabi/8.2.0/../../../../arm-none-eabi/bin/ld.exe: ./src/data_handle.o: in function `int2bcd':
C:\X_Projects\AlarmSystem\AlarmSystem.sdk\AlarmSystem\Debug/../src/data_handle.c:3: multiple definition of `int2bcd'; ./src/clock.o:C:\X_Projects\AlarmSystem\AlarmSystem.sdk\AlarmSystem\Debug/../src/clock.c:152: first defined here
c:/xilinx/sdk/2019.1/gnu/aarch32/nt/gcc-arm-none-eabi/bin/../lib/gcc/arm-none-eabi/8.2.0/../../../../arm-none-eabi/bin/ld.exe: ./src/data_handle.o: in function `bcd2int':
C:\X_Projects\AlarmSystem\AlarmSystem.sdk\AlarmSystem\Debug/../src/data_handle.c:7: multiple definition of `bcd2int'; ./src/clock.o:C:\X_Projects\AlarmSystem\AlarmSystem.sdk\AlarmSystem\Debug/../src/clock.c:148: first defined here
c:/xilinx/sdk/2019.1/gnu/aarch32/nt/gcc-arm-none-eabi/bin/../lib/gcc/arm-none-eabi/8.2.0/../../../../arm-none-eabi/bin/ld.exe: ./src/main.o: in function `main':
C:\X_Projects\AlarmSystem\AlarmSystem.sdk\AlarmSystem\Debug/../src/main.c:55: undefined reference to `OLED_DisplayDate'
collect2.exe: error: ld returned 1 exit status
make: *** [makefile:41: AlarmSystem.elf] Error 1
15:21:17 **** Auto Build of configuration Debug for project AlarmSystem ****
make pre-build main-build 
a9-linaro-pre-build-step
' '
'Building file: ../src/main.c'
'Invoking: ARM v7 gcc compiler'
arm-none-eabi-gcc -Wall -O0 -g3 -I../../AlarmSystem_bsp/ps7_cortexa9_0/include -I"C:\X_Projects\AlarmSystem\AlarmSystem.sdk\AlarmSystem" -I"C:\X_Projects\AlarmSystem\AlarmSystem.sdk\AlarmSystem\inc" -c -fmessage-length=0 -MT"src/main.o" -mcpu=cortex-a9 -mfpu=vfpv3 -mfloat-abi=hard -MMD -MP -MF"src/main.d" -MT"src/main.o" -o "src/main.o" "../src/main.c"
'Finished building: ../src/main.c'
' '
'Building target: AlarmSystem.elf'
'Invoking: ARM v7 gcc linker'
arm-none-eabi-gcc -mcpu=cortex-a9 -mfpu=vfpv3 -mfloat-abi=hard -Wl,-build-id=none -specs=Xilinx.spec -Wl,-T -Wl,../src/lscript.ld -L../../AlarmSystem_bsp/ps7_cortexa9_0/lib -o "AlarmSystem.elf"  ./src/clock.o ./src/data_handle.o ./src/interrupt_handler.o ./src/io.o ./src/main.o ./src/oled.o   -Wl,--start-group,-lxil,-lgcc,-lc,--end-group
c:/xilinx/sdk/2019.1/gnu/aarch32/nt/gcc-arm-none-eabi/bin/../lib/gcc/arm-none-eabi/8.2.0/../../../../arm-none-eabi/bin/ld.exe: ./src/data_handle.o: in function `int2bcd':
C:\X_Projects\AlarmSystem\AlarmSystem.sdk\AlarmSystem\Debug/../src/data_handle.c:3: multiple definition of `int2bcd'; ./src/clock.o:C:\X_Projects\AlarmSystem\AlarmSystem.sdk\AlarmSystem\Debug/../src/clock.c:152: first defined here
c:/xilinx/sdk/2019.1/gnu/aarch32/nt/gcc-arm-none-eabi/bin/../lib/gcc/arm-none-eabi/8.2.0/../../../../arm-none-eabi/bin/ld.exe: ./src/data_handle.o: in function `bcd2int':
C:\X_Projects\AlarmSystem\AlarmSystem.sdk\AlarmSystem\Debug/../src/data_handle.c:7: multiple definition of `bcd2int'; ./src/clock.o:C:\X_Projects\AlarmSystem\AlarmSystem.sdk\AlarmSystem\Debug/../src/clock.c:148: first defined here
collect2.exe: error: ld returned 1 exit status
make: *** [makefile:41: AlarmSystem.elf] Error 1
15:21:32 **** Auto Build of configuration Debug for project AlarmSystem ****
make pre-build main-build 
a9-linaro-pre-build-step
' '
'Building file: ../src/data_handle.c'
'Invoking: ARM v7 gcc compiler'
arm-none-eabi-gcc -Wall -O0 -g3 -I../../AlarmSystem_bsp/ps7_cortexa9_0/include -I"C:\X_Projects\AlarmSystem\AlarmSystem.sdk\AlarmSystem" -I"C:\X_Projects\AlarmSystem\AlarmSystem.sdk\AlarmSystem\inc" -c -fmessage-length=0 -MT"src/data_handle.o" -mcpu=cortex-a9 -mfpu=vfpv3 -mfloat-abi=hard -MMD -MP -MF"src/data_handle.d" -MT"src/data_handle.o" -o "src/data_handle.o" "../src/data_handle.c"
'Finished building: ../src/data_handle.c'
' '
'Building target: AlarmSystem.elf'
'Invoking: ARM v7 gcc linker'
arm-none-eabi-gcc -mcpu=cortex-a9 -mfpu=vfpv3 -mfloat-abi=hard -Wl,-build-id=none -specs=Xilinx.spec -Wl,-T -Wl,../src/lscript.ld -L../../AlarmSystem_bsp/ps7_cortexa9_0/lib -o "AlarmSystem.elf"  ./src/clock.o ./src/data_handle.o ./src/interrupt_handler.o ./src/io.o ./src/main.o ./src/oled.o   -Wl,--start-group,-lxil,-lgcc,-lc,--end-group
'Finished building target: AlarmSystem.elf'
' '
'Invoking: ARM v7 Print Size'
arm-none-eabi-size AlarmSystem.elf  |tee "AlarmSystem.elf.size"
   text	   data	    bss	    dec	    hex	filename
  94620	   3464	  23568	 121652	  1db34	AlarmSystem.elf
'Finished building: AlarmSystem.elf.size'
' '
15:21:35 **** Auto Build of configuration Debug for project AlarmSystem ****
make pre-build main-build 
a9-linaro-pre-build-step
' '
'Building file: ../src/main.c'
'Invoking: ARM v7 gcc compiler'
arm-none-eabi-gcc -Wall -O0 -g3 -I../../AlarmSystem_bsp/ps7_cortexa9_0/include -I"C:\X_Projects\AlarmSystem\AlarmSystem.sdk\AlarmSystem" -I"C:\X_Projects\AlarmSystem\AlarmSystem.sdk\AlarmSystem\inc" -c -fmessage-length=0 -MT"src/main.o" -mcpu=cortex-a9 -mfpu=vfpv3 -mfloat-abi=hard -MMD -MP -MF"src/main.d" -MT"src/main.o" -o "src/main.o" "../src/main.c"
../src/main.c: In function 'main':
../src/main.c:67:25: error: 'myOLED' undeclared (first use in this function); did you mean 'OLED'?
         OLED_Terminate(&myOLED);
                         ^~~~~~
                         OLED
../src/main.c:67:25: note: each undeclared identifier is reported only once for each function it appears in
make: *** [src/subdir.mk:38: src/main.o] Error 1
15:21:38 **** Auto Build of configuration Debug for project AlarmSystem ****
make pre-build main-build 
a9-linaro-pre-build-step
' '
'Building file: ../src/main.c'
'Invoking: ARM v7 gcc compiler'
arm-none-eabi-gcc -Wall -O0 -g3 -I../../AlarmSystem_bsp/ps7_cortexa9_0/include -I"C:\X_Projects\AlarmSystem\AlarmSystem.sdk\AlarmSystem" -I"C:\X_Projects\AlarmSystem\AlarmSystem.sdk\AlarmSystem\inc" -c -fmessage-length=0 -MT"src/main.o" -mcpu=cortex-a9 -mfpu=vfpv3 -mfloat-abi=hard -MMD -MP -MF"src/main.d" -MT"src/main.o" -o "src/main.o" "../src/main.c"
'Finished building: ../src/main.c'
' '
'Building target: AlarmSystem.elf'
'Invoking: ARM v7 gcc linker'
arm-none-eabi-gcc -mcpu=cortex-a9 -mfpu=vfpv3 -mfloat-abi=hard -Wl,-build-id=none -specs=Xilinx.spec -Wl,-T -Wl,../src/lscript.ld -L../../AlarmSystem_bsp/ps7_cortexa9_0/lib -o "AlarmSystem.elf"  ./src/clock.o ./src/data_handle.o ./src/interrupt_handler.o ./src/io.o ./src/main.o ./src/oled.o   -Wl,--start-group,-lxil,-lgcc,-lc,--end-group
'Finished building target: AlarmSystem.elf'
' '
'Invoking: ARM v7 Print Size'
arm-none-eabi-size AlarmSystem.elf  |tee "AlarmSystem.elf.size"
   text	   data	    bss	    dec	    hex	filename
  94620	   3464	  23568	 121652	  1db34	AlarmSystem.elf
'Finished building: AlarmSystem.elf.size'
' '
15:21:44 **** Incremental Build of configuration Debug for project AlarmSystem ****
make pre-build main-build 
a9-linaro-pre-build-step
' '
make: Nothing to be done for 'main-build'.
15:22:59 **** Auto Build of configuration Debug for project AlarmSystem ****
make pre-build main-build 
a9-linaro-pre-build-step
' '
'Building file: ../src/main.c'
'Invoking: ARM v7 gcc compiler'
arm-none-eabi-gcc -Wall -O0 -g3 -I../../AlarmSystem_bsp/ps7_cortexa9_0/include -I"C:\X_Projects\AlarmSystem\AlarmSystem.sdk\AlarmSystem" -I"C:\X_Projects\AlarmSystem\AlarmSystem.sdk\AlarmSystem\inc" -c -fmessage-length=0 -MT"src/main.o" -mcpu=cortex-a9 -mfpu=vfpv3 -mfloat-abi=hard -MMD -MP -MF"src/main.d" -MT"src/main.o" -o "src/main.o" "../src/main.c"
../src/main.c: In function 'main':
../src/main.c:46:16: error: 'SET_CLOCK' undeclared (first use in this function)
     Clock_Init(SET_CLOCK);
                ^~~~~~~~~
../src/main.c:46:16: note: each undeclared identifier is reported only once for each function it appears in
../src/main.c:56:33: error: 'CLOCK' undeclared (first use in this function); did you mean 'CLOCK_H'?
     currentTime = Clock_GetTime(CLOCK);
                                 ^~~~~
                                 CLOCK_H
../src/main.c:68:24: error: 'MAIN_ALARM' undeclared (first use in this function); did you mean 'ALARM'?
  alarm = Clock_GetTime(MAIN_ALARM);
                        ^~~~~~~~~~
                        ALARM
../src/main.c:76:5: warning: implicit declaration of function 'Clock_CheckAlarm'; did you mean 'Clock_SetAlarm'? [-Wimplicit-function-declaration]
  if(Clock_CheckAlarm()){
     ^~~~~~~~~~~~~~~~
     Clock_SetAlarm
../src/main.c: In function 'FormatDate':
../src/main.c:110:43: error: 'weekdays' undeclared (first use in this function)
     snprintf(buffer, 30, "%s %x/%x/%04d", weekdays[time.day], time.month, time.date, intYear + 2000);
                                           ^~~~~~~~
make: *** [src/subdir.mk:38: src/main.o] Error 1
15:23:02 **** Auto Build of configuration Debug for project AlarmSystem ****
make pre-build main-build 
a9-linaro-pre-build-step
' '
'Building file: ../src/clock.c'
'Invoking: ARM v7 gcc compiler'
arm-none-eabi-gcc -Wall -O0 -g3 -I../../AlarmSystem_bsp/ps7_cortexa9_0/include -I"C:\X_Projects\AlarmSystem\AlarmSystem.sdk\AlarmSystem" -I"C:\X_Projects\AlarmSystem\AlarmSystem.sdk\AlarmSystem\inc" -c -fmessage-length=0 -MT"src/clock.o" -mcpu=cortex-a9 -mfpu=vfpv3 -mfloat-abi=hard -MMD -MP -MF"src/clock.d" -MT"src/clock.o" -o "src/clock.o" "../src/clock.c"
'Finished building: ../src/clock.c'
' '
'Building file: ../src/main.c'
'Invoking: ARM v7 gcc compiler'
arm-none-eabi-gcc -Wall -O0 -g3 -I../../AlarmSystem_bsp/ps7_cortexa9_0/include -I"C:\X_Projects\AlarmSystem\AlarmSystem.sdk\AlarmSystem" -I"C:\X_Projects\AlarmSystem\AlarmSystem.sdk\AlarmSystem\inc" -c -fmessage-length=0 -MT"src/main.o" -mcpu=cortex-a9 -mfpu=vfpv3 -mfloat-abi=hard -MMD -MP -MF"src/main.d" -MT"src/main.o" -o "src/main.o" "../src/main.c"
../src/main.c: In function 'main':
../src/main.c:46:16: error: 'SET_CLOCK' undeclared (first use in this function)
     Clock_Init(SET_CLOCK);
                ^~~~~~~~~
../src/main.c:46:16: note: each undeclared identifier is reported only once for each function it appears in
../src/main.c:56:33: error: 'CLOCK' undeclared (first use in this function); did you mean 'CLOCK_H'?
     currentTime = Clock_GetTime(CLOCK);
                                 ^~~~~
                                 CLOCK_H
../src/main.c:68:24: error: 'MAIN_ALARM' undeclared (first use in this function); did you mean 'ALARM'?
  alarm = Clock_GetTime(MAIN_ALARM);
                        ^~~~~~~~~~
                        ALARM
../src/main.c:76:5: warning: implicit declaration of function 'Clock_CheckAlarm'; did you mean 'Clock_SetAlarm'? [-Wimplicit-function-declaration]
  if(Clock_CheckAlarm()){
     ^~~~~~~~~~~~~~~~
     Clock_SetAlarm
../src/main.c: In function 'FormatDate':
../src/main.c:110:43: error: 'weekdays' undeclared (first use in this function)
     snprintf(buffer, 30, "%s %x/%x/%04d", weekdays[time.day], time.month, time.date, intYear + 2000);
                                           ^~~~~~~~
make: *** [src/subdir.mk:38: src/main.o] Error 1
15:23:08 **** Auto Build of configuration Debug for project AlarmSystem ****
make pre-build main-build 
a9-linaro-pre-build-step
' '
'Building file: ../src/clock.c'
'Invoking: ARM v7 gcc compiler'
arm-none-eabi-gcc -Wall -O0 -g3 -I../../AlarmSystem_bsp/ps7_cortexa9_0/include -I"C:\X_Projects\AlarmSystem\AlarmSystem.sdk\AlarmSystem" -I"C:\X_Projects\AlarmSystem\AlarmSystem.sdk\AlarmSystem\inc" -c -fmessage-length=0 -MT"src/clock.o" -mcpu=cortex-a9 -mfpu=vfpv3 -mfloat-abi=hard -MMD -MP -MF"src/clock.d" -MT"src/clock.o" -o "src/clock.o" "../src/clock.c"
../src/clock.c: In function 'Clock_Init':
../src/clock.c:21:1: error: number of arguments doesn't match prototype
 void Clock_Init() {
 ^~~~
In file included from ../src/clock.c:6:
C:\X_Projects\AlarmSystem\AlarmSystem.sdk\AlarmSystem\inc/clock.h:37:6: error: prototype declaration
 void Clock_Init(u8 mode);
      ^~~~~~~~~~
../src/clock.c: At top level:
../src/clock.c:57:6: error: conflicting types for 'Clock_GetTime'
 Time Clock_GetTime( RTCC_Target src) {
      ^~~~~~~~~~~~~
In file included from ../src/clock.c:6:
C:\X_Projects\AlarmSystem\AlarmSystem.sdk\AlarmSystem\inc/clock.h:40:6: note: previous declaration of 'Clock_GetTime' was here
 Time Clock_GetTime(Target src);
      ^~~~~~~~~~~~~
../src/clock.c:99:6: error: conflicting types for 'Clock_SetTime'
 void Clock_SetTime(RTCC_Target dest, Time val) {
      ^~~~~~~~~~~~~
In file included from ../src/clock.c:6:
C:\X_Projects\AlarmSystem\AlarmSystem.sdk\AlarmSystem\inc/clock.h:41:6: note: previous declaration of 'Clock_SetTime' was here
 void Clock_SetTime(Time val, Target t);
      ^~~~~~~~~~~~~
../src/clock.c: In function 'Clock_SetAlarm':
../src/clock.c:130:1: error: number of arguments doesn't match prototype
 void Clock_SetAlarm() {
 ^~~~
In file included from ../src/clock.c:6:
C:\X_Projects\AlarmSystem\AlarmSystem.sdk\AlarmSystem\inc/clock.h:42:6: error: prototype declaration
 void Clock_SetAlarm(Time time);
      ^~~~~~~~~~~~~~
make: *** [src/subdir.mk:38: src/clock.o] Error 1
15:23:10 **** Auto Build of configuration Debug for project AlarmSystem ****
make pre-build main-build 
a9-linaro-pre-build-step
' '
'Building file: ../src/clock.c'
'Invoking: ARM v7 gcc compiler'
arm-none-eabi-gcc -Wall -O0 -g3 -I../../AlarmSystem_bsp/ps7_cortexa9_0/include -I"C:\X_Projects\AlarmSystem\AlarmSystem.sdk\AlarmSystem" -I"C:\X_Projects\AlarmSystem\AlarmSystem.sdk\AlarmSystem\inc" -c -fmessage-length=0 -MT"src/clock.o" -mcpu=cortex-a9 -mfpu=vfpv3 -mfloat-abi=hard -MMD -MP -MF"src/clock.d" -MT"src/clock.o" -o "src/clock.o" "../src/clock.c"
../src/clock.c: In function 'Clock_Init':
../src/clock.c:21:1: error: number of arguments doesn't match prototype
 void Clock_Init() {
 ^~~~
In file included from ../src/clock.c:6:
C:\X_Projects\AlarmSystem\AlarmSystem.sdk\AlarmSystem\inc/clock.h:37:6: error: prototype declaration
 void Clock_Init(u8 mode);
      ^~~~~~~~~~
../src/clock.c: At top level:
../src/clock.c:57:6: error: conflicting types for 'Clock_GetTime'
 Time Clock_GetTime( RTCC_Target src) {
      ^~~~~~~~~~~~~
In file included from ../src/clock.c:6:
C:\X_Projects\AlarmSystem\AlarmSystem.sdk\AlarmSystem\inc/clock.h:40:6: note: previous declaration of 'Clock_GetTime' was here
 Time Clock_GetTime(Target src);
      ^~~~~~~~~~~~~
../src/clock.c:99:6: error: conflicting types for 'Clock_SetTime'
 void Clock_SetTime(RTCC_Target dest, Time val) {
      ^~~~~~~~~~~~~
In file included from ../src/clock.c:6:
C:\X_Projects\AlarmSystem\AlarmSystem.sdk\AlarmSystem\inc/clock.h:41:6: note: previous declaration of 'Clock_SetTime' was here
 void Clock_SetTime(Time val, Target t);
      ^~~~~~~~~~~~~
../src/clock.c: In function 'Clock_SetAlarm':
../src/clock.c:130:1: error: number of arguments doesn't match prototype
 void Clock_SetAlarm() {
 ^~~~
In file included from ../src/clock.c:6:
C:\X_Projects\AlarmSystem\AlarmSystem.sdk\AlarmSystem\inc/clock.h:42:6: error: prototype declaration
 void Clock_SetAlarm(Time time);
      ^~~~~~~~~~~~~~
make: *** [src/subdir.mk:38: src/clock.o] Error 1
15:23:25 **** Auto Build of configuration Debug for project AlarmSystem ****
make pre-build main-build 
a9-linaro-pre-build-step
' '
'Building file: ../src/clock.c'
'Invoking: ARM v7 gcc compiler'
arm-none-eabi-gcc -Wall -O0 -g3 -I../../AlarmSystem_bsp/ps7_cortexa9_0/include -I"C:\X_Projects\AlarmSystem\AlarmSystem.sdk\AlarmSystem" -I"C:\X_Projects\AlarmSystem\AlarmSystem.sdk\AlarmSystem\inc" -c -fmessage-length=0 -MT"src/clock.o" -mcpu=cortex-a9 -mfpu=vfpv3 -mfloat-abi=hard -MMD -MP -MF"src/clock.d" -MT"src/clock.o" -o "src/clock.o" "../src/clock.c"
../src/clock.c: In function 'Clock_GetTime':
../src/clock.c:89:15: warning: comparison between 'RTCC_Target' {aka 'enum RTCC_Target'} and 'enum Target' [-Wenum-compare]
    if (target != CLOCK_PWRD && target != CLOCK_PWRU) {
               ^~
../src/clock.c:89:39: warning: comparison between 'RTCC_Target' {aka 'enum RTCC_Target'} and 'enum Target' [-Wenum-compare]
    if (target != CLOCK_PWRD && target != CLOCK_PWRU) {
                                       ^~
'Finished building: ../src/clock.c'
' '
'Building file: ../src/data_handle.c'
'Invoking: ARM v7 gcc compiler'
arm-none-eabi-gcc -Wall -O0 -g3 -I../../AlarmSystem_bsp/ps7_cortexa9_0/include -I"C:\X_Projects\AlarmSystem\AlarmSystem.sdk\AlarmSystem" -I"C:\X_Projects\AlarmSystem\AlarmSystem.sdk\AlarmSystem\inc" -c -fmessage-length=0 -MT"src/data_handle.o" -mcpu=cortex-a9 -mfpu=vfpv3 -mfloat-abi=hard -MMD -MP -MF"src/data_handle.d" -MT"src/data_handle.o" -o "src/data_handle.o" "../src/data_handle.c"
'Finished building: ../src/data_handle.c'
' '
'Building file: ../src/interrupt_handler.c'
'Invoking: ARM v7 gcc compiler'
arm-none-eabi-gcc -Wall -O0 -g3 -I../../AlarmSystem_bsp/ps7_cortexa9_0/include -I"C:\X_Projects\AlarmSystem\AlarmSystem.sdk\AlarmSystem" -I"C:\X_Projects\AlarmSystem\AlarmSystem.sdk\AlarmSystem\inc" -c -fmessage-length=0 -MT"src/interrupt_handler.o" -mcpu=cortex-a9 -mfpu=vfpv3 -mfloat-abi=hard -MMD -MP -MF"src/interrupt_handler.d" -MT"src/interrupt_handler.o" -o "src/interrupt_handler.o" "../src/interrupt_handler.c"
In file included from ../src/interrupt_handler.c:10:
C:\X_Projects\AlarmSystem\AlarmSystem.sdk\AlarmSystem\inc/io.h:9:14: warning: 'LedInstance' defined but not used [-Wunused-variable]
 static XGpio LedInstance;
              ^~~~~~~~~~~
'Finished building: ../src/interrupt_handler.c'
' '
'Building file: ../src/main.c'
'Invoking: ARM v7 gcc compiler'
arm-none-eabi-gcc -Wall -O0 -g3 -I../../AlarmSystem_bsp/ps7_cortexa9_0/include -I"C:\X_Projects\AlarmSystem\AlarmSystem.sdk\AlarmSystem" -I"C:\X_Projects\AlarmSystem\AlarmSystem.sdk\AlarmSystem\inc" -c -fmessage-length=0 -MT"src/main.o" -mcpu=cortex-a9 -mfpu=vfpv3 -mfloat-abi=hard -MMD -MP -MF"src/main.d" -MT"src/main.o" -o "src/main.o" "../src/main.c"
'Finished building: ../src/main.c'
' '
'Building target: AlarmSystem.elf'
'Invoking: ARM v7 gcc linker'
arm-none-eabi-gcc -mcpu=cortex-a9 -mfpu=vfpv3 -mfloat-abi=hard -Wl,-build-id=none -specs=Xilinx.spec -Wl,-T -Wl,../src/lscript.ld -L../../AlarmSystem_bsp/ps7_cortexa9_0/lib -o "AlarmSystem.elf"  ./src/clock.o ./src/data_handle.o ./src/interrupt_handler.o ./src/io.o ./src/main.o ./src/oled.o   -Wl,--start-group,-lxil,-lgcc,-lc,--end-group
'Finished building target: AlarmSystem.elf'
' '
'Invoking: ARM v7 Print Size'
arm-none-eabi-size AlarmSystem.elf  |tee "AlarmSystem.elf.size"
   text	   data	    bss	    dec	    hex	filename
  87048	   3544	  23568	 114160	  1bdf0	AlarmSystem.elf
'Finished building: AlarmSystem.elf.size'
' '
15:24:00 **** Auto Build of configuration Debug for project AlarmSystem ****
make pre-build main-build 
a9-linaro-pre-build-step
' '
'Building file: ../src/main.c'
'Invoking: ARM v7 gcc compiler'
arm-none-eabi-gcc -Wall -O0 -g3 -I../../AlarmSystem_bsp/ps7_cortexa9_0/include -I"C:\X_Projects\AlarmSystem\AlarmSystem.sdk\AlarmSystem" -I"C:\X_Projects\AlarmSystem\AlarmSystem.sdk\AlarmSystem\inc" -c -fmessage-length=0 -MT"src/main.o" -mcpu=cortex-a9 -mfpu=vfpv3 -mfloat-abi=hard -MMD -MP -MF"src/main.d" -MT"src/main.o" -o "src/main.o" "../src/main.c"
../src/main.c: In function 'FormatTime':
../src/main.c:116:40: warning: format '%x' expects a matching 'unsigned int' argument [-Wformat=]
       snprintf(buffer, 20, "%x:%02x:%02x PM", time.hour, time.minute);
                                     ~~~^
../src/main.c:118:40: warning: format '%x' expects a matching 'unsigned int' argument [-Wformat=]
       snprintf(buffer, 20, "%x:%02x:%02x AM", time.hour, time.minute);
                                     ~~~^
'Finished building: ../src/main.c'
' '
'Building target: AlarmSystem.elf'
'Invoking: ARM v7 gcc linker'
arm-none-eabi-gcc -mcpu=cortex-a9 -mfpu=vfpv3 -mfloat-abi=hard -Wl,-build-id=none -specs=Xilinx.spec -Wl,-T -Wl,../src/lscript.ld -L../../AlarmSystem_bsp/ps7_cortexa9_0/lib -o "AlarmSystem.elf"  ./src/clock.o ./src/data_handle.o ./src/interrupt_handler.o ./src/io.o ./src/main.o ./src/oled.o   -Wl,--start-group,-lxil,-lgcc,-lc,--end-group
'Finished building target: AlarmSystem.elf'
' '
'Invoking: ARM v7 Print Size'
arm-none-eabi-size AlarmSystem.elf  |tee "AlarmSystem.elf.size"
   text	   data	    bss	    dec	    hex	filename
  87056	   3544	  23568	 114168	  1bdf8	AlarmSystem.elf
'Finished building: AlarmSystem.elf.size'
' '
15:24:10 **** Auto Build of configuration Debug for project AlarmSystem ****
make pre-build main-build 
a9-linaro-pre-build-step
' '
'Building file: ../src/main.c'
'Invoking: ARM v7 gcc compiler'
arm-none-eabi-gcc -Wall -O0 -g3 -I../../AlarmSystem_bsp/ps7_cortexa9_0/include -I"C:\X_Projects\AlarmSystem\AlarmSystem.sdk\AlarmSystem" -I"C:\X_Projects\AlarmSystem\AlarmSystem.sdk\AlarmSystem\inc" -c -fmessage-length=0 -MT"src/main.o" -mcpu=cortex-a9 -mfpu=vfpv3 -mfloat-abi=hard -MMD -MP -MF"src/main.d" -MT"src/main.o" -o "src/main.o" "../src/main.c"
'Finished building: ../src/main.c'
' '
'Building target: AlarmSystem.elf'
'Invoking: ARM v7 gcc linker'
arm-none-eabi-gcc -mcpu=cortex-a9 -mfpu=vfpv3 -mfloat-abi=hard -Wl,-build-id=none -specs=Xilinx.spec -Wl,-T -Wl,../src/lscript.ld -L../../AlarmSystem_bsp/ps7_cortexa9_0/lib -o "AlarmSystem.elf"  ./src/clock.o ./src/data_handle.o ./src/interrupt_handler.o ./src/io.o ./src/main.o ./src/oled.o   -Wl,--start-group,-lxil,-lgcc,-lc,--end-group
'Finished building target: AlarmSystem.elf'
' '
'Invoking: ARM v7 Print Size'
arm-none-eabi-size AlarmSystem.elf  |tee "AlarmSystem.elf.size"
   text	   data	    bss	    dec	    hex	filename
  87120	   3544	  23568	 114232	  1be38	AlarmSystem.elf
'Finished building: AlarmSystem.elf.size'
' '
15:24:15 **** Incremental Build of configuration Debug for project AlarmSystem ****
make pre-build main-build 
a9-linaro-pre-build-step
' '
make: Nothing to be done for 'main-build'.
15:25:12 **** Auto Build of configuration Debug for project AlarmSystem ****
make pre-build main-build 
a9-linaro-pre-build-step
' '
'Building file: ../src/clock.c'
'Invoking: ARM v7 gcc compiler'
arm-none-eabi-gcc -Wall -O0 -g3 -I../../AlarmSystem_bsp/ps7_cortexa9_0/include -I"C:\X_Projects\AlarmSystem\AlarmSystem.sdk\AlarmSystem" -I"C:\X_Projects\AlarmSystem\AlarmSystem.sdk\AlarmSystem\inc" -c -fmessage-length=0 -MT"src/clock.o" -mcpu=cortex-a9 -mfpu=vfpv3 -mfloat-abi=hard -MMD -MP -MF"src/clock.d" -MT"src/clock.o" -o "src/clock.o" "../src/clock.c"
../src/clock.c: In function 'Clock_GetTime':
../src/clock.c:89:15: warning: comparison between 'RTCC_Target' {aka 'enum RTCC_Target'} and 'enum Target' [-Wenum-compare]
    if (target != CLOCK_PWRD && target != CLOCK_PWRU) {
               ^~
../src/clock.c:89:39: warning: comparison between 'RTCC_Target' {aka 'enum RTCC_Target'} and 'enum Target' [-Wenum-compare]
    if (target != CLOCK_PWRD && target != CLOCK_PWRU) {
                                       ^~
'Finished building: ../src/clock.c'
' '
'Building file: ../src/interrupt_handler.c'
'Invoking: ARM v7 gcc compiler'
arm-none-eabi-gcc -Wall -O0 -g3 -I../../AlarmSystem_bsp/ps7_cortexa9_0/include -I"C:\X_Projects\AlarmSystem\AlarmSystem.sdk\AlarmSystem" -I"C:\X_Projects\AlarmSystem\AlarmSystem.sdk\AlarmSystem\inc" -c -fmessage-length=0 -MT"src/interrupt_handler.o" -mcpu=cortex-a9 -mfpu=vfpv3 -mfloat-abi=hard -MMD -MP -MF"src/interrupt_handler.d" -MT"src/interrupt_handler.o" -o "src/interrupt_handler.o" "../src/interrupt_handler.c"
In file included from ../src/interrupt_handler.c:10:
C:\X_Projects\AlarmSystem\AlarmSystem.sdk\AlarmSystem\inc/io.h:9:14: warning: 'LedInstance' defined but not used [-Wunused-variable]
 static XGpio LedInstance;
              ^~~~~~~~~~~
'Finished building: ../src/interrupt_handler.c'
' '
'Building file: ../src/main.c'
'Invoking: ARM v7 gcc compiler'
arm-none-eabi-gcc -Wall -O0 -g3 -I../../AlarmSystem_bsp/ps7_cortexa9_0/include -I"C:\X_Projects\AlarmSystem\AlarmSystem.sdk\AlarmSystem" -I"C:\X_Projects\AlarmSystem\AlarmSystem.sdk\AlarmSystem\inc" -c -fmessage-length=0 -MT"src/main.o" -mcpu=cortex-a9 -mfpu=vfpv3 -mfloat-abi=hard -MMD -MP -MF"src/main.d" -MT"src/main.o" -o "src/main.o" "../src/main.c"
'Finished building: ../src/main.c'
' '
'Building target: AlarmSystem.elf'
'Invoking: ARM v7 gcc linker'
arm-none-eabi-gcc -mcpu=cortex-a9 -mfpu=vfpv3 -mfloat-abi=hard -Wl,-build-id=none -specs=Xilinx.spec -Wl,-T -Wl,../src/lscript.ld -L../../AlarmSystem_bsp/ps7_cortexa9_0/lib -o "AlarmSystem.elf"  ./src/clock.o ./src/data_handle.o ./src/interrupt_handler.o ./src/io.o ./src/main.o ./src/oled.o   -Wl,--start-group,-lxil,-lgcc,-lc,--end-group
'Finished building target: AlarmSystem.elf'
' '
'Invoking: ARM v7 Print Size'
arm-none-eabi-size AlarmSystem.elf  |tee "AlarmSystem.elf.size"
   text	   data	    bss	    dec	    hex	filename
  87120	   3544	  23568	 114232	  1be38	AlarmSystem.elf
'Finished building: AlarmSystem.elf.size'
' '
15:25:42 **** Auto Build of configuration Debug for project AlarmSystem ****
make pre-build main-build 
a9-linaro-pre-build-step
' '
'Building file: ../src/clock.c'
'Invoking: ARM v7 gcc compiler'
arm-none-eabi-gcc -Wall -O0 -g3 -I../../AlarmSystem_bsp/ps7_cortexa9_0/include -I"C:\X_Projects\AlarmSystem\AlarmSystem.sdk\AlarmSystem" -I"C:\X_Projects\AlarmSystem\AlarmSystem.sdk\AlarmSystem\inc" -c -fmessage-length=0 -MT"src/clock.o" -mcpu=cortex-a9 -mfpu=vfpv3 -mfloat-abi=hard -MMD -MP -MF"src/clock.d" -MT"src/clock.o" -o "src/clock.o" "../src/clock.c"
../src/clock.c: In function 'Clock_GetTime':
../src/clock.c:89:15: warning: comparison between 'RTCC_Target' {aka 'enum RTCC_Target'} and 'enum Target' [-Wenum-compare]
    if (target != CLOCK_PWRD && target != CLOCK_PWRU) {
               ^~
../src/clock.c:89:39: warning: comparison between 'RTCC_Target' {aka 'enum RTCC_Target'} and 'enum Target' [-Wenum-compare]
    if (target != CLOCK_PWRD && target != CLOCK_PWRU) {
                                       ^~
../src/clock.c: In function 'Clock_ResetAlarm':
../src/clock.c:185:21: error: 'myDevice' undeclared (first use in this function)
  RTCC_disableAlarm(&myDevice, alarm);
                     ^~~~~~~~
../src/clock.c:185:21: note: each undeclared identifier is reported only once for each function it appears in
make: *** [src/subdir.mk:38: src/clock.o] Error 1
15:25:47 **** Auto Build of configuration Debug for project AlarmSystem ****
make pre-build main-build 
a9-linaro-pre-build-step
' '
'Building file: ../src/clock.c'
'Invoking: ARM v7 gcc compiler'
arm-none-eabi-gcc -Wall -O0 -g3 -I../../AlarmSystem_bsp/ps7_cortexa9_0/include -I"C:\X_Projects\AlarmSystem\AlarmSystem.sdk\AlarmSystem" -I"C:\X_Projects\AlarmSystem\AlarmSystem.sdk\AlarmSystem\inc" -c -fmessage-length=0 -MT"src/clock.o" -mcpu=cortex-a9 -mfpu=vfpv3 -mfloat-abi=hard -MMD -MP -MF"src/clock.d" -MT"src/clock.o" -o "src/clock.o" "../src/clock.c"
../src/clock.c: In function 'Clock_GetTime':
../src/clock.c:89:15: warning: comparison between 'RTCC_Target' {aka 'enum RTCC_Target'} and 'enum Target' [-Wenum-compare]
    if (target != CLOCK_PWRD && target != CLOCK_PWRU) {
               ^~
../src/clock.c:89:39: warning: comparison between 'RTCC_Target' {aka 'enum RTCC_Target'} and 'enum Target' [-Wenum-compare]
    if (target != CLOCK_PWRD && target != CLOCK_PWRU) {
                                       ^~
'Finished building: ../src/clock.c'
' '
'Building target: AlarmSystem.elf'
'Invoking: ARM v7 gcc linker'
arm-none-eabi-gcc -mcpu=cortex-a9 -mfpu=vfpv3 -mfloat-abi=hard -Wl,-build-id=none -specs=Xilinx.spec -Wl,-T -Wl,../src/lscript.ld -L../../AlarmSystem_bsp/ps7_cortexa9_0/lib -o "AlarmSystem.elf"  ./src/clock.o ./src/data_handle.o ./src/interrupt_handler.o ./src/io.o ./src/main.o ./src/oled.o   -Wl,--start-group,-lxil,-lgcc,-lc,--end-group
'Finished building target: AlarmSystem.elf'
' '
'Invoking: ARM v7 Print Size'
arm-none-eabi-size AlarmSystem.elf  |tee "AlarmSystem.elf.size"
   text	   data	    bss	    dec	    hex	filename
  87120	   3544	  23568	 114232	  1be38	AlarmSystem.elf
'Finished building: AlarmSystem.elf.size'
' '
15:25:55 **** Incremental Build of configuration Debug for project AlarmSystem ****
make pre-build main-build 
a9-linaro-pre-build-step
' '
'Building file: ../src/main.c'
'Invoking: ARM v7 gcc compiler'
arm-none-eabi-gcc -Wall -O0 -g3 -I../../AlarmSystem_bsp/ps7_cortexa9_0/include -I"C:\X_Projects\AlarmSystem\AlarmSystem.sdk\AlarmSystem" -I"C:\X_Projects\AlarmSystem\AlarmSystem.sdk\AlarmSystem\inc" -c -fmessage-length=0 -MT"src/main.o" -mcpu=cortex-a9 -mfpu=vfpv3 -mfloat-abi=hard -MMD -MP -MF"src/main.d" -MT"src/main.o" -o "src/main.o" "../src/main.c"
'Finished building: ../src/main.c'
' '
'Building target: AlarmSystem.elf'
'Invoking: ARM v7 gcc linker'
arm-none-eabi-gcc -mcpu=cortex-a9 -mfpu=vfpv3 -mfloat-abi=hard -Wl,-build-id=none -specs=Xilinx.spec -Wl,-T -Wl,../src/lscript.ld -L../../AlarmSystem_bsp/ps7_cortexa9_0/lib -o "AlarmSystem.elf"  ./src/clock.o ./src/data_handle.o ./src/interrupt_handler.o ./src/io.o ./src/main.o ./src/oled.o   -Wl,--start-group,-lxil,-lgcc,-lc,--end-group
'Finished building target: AlarmSystem.elf'
' '
'Invoking: ARM v7 Print Size'
arm-none-eabi-size AlarmSystem.elf  |tee "AlarmSystem.elf.size"
   text	   data	    bss	    dec	    hex	filename
  87120	   3544	  23568	 114232	  1be38	AlarmSystem.elf
'Finished building: AlarmSystem.elf.size'
' '
15:27:01 **** Auto Build of configuration Debug for project AlarmSystem ****
make pre-build main-build 
a9-linaro-pre-build-step
' '
'Building file: ../src/main.c'
'Invoking: ARM v7 gcc compiler'
arm-none-eabi-gcc -Wall -O0 -g3 -I../../AlarmSystem_bsp/ps7_cortexa9_0/include -I"C:\X_Projects\AlarmSystem\AlarmSystem.sdk\AlarmSystem" -I"C:\X_Projects\AlarmSystem\AlarmSystem.sdk\AlarmSystem\inc" -c -fmessage-length=0 -MT"src/main.o" -mcpu=cortex-a9 -mfpu=vfpv3 -mfloat-abi=hard -MMD -MP -MF"src/main.d" -MT"src/main.o" -o "src/main.o" "../src/main.c"
'Finished building: ../src/main.c'
' '
'Building target: AlarmSystem.elf'
'Invoking: ARM v7 gcc linker'
arm-none-eabi-gcc -mcpu=cortex-a9 -mfpu=vfpv3 -mfloat-abi=hard -Wl,-build-id=none -specs=Xilinx.spec -Wl,-T -Wl,../src/lscript.ld -L../../AlarmSystem_bsp/ps7_cortexa9_0/lib -o "AlarmSystem.elf"  ./src/clock.o ./src/data_handle.o ./src/interrupt_handler.o ./src/io.o ./src/main.o ./src/oled.o   -Wl,--start-group,-lxil,-lgcc,-lc,--end-group
'Finished building target: AlarmSystem.elf'
' '
'Invoking: ARM v7 Print Size'
arm-none-eabi-size AlarmSystem.elf  |tee "AlarmSystem.elf.size"
   text	   data	    bss	    dec	    hex	filename
  87184	   3544	  23568	 114296	  1be78	AlarmSystem.elf
'Finished building: AlarmSystem.elf.size'
' '
15:27:13 **** Incremental Build of configuration Debug for project AlarmSystem ****
make pre-build main-build 
a9-linaro-pre-build-step
' '
make: Nothing to be done for 'main-build'.
15:27:35 **** Incremental Build of configuration Debug for project AlarmSystem ****
make pre-build main-build 
a9-linaro-pre-build-step
' '
make: Nothing to be done for 'main-build'.
15:28:01 **** Auto Build of configuration Debug for project AlarmSystem ****
make pre-build main-build 
a9-linaro-pre-build-step
' '
'Building file: ../src/main.c'
'Invoking: ARM v7 gcc compiler'
arm-none-eabi-gcc -Wall -O0 -g3 -I../../AlarmSystem_bsp/ps7_cortexa9_0/include -I"C:\X_Projects\AlarmSystem\AlarmSystem.sdk\AlarmSystem" -I"C:\X_Projects\AlarmSystem\AlarmSystem.sdk\AlarmSystem\inc" -c -fmessage-length=0 -MT"src/main.o" -mcpu=cortex-a9 -mfpu=vfpv3 -mfloat-abi=hard -MMD -MP -MF"src/main.d" -MT"src/main.o" -o "src/main.o" "../src/main.c"
'Finished building: ../src/main.c'
' '
'Building target: AlarmSystem.elf'
'Invoking: ARM v7 gcc linker'
arm-none-eabi-gcc -mcpu=cortex-a9 -mfpu=vfpv3 -mfloat-abi=hard -Wl,-build-id=none -specs=Xilinx.spec -Wl,-T -Wl,../src/lscript.ld -L../../AlarmSystem_bsp/ps7_cortexa9_0/lib -o "AlarmSystem.elf"  ./src/clock.o ./src/data_handle.o ./src/interrupt_handler.o ./src/io.o ./src/main.o ./src/oled.o   -Wl,--start-group,-lxil,-lgcc,-lc,--end-group
'Finished building target: AlarmSystem.elf'
' '
'Invoking: ARM v7 Print Size'
arm-none-eabi-size AlarmSystem.elf  |tee "AlarmSystem.elf.size"
   text	   data	    bss	    dec	    hex	filename
  87192	   3544	  23568	 114304	  1be80	AlarmSystem.elf
'Finished building: AlarmSystem.elf.size'
' '
15:33:11 **** Auto Build of configuration Debug for project AlarmSystem ****
make pre-build main-build 
a9-linaro-pre-build-step
' '
'Building file: ../src/main.c'
'Invoking: ARM v7 gcc compiler'
arm-none-eabi-gcc -Wall -O0 -g3 -I../../AlarmSystem_bsp/ps7_cortexa9_0/include -I"C:\X_Projects\AlarmSystem\AlarmSystem.sdk\AlarmSystem" -I"C:\X_Projects\AlarmSystem\AlarmSystem.sdk\AlarmSystem\inc" -c -fmessage-length=0 -MT"src/main.o" -mcpu=cortex-a9 -mfpu=vfpv3 -mfloat-abi=hard -MMD -MP -MF"src/main.d" -MT"src/main.o" -o "src/main.o" "../src/main.c"
'Finished building: ../src/main.c'
' '
'Building target: AlarmSystem.elf'
'Invoking: ARM v7 gcc linker'
arm-none-eabi-gcc -mcpu=cortex-a9 -mfpu=vfpv3 -mfloat-abi=hard -Wl,-build-id=none -specs=Xilinx.spec -Wl,-T -Wl,../src/lscript.ld -L../../AlarmSystem_bsp/ps7_cortexa9_0/lib -o "AlarmSystem.elf"  ./src/clock.o ./src/data_handle.o ./src/interrupt_handler.o ./src/io.o ./src/main.o ./src/oled.o   -Wl,--start-group,-lxil,-lgcc,-lc,--end-group
'Finished building target: AlarmSystem.elf'
' '
'Invoking: ARM v7 Print Size'
arm-none-eabi-size AlarmSystem.elf  |tee "AlarmSystem.elf.size"
   text	   data	    bss	    dec	    hex	filename
  87192	   3544	  23568	 114304	  1be80	AlarmSystem.elf
'Finished building: AlarmSystem.elf.size'
' '
15:33:17 **** Incremental Build of configuration Debug for project AlarmSystem ****
make pre-build main-build 
a9-linaro-pre-build-step
' '
make: Nothing to be done for 'main-build'.
15:34:09 **** Auto Build of configuration Debug for project AlarmSystem ****
make pre-build main-build 
a9-linaro-pre-build-step
' '
'Building file: ../src/main.c'
'Invoking: ARM v7 gcc compiler'
arm-none-eabi-gcc -Wall -O0 -g3 -I../../AlarmSystem_bsp/ps7_cortexa9_0/include -I"C:\X_Projects\AlarmSystem\AlarmSystem.sdk\AlarmSystem" -I"C:\X_Projects\AlarmSystem\AlarmSystem.sdk\AlarmSystem\inc" -c -fmessage-length=0 -MT"src/main.o" -mcpu=cortex-a9 -mfpu=vfpv3 -mfloat-abi=hard -MMD -MP -MF"src/main.d" -MT"src/main.o" -o "src/main.o" "../src/main.c"
'Finished building: ../src/main.c'
' '
'Building target: AlarmSystem.elf'
'Invoking: ARM v7 gcc linker'
arm-none-eabi-gcc -mcpu=cortex-a9 -mfpu=vfpv3 -mfloat-abi=hard -Wl,-build-id=none -specs=Xilinx.spec -Wl,-T -Wl,../src/lscript.ld -L../../AlarmSystem_bsp/ps7_cortexa9_0/lib -o "AlarmSystem.elf"  ./src/clock.o ./src/data_handle.o ./src/interrupt_handler.o ./src/io.o ./src/main.o ./src/oled.o   -Wl,--start-group,-lxil,-lgcc,-lc,--end-group
'Finished building target: AlarmSystem.elf'
' '
'Invoking: ARM v7 Print Size'
arm-none-eabi-size AlarmSystem.elf  |tee "AlarmSystem.elf.size"
   text	   data	    bss	    dec	    hex	filename
  87192	   3544	  23568	 114304	  1be80	AlarmSystem.elf
'Finished building: AlarmSystem.elf.size'
' '
15:34:17 **** Incremental Build of configuration Debug for project AlarmSystem ****
make pre-build main-build 
a9-linaro-pre-build-step
' '
make: Nothing to be done for 'main-build'.
15:35:44 **** Incremental Build of configuration Debug for project AlarmSystem ****
make pre-build main-build 
a9-linaro-pre-build-step
' '
make: Nothing to be done for 'main-build'.
15:36:12 **** Incremental Build of configuration Debug for project AlarmSystem ****
make pre-build main-build 
a9-linaro-pre-build-step
' '
make: Nothing to be done for 'main-build'.
15:36:33 **** Incremental Build of configuration Debug for project AlarmSystem ****
make pre-build main-build 
a9-linaro-pre-build-step
' '
make: Nothing to be done for 'main-build'.
15:37:11 **** Incremental Build of configuration Debug for project AlarmSystem ****
make pre-build main-build 
a9-linaro-pre-build-step
' '
make: Nothing to be done for 'main-build'.
15:37:49 **** Incremental Build of configuration Debug for project AlarmSystem ****
make pre-build main-build 
a9-linaro-pre-build-step
' '
make: Nothing to be done for 'main-build'.
15:40:16 **** Auto Build of configuration Debug for project AlarmSystem ****
make pre-build main-build 
a9-linaro-pre-build-step
' '
'Building file: ../src/main.c'
'Invoking: ARM v7 gcc compiler'
arm-none-eabi-gcc -Wall -O0 -g3 -I../../AlarmSystem_bsp/ps7_cortexa9_0/include -I"C:\X_Projects\AlarmSystem\AlarmSystem.sdk\AlarmSystem" -I"C:\X_Projects\AlarmSystem\AlarmSystem.sdk\AlarmSystem\inc" -c -fmessage-length=0 -MT"src/main.o" -mcpu=cortex-a9 -mfpu=vfpv3 -mfloat-abi=hard -MMD -MP -MF"src/main.d" -MT"src/main.o" -o "src/main.o" "../src/main.c"
'Finished building: ../src/main.c'
' '
'Building target: AlarmSystem.elf'
'Invoking: ARM v7 gcc linker'
arm-none-eabi-gcc -mcpu=cortex-a9 -mfpu=vfpv3 -mfloat-abi=hard -Wl,-build-id=none -specs=Xilinx.spec -Wl,-T -Wl,../src/lscript.ld -L../../AlarmSystem_bsp/ps7_cortexa9_0/lib -o "AlarmSystem.elf"  ./src/clock.o ./src/data_handle.o ./src/interrupt_handler.o ./src/io.o ./src/main.o ./src/oled.o   -Wl,--start-group,-lxil,-lgcc,-lc,--end-group
'Finished building target: AlarmSystem.elf'
' '
'Invoking: ARM v7 Print Size'
arm-none-eabi-size AlarmSystem.elf  |tee "AlarmSystem.elf.size"
   text	   data	    bss	    dec	    hex	filename
  87192	   3544	  23568	 114304	  1be80	AlarmSystem.elf
'Finished building: AlarmSystem.elf.size'
' '
15:40:31 **** Incremental Build of configuration Debug for project AlarmSystem ****
make pre-build main-build 
a9-linaro-pre-build-step
' '
make: Nothing to be done for 'main-build'.
15:43:37 **** Incremental Build of configuration Debug for project AlarmSystem ****
make pre-build main-build 
a9-linaro-pre-build-step
' '
make: Nothing to be done for 'main-build'.
15:44:25 **** Incremental Build of configuration Debug for project AlarmSystem ****
make pre-build main-build 
a9-linaro-pre-build-step
' '
make: Nothing to be done for 'main-build'.
15:45:24 **** Auto Build of configuration Debug for project AlarmSystem ****
make pre-build main-build 
a9-linaro-pre-build-step
' '
'Building file: ../src/main.c'
'Invoking: ARM v7 gcc compiler'
arm-none-eabi-gcc -Wall -O0 -g3 -I../../AlarmSystem_bsp/ps7_cortexa9_0/include -I"C:\X_Projects\AlarmSystem\AlarmSystem.sdk\AlarmSystem" -I"C:\X_Projects\AlarmSystem\AlarmSystem.sdk\AlarmSystem\inc" -c -fmessage-length=0 -MT"src/main.o" -mcpu=cortex-a9 -mfpu=vfpv3 -mfloat-abi=hard -MMD -MP -MF"src/main.d" -MT"src/main.o" -o "src/main.o" "../src/main.c"
'Finished building: ../src/main.c'
' '
'Building target: AlarmSystem.elf'
'Invoking: ARM v7 gcc linker'
arm-none-eabi-gcc -mcpu=cortex-a9 -mfpu=vfpv3 -mfloat-abi=hard -Wl,-build-id=none -specs=Xilinx.spec -Wl,-T -Wl,../src/lscript.ld -L../../AlarmSystem_bsp/ps7_cortexa9_0/lib -o "AlarmSystem.elf"  ./src/clock.o ./src/data_handle.o ./src/interrupt_handler.o ./src/io.o ./src/main.o ./src/oled.o   -Wl,--start-group,-lxil,-lgcc,-lc,--end-group
'Finished building target: AlarmSystem.elf'
' '
'Invoking: ARM v7 Print Size'
arm-none-eabi-size AlarmSystem.elf  |tee "AlarmSystem.elf.size"
   text	   data	    bss	    dec	    hex	filename
  87192	   3544	  23568	 114304	  1be80	AlarmSystem.elf
'Finished building: AlarmSystem.elf.size'
' '
15:45:30 **** Incremental Build of configuration Debug for project AlarmSystem ****
make pre-build main-build 
a9-linaro-pre-build-step
' '
make: Nothing to be done for 'main-build'.
15:46:36 **** Incremental Build of configuration Debug for project AlarmSystem ****
make pre-build main-build 
a9-linaro-pre-build-step
' '
make: Nothing to be done for 'main-build'.
15:47:18 **** Incremental Build of configuration Debug for project AlarmSystem ****
make pre-build main-build 
a9-linaro-pre-build-step
' '
make: Nothing to be done for 'main-build'.
15:48:14 **** Auto Build of configuration Debug for project AlarmSystem ****
make pre-build main-build 
a9-linaro-pre-build-step
' '
'Building file: ../src/interrupt_handler.c'
'Invoking: ARM v7 gcc compiler'
arm-none-eabi-gcc -Wall -O0 -g3 -I../../AlarmSystem_bsp/ps7_cortexa9_0/include -I"C:\X_Projects\AlarmSystem\AlarmSystem.sdk\AlarmSystem" -I"C:\X_Projects\AlarmSystem\AlarmSystem.sdk\AlarmSystem\inc" -c -fmessage-length=0 -MT"src/interrupt_handler.o" -mcpu=cortex-a9 -mfpu=vfpv3 -mfloat-abi=hard -MMD -MP -MF"src/interrupt_handler.d" -MT"src/interrupt_handler.o" -o "src/interrupt_handler.o" "../src/interrupt_handler.c"
In file included from ../src/interrupt_handler.c:10:
C:\X_Projects\AlarmSystem\AlarmSystem.sdk\AlarmSystem\inc/io.h:9:14: warning: 'LedInstance' defined but not used [-Wunused-variable]
 static XGpio LedInstance;
              ^~~~~~~~~~~
'Finished building: ../src/interrupt_handler.c'
' '
'Building target: AlarmSystem.elf'
'Invoking: ARM v7 gcc linker'
arm-none-eabi-gcc -mcpu=cortex-a9 -mfpu=vfpv3 -mfloat-abi=hard -Wl,-build-id=none -specs=Xilinx.spec -Wl,-T -Wl,../src/lscript.ld -L../../AlarmSystem_bsp/ps7_cortexa9_0/lib -o "AlarmSystem.elf"  ./src/clock.o ./src/data_handle.o ./src/interrupt_handler.o ./src/io.o ./src/main.o ./src/oled.o   -Wl,--start-group,-lxil,-lgcc,-lc,--end-group
'Finished building target: AlarmSystem.elf'
' '
'Invoking: ARM v7 Print Size'
arm-none-eabi-size AlarmSystem.elf  |tee "AlarmSystem.elf.size"
   text	   data	    bss	    dec	    hex	filename
  86912	   3544	  23568	 114024	  1bd68	AlarmSystem.elf
'Finished building: AlarmSystem.elf.size'
' '
15:48:27 **** Incremental Build of configuration Debug for project AlarmSystem ****
make pre-build main-build 
a9-linaro-pre-build-step
' '
'Building file: ../src/interrupt_handler.c'
'Invoking: ARM v7 gcc compiler'
arm-none-eabi-gcc -Wall -O0 -g3 -I../../AlarmSystem_bsp/ps7_cortexa9_0/include -I"C:\X_Projects\AlarmSystem\AlarmSystem.sdk\AlarmSystem" -I"C:\X_Projects\AlarmSystem\AlarmSystem.sdk\AlarmSystem\inc" -c -fmessage-length=0 -MT"src/interrupt_handler.o" -mcpu=cortex-a9 -mfpu=vfpv3 -mfloat-abi=hard -MMD -MP -MF"src/interrupt_handler.d" -MT"src/interrupt_handler.o" -o "src/interrupt_handler.o" "../src/interrupt_handler.c"
In file included from ../src/interrupt_handler.c:10:
C:\X_Projects\AlarmSystem\AlarmSystem.sdk\AlarmSystem\inc/io.h:9:14: warning: 'LedInstance' defined but not used [-Wunused-variable]
 static XGpio LedInstance;
              ^~~~~~~~~~~
'Finished building: ../src/interrupt_handler.c'
' '
'Building target: AlarmSystem.elf'
'Invoking: ARM v7 gcc linker'
arm-none-eabi-gcc -mcpu=cortex-a9 -mfpu=vfpv3 -mfloat-abi=hard -Wl,-build-id=none -specs=Xilinx.spec -Wl,-T -Wl,../src/lscript.ld -L../../AlarmSystem_bsp/ps7_cortexa9_0/lib -o "AlarmSystem.elf"  ./src/clock.o ./src/data_handle.o ./src/interrupt_handler.o ./src/io.o ./src/main.o ./src/oled.o   -Wl,--start-group,-lxil,-lgcc,-lc,--end-group
'Finished building target: AlarmSystem.elf'
' '
'Invoking: ARM v7 Print Size'
arm-none-eabi-size AlarmSystem.elf  |tee "AlarmSystem.elf.size"
   text	   data	    bss	    dec	    hex	filename
  86912	   3544	  23568	 114024	  1bd68	AlarmSystem.elf
'Finished building: AlarmSystem.elf.size'
' '
15:49:28 **** Auto Build of configuration Debug for project AlarmSystem ****
make pre-build main-build 
a9-linaro-pre-build-step
' '
'Building file: ../src/main.c'
'Invoking: ARM v7 gcc compiler'
arm-none-eabi-gcc -Wall -O0 -g3 -I../../AlarmSystem_bsp/ps7_cortexa9_0/include -I"C:\X_Projects\AlarmSystem\AlarmSystem.sdk\AlarmSystem" -I"C:\X_Projects\AlarmSystem\AlarmSystem.sdk\AlarmSystem\inc" -c -fmessage-length=0 -MT"src/main.o" -mcpu=cortex-a9 -mfpu=vfpv3 -mfloat-abi=hard -MMD -MP -MF"src/main.d" -MT"src/main.o" -o "src/main.o" "../src/main.c"
'Finished building: ../src/main.c'
' '
'Building target: AlarmSystem.elf'
'Invoking: ARM v7 gcc linker'
arm-none-eabi-gcc -mcpu=cortex-a9 -mfpu=vfpv3 -mfloat-abi=hard -Wl,-build-id=none -specs=Xilinx.spec -Wl,-T -Wl,../src/lscript.ld -L../../AlarmSystem_bsp/ps7_cortexa9_0/lib -o "AlarmSystem.elf"  ./src/clock.o ./src/data_handle.o ./src/interrupt_handler.o ./src/io.o ./src/main.o ./src/oled.o   -Wl,--start-group,-lxil,-lgcc,-lc,--end-group
'Finished building target: AlarmSystem.elf'
' '
'Invoking: ARM v7 Print Size'
arm-none-eabi-size AlarmSystem.elf  |tee "AlarmSystem.elf.size"
   text	   data	    bss	    dec	    hex	filename
  86896	   3544	  23568	 114008	  1bd58	AlarmSystem.elf
'Finished building: AlarmSystem.elf.size'
' '
15:50:10 **** Incremental Build of configuration Debug for project AlarmSystem ****
make pre-build main-build 
a9-linaro-pre-build-step
' '
make: Nothing to be done for 'main-build'.
15:51:02 **** Incremental Build of configuration Debug for project AlarmSystem ****
make pre-build main-build 
a9-linaro-pre-build-step
' '
make: Nothing to be done for 'main-build'.
15:59:58 **** Auto Build of configuration Debug for project AlarmSystem ****
make pre-build main-build 
a9-linaro-pre-build-step
' '
'Building file: ../src/main.c'
'Invoking: ARM v7 gcc compiler'
arm-none-eabi-gcc -Wall -O0 -g3 -I../../AlarmSystem_bsp/ps7_cortexa9_0/include -I"C:\X_Projects\AlarmSystem\AlarmSystem.sdk\AlarmSystem" -I"C:\X_Projects\AlarmSystem\AlarmSystem.sdk\AlarmSystem\inc" -c -fmessage-length=0 -MT"src/main.o" -mcpu=cortex-a9 -mfpu=vfpv3 -mfloat-abi=hard -MMD -MP -MF"src/main.d" -MT"src/main.o" -o "src/main.o" "../src/main.c"
../src/main.c: In function 'Init_GIC':
../src/main.c:146:37: error: 'IntcInstance' undeclared (first use in this function)
     status = XScuGic_CfgInitialize(&IntcInstance, IntcConfig, IntcConfig->CpuBaseAddress);
                                     ^~~~~~~~~~~~
../src/main.c:146:37: note: each undeclared identifier is reported only once for each function it appears in
../src/main.c: In function 'Configure_Alarm_Interrupt':
../src/main.c:162:31: error: 'IntcInstance' undeclared (first use in this function)
     status = XScuGic_Connect(&IntcInstance,
                               ^~~~~~~~~~~~
make: *** [src/subdir.mk:38: src/main.o] Error 1
16:02:34 **** Auto Build of configuration Debug for project AlarmSystem ****
make pre-build main-build 
a9-linaro-pre-build-step
' '
'Building file: ../src/main.c'
'Invoking: ARM v7 gcc compiler'
arm-none-eabi-gcc -Wall -O0 -g3 -I../../AlarmSystem_bsp/ps7_cortexa9_0/include -I"C:\X_Projects\AlarmSystem\AlarmSystem.sdk\AlarmSystem" -I"C:\X_Projects\AlarmSystem\AlarmSystem.sdk\AlarmSystem\inc" -c -fmessage-length=0 -MT"src/main.o" -mcpu=cortex-a9 -mfpu=vfpv3 -mfloat-abi=hard -MMD -MP -MF"src/main.d" -MT"src/main.o" -o "src/main.o" "../src/main.c"
../src/main.c: In function 'main':
../src/main.c:76:9: warning: implicit declaration of function 'Enable_Global_Interrupts'; did you mean 'XScuGic_Enable_Group0_Interrupts'? [-Wimplicit-function-declaration]
         Enable_Global_Interrupts();
         ^~~~~~~~~~~~~~~~~~~~~~~~
         XScuGic_Enable_Group0_Interrupts
../src/main.c: In function 'Init_GIC':
../src/main.c:165:37: error: 'IntcInstance' undeclared (first use in this function)
     status = XScuGic_CfgInitialize(&IntcInstance, IntcConfig, IntcConfig->CpuBaseAddress);
                                     ^~~~~~~~~~~~
../src/main.c:165:37: note: each undeclared identifier is reported only once for each function it appears in
../src/main.c: In function 'Configure_Alarm_Interrupt':
../src/main.c:181:31: error: 'IntcInstance' undeclared (first use in this function)
     status = XScuGic_Connect(&IntcInstance,
                               ^~~~~~~~~~~~
../src/main.c: At top level:
../src/main.c:195:6: warning: conflicting types for 'Enable_Global_Interrupts'
 void Enable_Global_Interrupts() {
      ^~~~~~~~~~~~~~~~~~~~~~~~
../src/main.c:76:9: note: previous implicit declaration of 'Enable_Global_Interrupts' was here
         Enable_Global_Interrupts();
         ^~~~~~~~~~~~~~~~~~~~~~~~
make: *** [src/subdir.mk:38: src/main.o] Error 1
16:04:15 **** Auto Build of configuration Debug for project AlarmSystem ****
make pre-build main-build 
a9-linaro-pre-build-step
' '
'Building file: ../src/main.c'
'Invoking: ARM v7 gcc compiler'
arm-none-eabi-gcc -Wall -O0 -g3 -I../../AlarmSystem_bsp/ps7_cortexa9_0/include -I"C:\X_Projects\AlarmSystem\AlarmSystem.sdk\AlarmSystem" -I"C:\X_Projects\AlarmSystem\AlarmSystem.sdk\AlarmSystem\inc" -c -fmessage-length=0 -MT"src/main.o" -mcpu=cortex-a9 -mfpu=vfpv3 -mfloat-abi=hard -MMD -MP -MF"src/main.d" -MT"src/main.o" -o "src/main.o" "../src/main.c"
../src/main.c: In function 'main':
../src/main.c:77:9: warning: implicit declaration of function 'Enable_Global_Interrupts'; did you mean 'XScuGic_Enable_Group0_Interrupts'? [-Wimplicit-function-declaration]
         Enable_Global_Interrupts();
         ^~~~~~~~~~~~~~~~~~~~~~~~
         XScuGic_Enable_Group0_Interrupts
../src/main.c: At top level:
../src/main.c:196:6: warning: conflicting types for 'Enable_Global_Interrupts'
 void Enable_Global_Interrupts() {
      ^~~~~~~~~~~~~~~~~~~~~~~~
../src/main.c:77:9: note: previous implicit declaration of 'Enable_Global_Interrupts' was here
         Enable_Global_Interrupts();
         ^~~~~~~~~~~~~~~~~~~~~~~~
'Finished building: ../src/main.c'
' '
'Building target: AlarmSystem.elf'
'Invoking: ARM v7 gcc linker'
arm-none-eabi-gcc -mcpu=cortex-a9 -mfpu=vfpv3 -mfloat-abi=hard -Wl,-build-id=none -specs=Xilinx.spec -Wl,-T -Wl,../src/lscript.ld -L../../AlarmSystem_bsp/ps7_cortexa9_0/lib -o "AlarmSystem.elf"  ./src/clock.o ./src/data_handle.o ./src/interrupt_handler.o ./src/io.o ./src/main.o ./src/oled.o   -Wl,--start-group,-lxil,-lgcc,-lc,--end-group
c:/xilinx/sdk/2019.1/gnu/aarch32/nt/gcc-arm-none-eabi/bin/../lib/gcc/arm-none-eabi/8.2.0/../../../../arm-none-eabi/bin/ld.exe: ./src/main.o: in function `Init_GIC':
C:\X_Projects\AlarmSystem\AlarmSystem.sdk\AlarmSystem\Debug/../src/main.c:156: multiple definition of `Init_GIC'; ./src/interrupt_handler.o:C:\X_Projects\AlarmSystem\AlarmSystem.sdk\AlarmSystem\Debug/../src/interrupt_handler.c:40: first defined here
collect2.exe: error: ld returned 1 exit status
make: *** [makefile:41: AlarmSystem.elf] Error 1
16:04:38 **** Auto Build of configuration Debug for project AlarmSystem ****
make pre-build main-build 
a9-linaro-pre-build-step
' '
'Building file: ../src/interrupt_handler.c'
'Invoking: ARM v7 gcc compiler'
arm-none-eabi-gcc -Wall -O0 -g3 -I../../AlarmSystem_bsp/ps7_cortexa9_0/include -I"C:\X_Projects\AlarmSystem\AlarmSystem.sdk\AlarmSystem" -I"C:\X_Projects\AlarmSystem\AlarmSystem.sdk\AlarmSystem\inc" -c -fmessage-length=0 -MT"src/interrupt_handler.o" -mcpu=cortex-a9 -mfpu=vfpv3 -mfloat-abi=hard -MMD -MP -MF"src/interrupt_handler.d" -MT"src/interrupt_handler.o" -o "src/interrupt_handler.o" "../src/interrupt_handler.c"
'Finished building: ../src/interrupt_handler.c'
' '
'Building target: AlarmSystem.elf'
'Invoking: ARM v7 gcc linker'
arm-none-eabi-gcc -mcpu=cortex-a9 -mfpu=vfpv3 -mfloat-abi=hard -Wl,-build-id=none -specs=Xilinx.spec -Wl,-T -Wl,../src/lscript.ld -L../../AlarmSystem_bsp/ps7_cortexa9_0/lib -o "AlarmSystem.elf"  ./src/clock.o ./src/data_handle.o ./src/interrupt_handler.o ./src/io.o ./src/main.o ./src/oled.o   -Wl,--start-group,-lxil,-lgcc,-lc,--end-group
'Finished building target: AlarmSystem.elf'
' '
'Invoking: ARM v7 Print Size'
arm-none-eabi-size AlarmSystem.elf  |tee "AlarmSystem.elf.size"
   text	   data	    bss	    dec	    hex	filename
  84920	   3536	  23520	 111976	  1b568	AlarmSystem.elf
'Finished building: AlarmSystem.elf.size'
' '
16:07:26 **** Incremental Build of configuration Debug for project AlarmSystem ****
make pre-build main-build 
a9-linaro-pre-build-step
' '
make: Nothing to be done for 'main-build'.
16:08:38 **** Incremental Build of configuration Debug for project AlarmSystem ****
make pre-build main-build 
a9-linaro-pre-build-step
' '
make: Nothing to be done for 'main-build'.
16:09:38 **** Auto Build of configuration Debug for project AlarmSystem ****
make pre-build main-build 
a9-linaro-pre-build-step
' '
'Building file: ../src/main.c'
'Invoking: ARM v7 gcc compiler'
arm-none-eabi-gcc -Wall -O0 -g3 -I../../AlarmSystem_bsp/ps7_cortexa9_0/include -I"C:\X_Projects\AlarmSystem\AlarmSystem.sdk\AlarmSystem" -I"C:\X_Projects\AlarmSystem\AlarmSystem.sdk\AlarmSystem\inc" -c -fmessage-length=0 -MT"src/main.o" -mcpu=cortex-a9 -mfpu=vfpv3 -mfloat-abi=hard -MMD -MP -MF"src/main.d" -MT"src/main.o" -o "src/main.o" "../src/main.c"
../src/main.c: In function 'main':
../src/main.c:77:9: warning: implicit declaration of function 'Enable_Global_Interrupts'; did you mean 'XScuGic_Enable_Group0_Interrupts'? [-Wimplicit-function-declaration]
         Enable_Global_Interrupts();
         ^~~~~~~~~~~~~~~~~~~~~~~~
         XScuGic_Enable_Group0_Interrupts
../src/main.c: At top level:
../src/main.c:196:6: warning: conflicting types for 'Enable_Global_Interrupts'
 void Enable_Global_Interrupts() {
      ^~~~~~~~~~~~~~~~~~~~~~~~
../src/main.c:77:9: note: previous implicit declaration of 'Enable_Global_Interrupts' was here
         Enable_Global_Interrupts();
         ^~~~~~~~~~~~~~~~~~~~~~~~
'Finished building: ../src/main.c'
' '
'Building target: AlarmSystem.elf'
'Invoking: ARM v7 gcc linker'
arm-none-eabi-gcc -mcpu=cortex-a9 -mfpu=vfpv3 -mfloat-abi=hard -Wl,-build-id=none -specs=Xilinx.spec -Wl,-T -Wl,../src/lscript.ld -L../../AlarmSystem_bsp/ps7_cortexa9_0/lib -o "AlarmSystem.elf"  ./src/clock.o ./src/data_handle.o ./src/interrupt_handler.o ./src/io.o ./src/main.o ./src/oled.o   -Wl,--start-group,-lxil,-lgcc,-lc,--end-group
'Finished building target: AlarmSystem.elf'
' '
'Invoking: ARM v7 Print Size'
arm-none-eabi-size AlarmSystem.elf  |tee "AlarmSystem.elf.size"
   text	   data	    bss	    dec	    hex	filename
  84920	   3536	  23520	 111976	  1b568	AlarmSystem.elf
'Finished building: AlarmSystem.elf.size'
' '
16:09:42 **** Incremental Build of configuration Debug for project AlarmSystem ****
make pre-build main-build 
a9-linaro-pre-build-step
' '
make: Nothing to be done for 'main-build'.
16:10:39 **** Auto Build of configuration Debug for project AlarmSystem ****
make pre-build main-build 
a9-linaro-pre-build-step
' '
'Building file: ../src/main.c'
'Invoking: ARM v7 gcc compiler'
arm-none-eabi-gcc -Wall -O0 -g3 -I../../AlarmSystem_bsp/ps7_cortexa9_0/include -I"C:\X_Projects\AlarmSystem\AlarmSystem.sdk\AlarmSystem" -I"C:\X_Projects\AlarmSystem\AlarmSystem.sdk\AlarmSystem\inc" -c -fmessage-length=0 -MT"src/main.o" -mcpu=cortex-a9 -mfpu=vfpv3 -mfloat-abi=hard -MMD -MP -MF"src/main.d" -MT"src/main.o" -o "src/main.o" "../src/main.c"
'Finished building: ../src/main.c'
' '
'Building target: AlarmSystem.elf'
'Invoking: ARM v7 gcc linker'
arm-none-eabi-gcc -mcpu=cortex-a9 -mfpu=vfpv3 -mfloat-abi=hard -Wl,-build-id=none -specs=Xilinx.spec -Wl,-T -Wl,../src/lscript.ld -L../../AlarmSystem_bsp/ps7_cortexa9_0/lib -o "AlarmSystem.elf"  ./src/clock.o ./src/data_handle.o ./src/interrupt_handler.o ./src/io.o ./src/main.o ./src/oled.o   -Wl,--start-group,-lxil,-lgcc,-lc,--end-group
'Finished building target: AlarmSystem.elf'
' '
'Invoking: ARM v7 Print Size'
arm-none-eabi-size AlarmSystem.elf  |tee "AlarmSystem.elf.size"
   text	   data	    bss	    dec	    hex	filename
  84920	   3536	  23520	 111976	  1b568	AlarmSystem.elf
'Finished building: AlarmSystem.elf.size'
' '
16:11:03 **** Incremental Build of configuration Debug for project AlarmSystem ****
make pre-build main-build 
a9-linaro-pre-build-step
' '
make: Nothing to be done for 'main-build'.
16:11:17 **** Incremental Build of configuration Debug for project AlarmSystem ****
make pre-build main-build 
a9-linaro-pre-build-step
' '
make: Nothing to be done for 'main-build'.
16:12:17 **** Incremental Build of configuration Debug for project AlarmSystem ****
make pre-build main-build 
a9-linaro-pre-build-step
' '
make: Nothing to be done for 'main-build'.
16:13:25 **** Incremental Build of configuration Debug for project AlarmSystem ****
make pre-build main-build 
a9-linaro-pre-build-step
' '
make: Nothing to be done for 'main-build'.
16:14:35 **** Auto Build of configuration Debug for project AlarmSystem ****
make pre-build main-build 
a9-linaro-pre-build-step
' '
'Building file: ../src/main.c'
'Invoking: ARM v7 gcc compiler'
arm-none-eabi-gcc -Wall -O0 -g3 -I../../AlarmSystem_bsp/ps7_cortexa9_0/include -I"C:\X_Projects\AlarmSystem\AlarmSystem.sdk\AlarmSystem" -I"C:\X_Projects\AlarmSystem\AlarmSystem.sdk\AlarmSystem\inc" -c -fmessage-length=0 -MT"src/main.o" -mcpu=cortex-a9 -mfpu=vfpv3 -mfloat-abi=hard -MMD -MP -MF"src/main.d" -MT"src/main.o" -o "src/main.o" "../src/main.c"
'Finished building: ../src/main.c'
' '
'Building target: AlarmSystem.elf'
'Invoking: ARM v7 gcc linker'
arm-none-eabi-gcc -mcpu=cortex-a9 -mfpu=vfpv3 -mfloat-abi=hard -Wl,-build-id=none -specs=Xilinx.spec -Wl,-T -Wl,../src/lscript.ld -L../../AlarmSystem_bsp/ps7_cortexa9_0/lib -o "AlarmSystem.elf"  ./src/clock.o ./src/data_handle.o ./src/interrupt_handler.o ./src/io.o ./src/main.o ./src/oled.o   -Wl,--start-group,-lxil,-lgcc,-lc,--end-group
'Finished building target: AlarmSystem.elf'
' '
'Invoking: ARM v7 Print Size'
arm-none-eabi-size AlarmSystem.elf  |tee "AlarmSystem.elf.size"
   text	   data	    bss	    dec	    hex	filename
  81628	   2768	  23504	 107900	  1a57c	AlarmSystem.elf
'Finished building: AlarmSystem.elf.size'
' '
16:14:42 **** Incremental Build of configuration Debug for project AlarmSystem ****
make pre-build main-build 
a9-linaro-pre-build-step
' '
make: Nothing to be done for 'main-build'.
16:15:40 **** Incremental Build of configuration Debug for project AlarmSystem ****
make pre-build main-build 
a9-linaro-pre-build-step
' '
make: Nothing to be done for 'main-build'.
