23:04:19 **** Incremental Build of configuration Debug for project AlarmSystem ****
make pre-build main-build 
a9-linaro-pre-build-step
' '
'Building target: AlarmSystem.elf'
'Invoking: ARM v7 gcc linker'
arm-none-eabi-gcc -mcpu=cortex-a9 -mfpu=vfpv3 -mfloat-abi=hard -Wl,-build-id=none -specs=Xilinx.spec -Wl,-T -Wl,../src/lscript.ld -L../../AlarmSystem_bsp/ps7_cortexa9_0/lib -o "AlarmSystem.elf"  ./src/clock.o ./src/data_handle.o ./src/interrupt_handler.o ./src/io.o ./src/lab7.o ./src/main.o ./src/oled.o   -Wl,--start-group,-lxil,-lgcc,-lc,--end-group
c:/xilinx/sdk/2019.1/gnu/aarch32/nt/gcc-arm-none-eabi/bin/../lib/gcc/arm-none-eabi/8.2.0/../../../../arm-none-eabi/bin/ld.exe: ./src/main.o:C:\X_Projects\AlarmSystem\AlarmSystem.sdk\AlarmSystem\Debug/../src/main.c:62: multiple definition of `weekdays'; ./src/clock.o:(.data+0x0): first defined here
collect2.exe: error: ld returned 1 exit status
make: *** [makefile:41: AlarmSystem.elf] Error 1
23:04:26 **** Auto Build of configuration Debug for project AlarmSystem ****
make pre-build main-build 
a9-linaro-pre-build-step
' '
'Building file: ../src/main.c'
'Invoking: ARM v7 gcc compiler'
arm-none-eabi-gcc -Wall -O0 -g3 -I../../AlarmSystem_bsp/ps7_cortexa9_0/include -I"C:\X_Projects\AlarmSystem\AlarmSystem.sdk\AlarmSystem" -I"C:\X_Projects\AlarmSystem\AlarmSystem.sdk\AlarmSystem\inc" -c -fmessage-length=0 -MT"src/main.o" -mcpu=cortex-a9 -mfpu=vfpv3 -mfloat-abi=hard -MMD -MP -MF"src/main.d" -MT"src/main.o" -o "src/main.o" "../src/main.c"
../src/main.c: In function 'main':
../src/main.c:72:2: warning: implicit declaration of function 'FormatDate' [-Wimplicit-function-declaration]
  FormatDate(currentTime, dateBuffer );
  ^~~~~~~~~~
../src/main.c:73:2: warning: implicit declaration of function 'FormatTime' [-Wimplicit-function-declaration]
  FormatTime(currentTime, timeBuffer);
  ^~~~~~~~~~
'Finished building: ../src/main.c'
' '
'Building target: AlarmSystem.elf'
'Invoking: ARM v7 gcc linker'
arm-none-eabi-gcc -mcpu=cortex-a9 -mfpu=vfpv3 -mfloat-abi=hard -Wl,-build-id=none -specs=Xilinx.spec -Wl,-T -Wl,../src/lscript.ld -L../../AlarmSystem_bsp/ps7_cortexa9_0/lib -o "AlarmSystem.elf"  ./src/clock.o ./src/data_handle.o ./src/interrupt_handler.o ./src/io.o ./src/lab7.o ./src/main.o ./src/oled.o   -Wl,--start-group,-lxil,-lgcc,-lc,--end-group
c:/xilinx/sdk/2019.1/gnu/aarch32/nt/gcc-arm-none-eabi/bin/../lib/gcc/arm-none-eabi/8.2.0/../../../../arm-none-eabi/bin/ld.exe: ./src/clock.o: in function `Clock_IncrementTime':
C:\X_Projects\AlarmSystem\AlarmSystem.sdk\AlarmSystem\Debug/../src/clock.c:137: undefined reference to `bcd2int'
c:/xilinx/sdk/2019.1/gnu/aarch32/nt/gcc-arm-none-eabi/bin/../lib/gcc/arm-none-eabi/8.2.0/../../../../arm-none-eabi/bin/ld.exe: C:\X_Projects\AlarmSystem\AlarmSystem.sdk\AlarmSystem\Debug/../src/clock.c:138: undefined reference to `int2bcd'
c:/xilinx/sdk/2019.1/gnu/aarch32/nt/gcc-arm-none-eabi/bin/../lib/gcc/arm-none-eabi/8.2.0/../../../../arm-none-eabi/bin/ld.exe: C:\X_Projects\AlarmSystem\AlarmSystem.sdk\AlarmSystem\Debug/../src/clock.c:139: undefined reference to `bcd2int'
c:/xilinx/sdk/2019.1/gnu/aarch32/nt/gcc-arm-none-eabi/bin/../lib/gcc/arm-none-eabi/8.2.0/../../../../arm-none-eabi/bin/ld.exe: C:\X_Projects\AlarmSystem\AlarmSystem.sdk\AlarmSystem\Debug/../src/clock.c:140: undefined reference to `int2bcd'
c:/xilinx/sdk/2019.1/gnu/aarch32/nt/gcc-arm-none-eabi/bin/../lib/gcc/arm-none-eabi/8.2.0/../../../../arm-none-eabi/bin/ld.exe: C:\X_Projects\AlarmSystem\AlarmSystem.sdk\AlarmSystem\Debug/../src/clock.c:141: undefined reference to `bcd2int'
c:/xilinx/sdk/2019.1/gnu/aarch32/nt/gcc-arm-none-eabi/bin/../lib/gcc/arm-none-eabi/8.2.0/../../../../arm-none-eabi/bin/ld.exe: C:\X_Projects\AlarmSystem\AlarmSystem.sdk\AlarmSystem\Debug/../src/clock.c:142: undefined reference to `int2bcd'
c:/xilinx/sdk/2019.1/gnu/aarch32/nt/gcc-arm-none-eabi/bin/../lib/gcc/arm-none-eabi/8.2.0/../../../../arm-none-eabi/bin/ld.exe: ./src/clock.o: in function `Clock_DecrementTime':
C:\X_Projects\AlarmSystem\AlarmSystem.sdk\AlarmSystem\Debug/../src/clock.c:154: undefined reference to `bcd2int'
c:/xilinx/sdk/2019.1/gnu/aarch32/nt/gcc-arm-none-eabi/bin/../lib/gcc/arm-none-eabi/8.2.0/../../../../arm-none-eabi/bin/ld.exe: C:\X_Projects\AlarmSystem\AlarmSystem.sdk\AlarmSystem\Debug/../src/clock.c:159: undefined reference to `bcd2int'
c:/xilinx/sdk/2019.1/gnu/aarch32/nt/gcc-arm-none-eabi/bin/../lib/gcc/arm-none-eabi/8.2.0/../../../../arm-none-eabi/bin/ld.exe: C:\X_Projects\AlarmSystem\AlarmSystem.sdk\AlarmSystem\Debug/../src/clock.c:159: undefined reference to `int2bcd'
c:/xilinx/sdk/2019.1/gnu/aarch32/nt/gcc-arm-none-eabi/bin/../lib/gcc/arm-none-eabi/8.2.0/../../../../arm-none-eabi/bin/ld.exe: C:\X_Projects\AlarmSystem\AlarmSystem.sdk\AlarmSystem\Debug/../src/clock.c:161: undefined reference to `int2bcd'
c:/xilinx/sdk/2019.1/gnu/aarch32/nt/gcc-arm-none-eabi/bin/../lib/gcc/arm-none-eabi/8.2.0/../../../../arm-none-eabi/bin/ld.exe: C:\X_Projects\AlarmSystem\AlarmSystem.sdk\AlarmSystem\Debug/../src/clock.c:164: undefined reference to `bcd2int'
c:/xilinx/sdk/2019.1/gnu/aarch32/nt/gcc-arm-none-eabi/bin/../lib/gcc/arm-none-eabi/8.2.0/../../../../arm-none-eabi/bin/ld.exe: C:\X_Projects\AlarmSystem\AlarmSystem.sdk\AlarmSystem\Debug/../src/clock.c:167: undefined reference to `bcd2int'
c:/xilinx/sdk/2019.1/gnu/aarch32/nt/gcc-arm-none-eabi/bin/../lib/gcc/arm-none-eabi/8.2.0/../../../../arm-none-eabi/bin/ld.exe: C:\X_Projects\AlarmSystem\AlarmSystem.sdk\AlarmSystem\Debug/../src/clock.c:167: undefined reference to `int2bcd'
c:/xilinx/sdk/2019.1/gnu/aarch32/nt/gcc-arm-none-eabi/bin/../lib/gcc/arm-none-eabi/8.2.0/../../../../arm-none-eabi/bin/ld.exe: C:\X_Projects\AlarmSystem\AlarmSystem.sdk\AlarmSystem\Debug/../src/clock.c:169: undefined reference to `int2bcd'
c:/xilinx/sdk/2019.1/gnu/aarch32/nt/gcc-arm-none-eabi/bin/../lib/gcc/arm-none-eabi/8.2.0/../../../../arm-none-eabi/bin/ld.exe: C:\X_Projects\AlarmSystem\AlarmSystem.sdk\AlarmSystem\Debug/../src/clock.c:172: undefined reference to `bcd2int'
c:/xilinx/sdk/2019.1/gnu/aarch32/nt/gcc-arm-none-eabi/bin/../lib/gcc/arm-none-eabi/8.2.0/../../../../arm-none-eabi/bin/ld.exe: C:\X_Projects\AlarmSystem\AlarmSystem.sdk\AlarmSystem\Debug/../src/clock.c:176: undefined reference to `int2bcd'
c:/xilinx/sdk/2019.1/gnu/aarch32/nt/gcc-arm-none-eabi/bin/../lib/gcc/arm-none-eabi/8.2.0/../../../../arm-none-eabi/bin/ld.exe: ./src/main.o: in function `main':
C:\X_Projects\AlarmSystem\AlarmSystem.sdk\AlarmSystem\Debug/../src/main.c:72: undefined reference to `FormatDate'
c:/xilinx/sdk/2019.1/gnu/aarch32/nt/gcc-arm-none-eabi/bin/../lib/gcc/arm-none-eabi/8.2.0/../../../../arm-none-eabi/bin/ld.exe: C:\X_Projects\AlarmSystem\AlarmSystem.sdk\AlarmSystem\Debug/../src/main.c:73: undefined reference to `FormatTime'
c:/xilinx/sdk/2019.1/gnu/aarch32/nt/gcc-arm-none-eabi/bin/../lib/gcc/arm-none-eabi/8.2.0/../../../../arm-none-eabi/bin/ld.exe: C:\X_Projects\AlarmSystem\AlarmSystem.sdk\AlarmSystem\Debug/../src/main.c:79: undefined reference to `FormatDate'
c:/xilinx/sdk/2019.1/gnu/aarch32/nt/gcc-arm-none-eabi/bin/../lib/gcc/arm-none-eabi/8.2.0/../../../../arm-none-eabi/bin/ld.exe: C:\X_Projects\AlarmSystem\AlarmSystem.sdk\AlarmSystem\Debug/../src/main.c:80: undefined reference to `FormatTime'
c:/xilinx/sdk/2019.1/gnu/aarch32/nt/gcc-arm-none-eabi/bin/../lib/gcc/arm-none-eabi/8.2.0/../../../../arm-none-eabi/bin/ld.exe: C:\X_Projects\AlarmSystem\AlarmSystem.sdk\AlarmSystem\Debug/../src/main.c:120: undefined reference to `FormatDate'
c:/xilinx/sdk/2019.1/gnu/aarch32/nt/gcc-arm-none-eabi/bin/../lib/gcc/arm-none-eabi/8.2.0/../../../../arm-none-eabi/bin/ld.exe: C:\X_Projects\AlarmSystem\AlarmSystem.sdk\AlarmSystem\Debug/../src/main.c:121: undefined reference to `FormatTime'
collect2.exe: error: ld returned 1 exit status
make: *** [makefile:41: AlarmSystem.elf] Error 1
23:04:29 **** Auto Build of configuration Debug for project AlarmSystem ****
make pre-build main-build 
a9-linaro-pre-build-step
' '
'Building file: ../src/main.c'
'Invoking: ARM v7 gcc compiler'
arm-none-eabi-gcc -Wall -O0 -g3 -I../../AlarmSystem_bsp/ps7_cortexa9_0/include -I"C:\X_Projects\AlarmSystem\AlarmSystem.sdk\AlarmSystem" -I"C:\X_Projects\AlarmSystem\AlarmSystem.sdk\AlarmSystem\inc" -c -fmessage-length=0 -MT"src/main.o" -mcpu=cortex-a9 -mfpu=vfpv3 -mfloat-abi=hard -MMD -MP -MF"src/main.d" -MT"src/main.o" -o "src/main.o" "../src/main.c"
'Finished building: ../src/main.c'
' '
'Building target: AlarmSystem.elf'
'Invoking: ARM v7 gcc linker'
arm-none-eabi-gcc -mcpu=cortex-a9 -mfpu=vfpv3 -mfloat-abi=hard -Wl,-build-id=none -specs=Xilinx.spec -Wl,-T -Wl,../src/lscript.ld -L../../AlarmSystem_bsp/ps7_cortexa9_0/lib -o "AlarmSystem.elf"  ./src/clock.o ./src/data_handle.o ./src/interrupt_handler.o ./src/io.o ./src/lab7.o ./src/main.o ./src/oled.o   -Wl,--start-group,-lxil,-lgcc,-lc,--end-group
c:/xilinx/sdk/2019.1/gnu/aarch32/nt/gcc-arm-none-eabi/bin/../lib/gcc/arm-none-eabi/8.2.0/../../../../arm-none-eabi/bin/ld.exe: ./src/main.o:C:\X_Projects\AlarmSystem\AlarmSystem.sdk\AlarmSystem\Debug/../src/main.c:62: multiple definition of `weekdays'; ./src/clock.o:(.data+0x0): first defined here
collect2.exe: error: ld returned 1 exit status
make: *** [makefile:41: AlarmSystem.elf] Error 1
23:05:07 **** Auto Build of configuration Debug for project AlarmSystem ****
make pre-build main-build 
a9-linaro-pre-build-step
' '
'Building file: ../src/clock.c'
'Invoking: ARM v7 gcc compiler'
arm-none-eabi-gcc -Wall -O0 -g3 -I../../AlarmSystem_bsp/ps7_cortexa9_0/include -I"C:\X_Projects\AlarmSystem\AlarmSystem.sdk\AlarmSystem" -I"C:\X_Projects\AlarmSystem\AlarmSystem.sdk\AlarmSystem\inc" -c -fmessage-length=0 -MT"src/clock.o" -mcpu=cortex-a9 -mfpu=vfpv3 -mfloat-abi=hard -MMD -MP -MF"src/clock.d" -MT"src/clock.o" -o "src/clock.o" "../src/clock.c"
../src/clock.c:15:1: error: unknown type name 'PmodRTCC'
 PmodRTCC clock;
 ^~~~~~~~
../src/clock.c:17:1: error: unknown type name 'Time'
 Time Clock_DecrementTime(Time time, int delta_seconds);
 ^~~~
../src/clock.c:17:26: error: unknown type name 'Time'
 Time Clock_DecrementTime(Time time, int delta_seconds);
                          ^~~~
../src/clock.c: In function 'Clock_Init':
../src/clock.c:34:5: error: unknown type name 'Time'
     Time time;
     ^~~~
../src/clock.c:36:5: warning: implicit declaration of function 'RTCC_begin' [-Wimplicit-function-declaration]
     RTCC_begin(&clock,XPAR_PMODRTCC_0_AXI_LITE_IIC_BASEADDR, 0x6F);
     ^~~~~~~~~~
../src/clock.c:38:9: warning: implicit declaration of function 'RTCC_checkVbat' [-Wimplicit-function-declaration]
     if(!RTCC_checkVbat(&clock)||mode){
         ^~~~~~~~~~~~~~
../src/clock.c:39:6: warning: implicit declaration of function 'RTCC_stopClock' [-Wimplicit-function-declaration]
      RTCC_stopClock(&clock);
      ^~~~~~~~~~~~~~
../src/clock.c:40:10: error: request for member 'second' in something not a structure or union
      time.second = 0x36;
          ^
../src/clock.c:41:7: error: request for member 'minute' in something not a structure or union
   time.minute = 0x44;
       ^
../src/clock.c:42:7: error: request for member 'hour' in something not a structure or union
   time.hour   = 0x11;
       ^
../src/clock.c:43:7: error: request for member 'ampm' in something not a structure or union
   time.ampm   = RTCC_AM;
       ^
../src/clock.c:43:17: error: 'RTCC_AM' undeclared (first use in this function)
   time.ampm   = RTCC_AM;
                 ^~~~~~~
../src/clock.c:43:17: note: each undeclared identifier is reported only once for each function it appears in
../src/clock.c:44:7: error: request for member 'day' in something not a structure or union
   time.day    = 0x02;
       ^
../src/clock.c:45:7: error: request for member 'date' in something not a structure or union
   time.date   = 0x05;
       ^
../src/clock.c:46:7: error: request for member 'month' in something not a structure or union
   time.month  = 0x12;
       ^
../src/clock.c:47:7: error: request for member 'year' in something not a structure or union
   time.year   = 0x23;
       ^
../src/clock.c:49:10: warning: implicit declaration of function 'Clock_IncrementTime' [-Wimplicit-function-declaration]
   time = Clock_IncrementTime(time, 0); // TEST
          ^~~~~~~~~~~~~~~~~~~
../src/clock.c:50:3: warning: implicit declaration of function 'Clock_SetTime'; did you mean 'Clock_Init'? [-Wimplicit-function-declaration]
   Clock_SetTime(time, CLOCK);
   ^~~~~~~~~~~~~
   Clock_Init
../src/clock.c:50:23: error: 'CLOCK' undeclared (first use in this function)
   Clock_SetTime(time, CLOCK);
                       ^~~~~
../src/clock.c:52:3: warning: implicit declaration of function 'RTCC_startClock' [-Wimplicit-function-declaration]
   RTCC_startClock(&clock);
   ^~~~~~~~~~~~~~~
../src/clock.c:54:3: warning: implicit declaration of function 'RTCC_enableVbat' [-Wimplicit-function-declaration]
   RTCC_enableVbat(&clock);
   ^~~~~~~~~~~~~~~
../src/clock.c:57:13: warning: implicit declaration of function 'Clock_GetTime'; did you mean 'Clock_Init'? [-Wimplicit-function-declaration]
      time = Clock_GetTime(CLOCK);
             ^~~~~~~~~~~~~
             Clock_Init
../src/clock.c:60:5: warning: implicit declaration of function 'RTCC_clearPWRFAIL' [-Wimplicit-function-declaration]
     RTCC_clearPWRFAIL(&clock);
     ^~~~~~~~~~~~~~~~~
../src/clock.c: At top level:
../src/clock.c:68:1: error: unknown type name 'Time'
 Time Clock_GetTime( Target src) {
 ^~~~
../src/clock.c:68:21: error: unknown type name 'Target'
 Time Clock_GetTime( Target src) {
                     ^~~~~~
../src/clock.c:111:20: error: unknown type name 'Time'
 void Clock_SetTime(Time val, Target t) {
                    ^~~~
../src/clock.c:111:30: error: unknown type name 'Target'
 void Clock_SetTime(Time val, Target t) {
                              ^~~~~~
../src/clock.c:124:21: error: unknown type name 'Time'
 void Clock_SetAlarm(Time time){
                     ^~~~
../src/clock.c:133:1: error: unknown type name 'Time'
 Time Clock_IncrementTime(Time time, int delta_seconds) {
 ^~~~
../src/clock.c:133:26: error: unknown type name 'Time'
 Time Clock_IncrementTime(Time time, int delta_seconds) {
                          ^~~~
../src/clock.c:148:1: error: unknown type name 'Time'
 Time Clock_DecrementTime(Time time, int delta_seconds) {
 ^~~~
../src/clock.c:148:26: error: unknown type name 'Time'
 Time Clock_DecrementTime(Time time, int delta_seconds) {
                          ^~~~
../src/clock.c: In function 'Clock_CheckAlarm':
../src/clock.c:182:9: warning: implicit declaration of function 'RTCC_checkFlag' [-Wimplicit-function-declaration]
  return RTCC_checkFlag(&clock, RTCC_TARGET_ALM0);
         ^~~~~~~~~~~~~~
../src/clock.c:182:32: error: 'RTCC_TARGET_ALM0' undeclared (first use in this function)
  return RTCC_checkFlag(&clock, RTCC_TARGET_ALM0);
                                ^~~~~~~~~~~~~~~~
../src/clock.c: At top level:
../src/clock.c:184:24: error: unknown type name 'Target'
 void Clock_ResetAlarm (Target alarm){
                        ^~~~~~
../src/clock.c: In function 'Clock_IsAlarmActive':
../src/clock.c:197:2: warning: implicit declaration of function 'RTCC_ReadIIC' [-Wimplicit-function-declaration]
  RTCC_ReadIIC(&clock, 0x07, &controlReg, 1);
  ^~~~~~~~~~~~
../src/clock.c: In function 'Clock_CheckAlarm':
../src/clock.c:183:1: warning: control reaches end of non-void function [-Wreturn-type]
 }
 ^
make: *** [src/subdir.mk:41: src/clock.o] Error 1
23:05:10 **** Auto Build of configuration Debug for project AlarmSystem ****
make pre-build main-build 
a9-linaro-pre-build-step
' '
'Building file: ../src/clock.c'
'Invoking: ARM v7 gcc compiler'
arm-none-eabi-gcc -Wall -O0 -g3 -I../../AlarmSystem_bsp/ps7_cortexa9_0/include -I"C:\X_Projects\AlarmSystem\AlarmSystem.sdk\AlarmSystem" -I"C:\X_Projects\AlarmSystem\AlarmSystem.sdk\AlarmSystem\inc" -c -fmessage-length=0 -MT"src/clock.o" -mcpu=cortex-a9 -mfpu=vfpv3 -mfloat-abi=hard -MMD -MP -MF"src/clock.d" -MT"src/clock.o" -o "src/clock.o" "../src/clock.c"
'Finished building: ../src/clock.c'
' '
'Building target: AlarmSystem.elf'
'Invoking: ARM v7 gcc linker'
arm-none-eabi-gcc -mcpu=cortex-a9 -mfpu=vfpv3 -mfloat-abi=hard -Wl,-build-id=none -specs=Xilinx.spec -Wl,-T -Wl,../src/lscript.ld -L../../AlarmSystem_bsp/ps7_cortexa9_0/lib -o "AlarmSystem.elf"  ./src/clock.o ./src/data_handle.o ./src/interrupt_handler.o ./src/io.o ./src/lab7.o ./src/main.o ./src/oled.o   -Wl,--start-group,-lxil,-lgcc,-lc,--end-group
'Finished building target: AlarmSystem.elf'
' '
'Invoking: ARM v7 Print Size'
arm-none-eabi-size AlarmSystem.elf  |tee "AlarmSystem.elf.size"
   text	   data	    bss	    dec	    hex	filename
  57392	   2448	  24408	  84248	  14918	AlarmSystem.elf
'Finished building: AlarmSystem.elf.size'
' '
23:05:16 **** Incremental Build of configuration Debug for project AlarmSystem ****
make pre-build main-build 
a9-linaro-pre-build-step
' '
make: Nothing to be done for 'main-build'.
23:07:04 **** Auto Build of configuration Debug for project AlarmSystem ****
make pre-build main-build 
a9-linaro-pre-build-step
' '
'Building file: ../src/main.c'
'Invoking: ARM v7 gcc compiler'
arm-none-eabi-gcc -Wall -O0 -g3 -I../../AlarmSystem_bsp/ps7_cortexa9_0/include -I"C:\X_Projects\AlarmSystem\AlarmSystem.sdk\AlarmSystem" -I"C:\X_Projects\AlarmSystem\AlarmSystem.sdk\AlarmSystem\inc" -c -fmessage-length=0 -MT"src/main.o" -mcpu=cortex-a9 -mfpu=vfpv3 -mfloat-abi=hard -MMD -MP -MF"src/main.d" -MT"src/main.o" -o "src/main.o" "../src/main.c"
../src/main.c:21:8: error: unknown type name 'PmodRTCC'
 extern PmodRTCC clock;
        ^~~~~~~~
../src/main.c: In function 'main':
../src/main.c:71:2: error: unknown type name 'Time'
  Time currentTime = Clock_GetTime(CLOCK);
  ^~~~
../src/main.c:71:21: warning: implicit declaration of function 'Clock_GetTime' [-Wimplicit-function-declaration]
  Time currentTime = Clock_GetTime(CLOCK);
                     ^~~~~~~~~~~~~
../src/main.c:71:35: error: 'CLOCK' undeclared (first use in this function)
  Time currentTime = Clock_GetTime(CLOCK);
                                   ^~~~~
../src/main.c:71:35: note: each undeclared identifier is reported only once for each function it appears in
../src/main.c:72:2: warning: implicit declaration of function 'FormatDate' [-Wimplicit-function-declaration]
  FormatDate(currentTime, dateBuffer );
  ^~~~~~~~~~
../src/main.c:73:2: warning: implicit declaration of function 'FormatTime' [-Wimplicit-function-declaration]
  FormatTime(currentTime, timeBuffer);
  ^~~~~~~~~~
../src/main.c:78:2: error: unknown type name 'Time'
  Time alarm = Clock_IncrementTime(currentTime, 30);
  ^~~~
../src/main.c:78:15: warning: implicit declaration of function 'Clock_IncrementTime' [-Wimplicit-function-declaration]
  Time alarm = Clock_IncrementTime(currentTime, 30);
               ^~~~~~~~~~~~~~~~~~~
../src/main.c:81:2: warning: implicit declaration of function 'Clock_SetAlarm' [-Wimplicit-function-declaration]
  Clock_SetAlarm(alarm);
  ^~~~~~~~~~~~~~
../src/main.c:119:3: error: unknown type name 'Time'
   Time currentTime = Clock_GetTime(CLOCK);
   ^~~~
../src/main.c:128:17: warning: implicit declaration of function 'Clock_IsAlarmActive' [-Wimplicit-function-declaration]
   infoBuffer = (Clock_IsAlarmActive())? "%" : " ";
                 ^~~~~~~~~~~~~~~~~~~
../src/main.c:132:7: warning: implicit declaration of function 'RTCC_checkFlag' [-Wimplicit-function-declaration]
   if (RTCC_checkFlag(&clock, RTCC_TARGET_ALM0)) {
       ^~~~~~~~~~~~~~
../src/main.c:132:30: error: 'RTCC_TARGET_ALM0' undeclared (first use in this function)
   if (RTCC_checkFlag(&clock, RTCC_TARGET_ALM0)) {
                              ^~~~~~~~~~~~~~~~
../src/main.c:136:4: warning: implicit declaration of function 'RTCC_disableAlarm' [-Wimplicit-function-declaration]
    RTCC_disableAlarm(&clock, RTCC_TARGET_ALM0);
    ^~~~~~~~~~~~~~~~~
../src/main.c: In function 'Init_Peripherals':
../src/main.c:167:2: warning: implicit declaration of function 'Clock_Init'; did you mean 'Oled_Init'? [-Wimplicit-function-declaration]
  Clock_Init(SET_CLOCK);
  ^~~~~~~~~~
  Oled_Init
../src/main.c:167:13: error: 'SET_CLOCK' undeclared (first use in this function)
  Clock_Init(SET_CLOCK);
             ^~~~~~~~~
make: *** [src/subdir.mk:41: src/main.o] Error 1
23:07:24 **** Auto Build of configuration Debug for project AlarmSystem ****
make pre-build main-build 
a9-linaro-pre-build-step
' '
'Building file: ../src/clock.c'
'Invoking: ARM v7 gcc compiler'
arm-none-eabi-gcc -Wall -O0 -g3 -I../../AlarmSystem_bsp/ps7_cortexa9_0/include -I"C:\X_Projects\AlarmSystem\AlarmSystem.sdk\AlarmSystem" -I"C:\X_Projects\AlarmSystem\AlarmSystem.sdk\AlarmSystem\inc" -c -fmessage-length=0 -MT"src/clock.o" -mcpu=cortex-a9 -mfpu=vfpv3 -mfloat-abi=hard -MMD -MP -MF"src/clock.d" -MT"src/clock.o" -o "src/clock.o" "../src/clock.c"
'Finished building: ../src/clock.c'
' '
'Building file: ../src/data_handle.c'
'Invoking: ARM v7 gcc compiler'
arm-none-eabi-gcc -Wall -O0 -g3 -I../../AlarmSystem_bsp/ps7_cortexa9_0/include -I"C:\X_Projects\AlarmSystem\AlarmSystem.sdk\AlarmSystem" -I"C:\X_Projects\AlarmSystem\AlarmSystem.sdk\AlarmSystem\inc" -c -fmessage-length=0 -MT"src/data_handle.o" -mcpu=cortex-a9 -mfpu=vfpv3 -mfloat-abi=hard -MMD -MP -MF"src/data_handle.d" -MT"src/data_handle.o" -o "src/data_handle.o" "../src/data_handle.c"
'Finished building: ../src/data_handle.c'
' '
'Building file: ../src/main.c'
'Invoking: ARM v7 gcc compiler'
arm-none-eabi-gcc -Wall -O0 -g3 -I../../AlarmSystem_bsp/ps7_cortexa9_0/include -I"C:\X_Projects\AlarmSystem\AlarmSystem.sdk\AlarmSystem" -I"C:\X_Projects\AlarmSystem\AlarmSystem.sdk\AlarmSystem\inc" -c -fmessage-length=0 -MT"src/main.o" -mcpu=cortex-a9 -mfpu=vfpv3 -mfloat-abi=hard -MMD -MP -MF"src/main.d" -MT"src/main.o" -o "src/main.o" "../src/main.c"
'Finished building: ../src/main.c'
' '
'Building file: ../src/oled.c'
'Invoking: ARM v7 gcc compiler'
arm-none-eabi-gcc -Wall -O0 -g3 -I../../AlarmSystem_bsp/ps7_cortexa9_0/include -I"C:\X_Projects\AlarmSystem\AlarmSystem.sdk\AlarmSystem" -I"C:\X_Projects\AlarmSystem\AlarmSystem.sdk\AlarmSystem\inc" -c -fmessage-length=0 -MT"src/oled.o" -mcpu=cortex-a9 -mfpu=vfpv3 -mfloat-abi=hard -MMD -MP -MF"src/oled.d" -MT"src/oled.o" -o "src/oled.o" "../src/oled.c"
'Finished building: ../src/oled.c'
' '
'Building target: AlarmSystem.elf'
'Invoking: ARM v7 gcc linker'
arm-none-eabi-gcc -mcpu=cortex-a9 -mfpu=vfpv3 -mfloat-abi=hard -Wl,-build-id=none -specs=Xilinx.spec -Wl,-T -Wl,../src/lscript.ld -L../../AlarmSystem_bsp/ps7_cortexa9_0/lib -o "AlarmSystem.elf"  ./src/clock.o ./src/data_handle.o ./src/interrupt_handler.o ./src/io.o ./src/lab7.o ./src/main.o ./src/oled.o   -Wl,--start-group,-lxil,-lgcc,-lc,--end-group
'Finished building target: AlarmSystem.elf'
' '
'Invoking: ARM v7 Print Size'
arm-none-eabi-size AlarmSystem.elf  |tee "AlarmSystem.elf.size"
   text	   data	    bss	    dec	    hex	filename
  86316	   3504	  24672	 114492	  1bf3c	AlarmSystem.elf
'Finished building: AlarmSystem.elf.size'
' '
23:07:33 **** Incremental Build of configuration Debug for project AlarmSystem ****
make pre-build main-build 
a9-linaro-pre-build-step
' '
make: Nothing to be done for 'main-build'.
23:07:46 **** Incremental Build of configuration Debug for project AlarmSystem ****
make pre-build main-build 
a9-linaro-pre-build-step
' '
make: Nothing to be done for 'main-build'.
23:08:12 **** Incremental Build of configuration Debug for project AlarmSystem ****
make pre-build main-build 
a9-linaro-pre-build-step
' '
make: Nothing to be done for 'main-build'.
23:09:46 **** Auto Build of configuration Debug for project AlarmSystem ****
make pre-build main-build 
a9-linaro-pre-build-step
' '
'Building file: ../src/oled.c'
'Invoking: ARM v7 gcc compiler'
arm-none-eabi-gcc -Wall -O0 -g3 -I../../AlarmSystem_bsp/ps7_cortexa9_0/include -I"C:\X_Projects\AlarmSystem\AlarmSystem.sdk\AlarmSystem" -I"C:\X_Projects\AlarmSystem\AlarmSystem.sdk\AlarmSystem\inc" -c -fmessage-length=0 -MT"src/oled.o" -mcpu=cortex-a9 -mfpu=vfpv3 -mfloat-abi=hard -MMD -MP -MF"src/oled.d" -MT"src/oled.o" -o "src/oled.o" "../src/oled.c"
'Finished building: ../src/oled.c'
' '
'Building target: AlarmSystem.elf'
'Invoking: ARM v7 gcc linker'
arm-none-eabi-gcc -mcpu=cortex-a9 -mfpu=vfpv3 -mfloat-abi=hard -Wl,-build-id=none -specs=Xilinx.spec -Wl,-T -Wl,../src/lscript.ld -L../../AlarmSystem_bsp/ps7_cortexa9_0/lib -o "AlarmSystem.elf"  ./src/clock.o ./src/data_handle.o ./src/interrupt_handler.o ./src/io.o ./src/lab7.o ./src/main.o ./src/oled.o   -Wl,--start-group,-lxil,-lgcc,-lc,--end-group
'Finished building target: AlarmSystem.elf'
' '
'Invoking: ARM v7 Print Size'
arm-none-eabi-size AlarmSystem.elf  |tee "AlarmSystem.elf.size"
   text	   data	    bss	    dec	    hex	filename
  86316	   3504	  24672	 114492	  1bf3c	AlarmSystem.elf
'Finished building: AlarmSystem.elf.size'
' '
23:09:50 **** Incremental Build of configuration Debug for project AlarmSystem ****
make pre-build main-build 
a9-linaro-pre-build-step
' '
make: Nothing to be done for 'main-build'.
23:10:07 **** Incremental Build of configuration Debug for project AlarmSystem ****
make pre-build main-build 
a9-linaro-pre-build-step
' '
make: Nothing to be done for 'main-build'.
23:12:34 **** Incremental Build of configuration Debug for project AlarmSystem ****
make pre-build main-build 
a9-linaro-pre-build-step
' '
'Building file: ../src/oled.c'
'Invoking: ARM v7 gcc compiler'
arm-none-eabi-gcc -Wall -O0 -g3 -I../../AlarmSystem_bsp/ps7_cortexa9_0/include -I"C:\X_Projects\AlarmSystem\AlarmSystem.sdk\AlarmSystem" -I"C:\X_Projects\AlarmSystem\AlarmSystem.sdk\AlarmSystem\inc" -c -fmessage-length=0 -MT"src/oled.o" -mcpu=cortex-a9 -mfpu=vfpv3 -mfloat-abi=hard -MMD -MP -MF"src/oled.d" -MT"src/oled.o" -o "src/oled.o" "../src/oled.c"
'Finished building: ../src/oled.c'
' '
'Building target: AlarmSystem.elf'
'Invoking: ARM v7 gcc linker'
arm-none-eabi-gcc -mcpu=cortex-a9 -mfpu=vfpv3 -mfloat-abi=hard -Wl,-build-id=none -specs=Xilinx.spec -Wl,-T -Wl,../src/lscript.ld -L../../AlarmSystem_bsp/ps7_cortexa9_0/lib -o "AlarmSystem.elf"  ./src/clock.o ./src/data_handle.o ./src/interrupt_handler.o ./src/io.o ./src/lab7.o ./src/main.o ./src/oled.o   -Wl,--start-group,-lxil,-lgcc,-lc,--end-group
'Finished building target: AlarmSystem.elf'
' '
'Invoking: ARM v7 Print Size'
arm-none-eabi-size AlarmSystem.elf  |tee "AlarmSystem.elf.size"
   text	   data	    bss	    dec	    hex	filename
  86316	   3504	  24672	 114492	  1bf3c	AlarmSystem.elf
'Finished building: AlarmSystem.elf.size'
' '
23:13:09 **** Auto Build of configuration Debug for project AlarmSystem ****
make pre-build main-build 
a9-linaro-pre-build-step
' '
'Building file: ../src/oled.c'
'Invoking: ARM v7 gcc compiler'
arm-none-eabi-gcc -Wall -O0 -g3 -I../../AlarmSystem_bsp/ps7_cortexa9_0/include -I"C:\X_Projects\AlarmSystem\AlarmSystem.sdk\AlarmSystem" -I"C:\X_Projects\AlarmSystem\AlarmSystem.sdk\AlarmSystem\inc" -c -fmessage-length=0 -MT"src/oled.o" -mcpu=cortex-a9 -mfpu=vfpv3 -mfloat-abi=hard -MMD -MP -MF"src/oled.d" -MT"src/oled.o" -o "src/oled.o" "../src/oled.c"
'Finished building: ../src/oled.c'
' '
'Building target: AlarmSystem.elf'
'Invoking: ARM v7 gcc linker'
arm-none-eabi-gcc -mcpu=cortex-a9 -mfpu=vfpv3 -mfloat-abi=hard -Wl,-build-id=none -specs=Xilinx.spec -Wl,-T -Wl,../src/lscript.ld -L../../AlarmSystem_bsp/ps7_cortexa9_0/lib -o "AlarmSystem.elf"  ./src/clock.o ./src/data_handle.o ./src/interrupt_handler.o ./src/io.o ./src/lab7.o ./src/main.o ./src/oled.o   -Wl,--start-group,-lxil,-lgcc,-lc,--end-group
'Finished building target: AlarmSystem.elf'
' '
'Invoking: ARM v7 Print Size'
arm-none-eabi-size AlarmSystem.elf  |tee "AlarmSystem.elf.size"
   text	   data	    bss	    dec	    hex	filename
  86316	   3504	  24672	 114492	  1bf3c	AlarmSystem.elf
'Finished building: AlarmSystem.elf.size'
' '
23:13:34 **** Auto Build of configuration Debug for project AlarmSystem ****
make pre-build main-build 
a9-linaro-pre-build-step
' '
'Building file: ../src/main.c'
'Invoking: ARM v7 gcc compiler'
arm-none-eabi-gcc -Wall -O0 -g3 -I../../AlarmSystem_bsp/ps7_cortexa9_0/include -I"C:\X_Projects\AlarmSystem\AlarmSystem.sdk\AlarmSystem" -I"C:\X_Projects\AlarmSystem\AlarmSystem.sdk\AlarmSystem\inc" -c -fmessage-length=0 -MT"src/main.o" -mcpu=cortex-a9 -mfpu=vfpv3 -mfloat-abi=hard -MMD -MP -MF"src/main.d" -MT"src/main.o" -o "src/main.o" "../src/main.c"
'Finished building: ../src/main.c'
' '
'Building target: AlarmSystem.elf'
'Invoking: ARM v7 gcc linker'
arm-none-eabi-gcc -mcpu=cortex-a9 -mfpu=vfpv3 -mfloat-abi=hard -Wl,-build-id=none -specs=Xilinx.spec -Wl,-T -Wl,../src/lscript.ld -L../../AlarmSystem_bsp/ps7_cortexa9_0/lib -o "AlarmSystem.elf"  ./src/clock.o ./src/data_handle.o ./src/interrupt_handler.o ./src/io.o ./src/lab7.o ./src/main.o ./src/oled.o   -Wl,--start-group,-lxil,-lgcc,-lc,--end-group
'Finished building target: AlarmSystem.elf'
' '
'Invoking: ARM v7 Print Size'
arm-none-eabi-size AlarmSystem.elf  |tee "AlarmSystem.elf.size"
   text	   data	    bss	    dec	    hex	filename
  86316	   3504	  24672	 114492	  1bf3c	AlarmSystem.elf
'Finished building: AlarmSystem.elf.size'
' '
23:13:40 **** Incremental Build of configuration Debug for project AlarmSystem ****
make pre-build main-build 
a9-linaro-pre-build-step
' '
make: Nothing to be done for 'main-build'.
23:13:57 **** Incremental Build of configuration Debug for project AlarmSystem ****
make pre-build main-build 
a9-linaro-pre-build-step
' '
make: Nothing to be done for 'main-build'.
23:15:10 **** Incremental Build of configuration Debug for project AlarmSystem ****
make pre-build main-build 
a9-linaro-pre-build-step
' '
make: Nothing to be done for 'main-build'.
23:50:05 **** Auto Build of configuration Debug for project AlarmSystem ****
make pre-build main-build 
a9-linaro-pre-build-step
' '
'Building file: ../src/oled.c'
'Invoking: ARM v7 gcc compiler'
arm-none-eabi-gcc -Wall -O0 -g3 -I../../AlarmSystem_bsp/ps7_cortexa9_0/include -I"C:\X_Projects\AlarmSystem\AlarmSystem.sdk\AlarmSystem" -I"C:\X_Projects\AlarmSystem\AlarmSystem.sdk\AlarmSystem\inc" -c -fmessage-length=0 -MT"src/oled.o" -mcpu=cortex-a9 -mfpu=vfpv3 -mfloat-abi=hard -MMD -MP -MF"src/oled.d" -MT"src/oled.o" -o "src/oled.o" "../src/oled.c"
'Finished building: ../src/oled.c'
' '
'Building target: AlarmSystem.elf'
'Invoking: ARM v7 gcc linker'
arm-none-eabi-gcc -mcpu=cortex-a9 -mfpu=vfpv3 -mfloat-abi=hard -Wl,-build-id=none -specs=Xilinx.spec -Wl,-T -Wl,../src/lscript.ld -L../../AlarmSystem_bsp/ps7_cortexa9_0/lib -o "AlarmSystem.elf"  ./src/clock.o ./src/data_handle.o ./src/interrupt_handler.o ./src/io.o ./src/lab7.o ./src/main.o ./src/oled.o   -Wl,--start-group,-lxil,-lgcc,-lc,--end-group
'Finished building target: AlarmSystem.elf'
' '
'Invoking: ARM v7 Print Size'
arm-none-eabi-size AlarmSystem.elf  |tee "AlarmSystem.elf.size"
   text	   data	    bss	    dec	    hex	filename
  86316	   3504	  24672	 114492	  1bf3c	AlarmSystem.elf
'Finished building: AlarmSystem.elf.size'
' '
23:50:09 **** Incremental Build of configuration Debug for project AlarmSystem ****
make pre-build main-build 
a9-linaro-pre-build-step
' '
make: Nothing to be done for 'main-build'.
23:50:31 **** Incremental Build of configuration Debug for project AlarmSystem ****
make pre-build main-build 
a9-linaro-pre-build-step
' '
'Building file: ../src/oled.c'
'Invoking: ARM v7 gcc compiler'
arm-none-eabi-gcc -Wall -O0 -g3 -I../../AlarmSystem_bsp/ps7_cortexa9_0/include -I"C:\X_Projects\AlarmSystem\AlarmSystem.sdk\AlarmSystem" -I"C:\X_Projects\AlarmSystem\AlarmSystem.sdk\AlarmSystem\inc" -c -fmessage-length=0 -MT"src/oled.o" -mcpu=cortex-a9 -mfpu=vfpv3 -mfloat-abi=hard -MMD -MP -MF"src/oled.d" -MT"src/oled.o" -o "src/oled.o" "../src/oled.c"
'Finished building: ../src/oled.c'
' '
'Building target: AlarmSystem.elf'
'Invoking: ARM v7 gcc linker'
arm-none-eabi-gcc -mcpu=cortex-a9 -mfpu=vfpv3 -mfloat-abi=hard -Wl,-build-id=none -specs=Xilinx.spec -Wl,-T -Wl,../src/lscript.ld -L../../AlarmSystem_bsp/ps7_cortexa9_0/lib -o "AlarmSystem.elf"  ./src/clock.o ./src/data_handle.o ./src/interrupt_handler.o ./src/io.o ./src/lab7.o ./src/main.o ./src/oled.o   -Wl,--start-group,-lxil,-lgcc,-lc,--end-group
'Finished building target: AlarmSystem.elf'
' '
'Invoking: ARM v7 Print Size'
arm-none-eabi-size AlarmSystem.elf  |tee "AlarmSystem.elf.size"
   text	   data	    bss	    dec	    hex	filename
  86316	   3504	  24672	 114492	  1bf3c	AlarmSystem.elf
'Finished building: AlarmSystem.elf.size'
' '
23:54:46 **** Auto Build of configuration Debug for project AlarmSystem ****
make pre-build main-build 
a9-linaro-pre-build-step
' '
'Building file: ../src/oled.c'
'Invoking: ARM v7 gcc compiler'
arm-none-eabi-gcc -Wall -O0 -g3 -I../../AlarmSystem_bsp/ps7_cortexa9_0/include -I"C:\X_Projects\AlarmSystem\AlarmSystem.sdk\AlarmSystem" -I"C:\X_Projects\AlarmSystem\AlarmSystem.sdk\AlarmSystem\inc" -c -fmessage-length=0 -MT"src/oled.o" -mcpu=cortex-a9 -mfpu=vfpv3 -mfloat-abi=hard -MMD -MP -MF"src/oled.d" -MT"src/oled.o" -o "src/oled.o" "../src/oled.c"
../src/oled.c:85:13: warning: 'DrawDivs' defined but not used [-Wunused-function]
 static void DrawDivs(){
             ^~~~~~~~
'Finished building: ../src/oled.c'
' '
'Building target: AlarmSystem.elf'
'Invoking: ARM v7 gcc linker'
arm-none-eabi-gcc -mcpu=cortex-a9 -mfpu=vfpv3 -mfloat-abi=hard -Wl,-build-id=none -specs=Xilinx.spec -Wl,-T -Wl,../src/lscript.ld -L../../AlarmSystem_bsp/ps7_cortexa9_0/lib -o "AlarmSystem.elf"  ./src/clock.o ./src/data_handle.o ./src/interrupt_handler.o ./src/io.o ./src/lab7.o ./src/main.o ./src/oled.o   -Wl,--start-group,-lxil,-lgcc,-lc,--end-group
'Finished building target: AlarmSystem.elf'
' '
'Invoking: ARM v7 Print Size'
arm-none-eabi-size AlarmSystem.elf  |tee "AlarmSystem.elf.size"
   text	   data	    bss	    dec	    hex	filename
  86404	   3504	  24672	 114580	  1bf94	AlarmSystem.elf
'Finished building: AlarmSystem.elf.size'
' '
23:55:11 **** Auto Build of configuration Debug for project AlarmSystem ****
make pre-build main-build 
a9-linaro-pre-build-step
' '
'Building file: ../src/oled.c'
'Invoking: ARM v7 gcc compiler'
arm-none-eabi-gcc -Wall -O0 -g3 -I../../AlarmSystem_bsp/ps7_cortexa9_0/include -I"C:\X_Projects\AlarmSystem\AlarmSystem.sdk\AlarmSystem" -I"C:\X_Projects\AlarmSystem\AlarmSystem.sdk\AlarmSystem\inc" -c -fmessage-length=0 -MT"src/oled.o" -mcpu=cortex-a9 -mfpu=vfpv3 -mfloat-abi=hard -MMD -MP -MF"src/oled.d" -MT"src/oled.o" -o "src/oled.o" "../src/oled.c"
../src/oled.c: In function 'Oled_Init':
../src/oled.c:72:5: error: 'Draw' undeclared (first use in this function)
     Draw
     ^~~~
../src/oled.c:72:5: note: each undeclared identifier is reported only once for each function it appears in
../src/oled.c:72:9: error: expected ';' before '}' token
     Draw
         ^
         ;
 }
 ~        
../src/oled.c: At top level:
../src/oled.c:86:13: error: static declaration of 'DrawDivs' follows non-static declaration
 static void DrawDivs(){
             ^~~~~~~~
../src/oled.c:62:6: note: previous declaration of 'DrawDivs' was here
 void DrawDivs();
      ^~~~~~~~
../src/oled.c:86:13: warning: 'DrawDivs' defined but not used [-Wunused-function]
 static void DrawDivs(){
             ^~~~~~~~
make: *** [src/subdir.mk:41: src/oled.o] Error 1
23:55:19 **** Auto Build of configuration Debug for project AlarmSystem ****
make pre-build main-build 
a9-linaro-pre-build-step
' '
'Building file: ../src/oled.c'
'Invoking: ARM v7 gcc compiler'
arm-none-eabi-gcc -Wall -O0 -g3 -I../../AlarmSystem_bsp/ps7_cortexa9_0/include -I"C:\X_Projects\AlarmSystem\AlarmSystem.sdk\AlarmSystem" -I"C:\X_Projects\AlarmSystem\AlarmSystem.sdk\AlarmSystem\inc" -c -fmessage-length=0 -MT"src/oled.o" -mcpu=cortex-a9 -mfpu=vfpv3 -mfloat-abi=hard -MMD -MP -MF"src/oled.d" -MT"src/oled.o" -o "src/oled.o" "../src/oled.c"
../src/oled.c: In function 'Oled_Init':
../src/oled.c:72:5: error: 'Draw' undeclared (first use in this function)
     Draw
     ^~~~
../src/oled.c:72:5: note: each undeclared identifier is reported only once for each function it appears in
../src/oled.c:72:9: error: expected ';' before '}' token
     Draw
         ^
         ;
 }
 ~        
At top level:
../src/oled.c:86:13: warning: 'DrawDivs' defined but not used [-Wunused-function]
 static void DrawDivs(){
             ^~~~~~~~
make: *** [src/subdir.mk:41: src/oled.o] Error 1
23:55:22 **** Auto Build of configuration Debug for project AlarmSystem ****
make pre-build main-build 
a9-linaro-pre-build-step
' '
'Building file: ../src/oled.c'
'Invoking: ARM v7 gcc compiler'
arm-none-eabi-gcc -Wall -O0 -g3 -I../../AlarmSystem_bsp/ps7_cortexa9_0/include -I"C:\X_Projects\AlarmSystem\AlarmSystem.sdk\AlarmSystem" -I"C:\X_Projects\AlarmSystem\AlarmSystem.sdk\AlarmSystem\inc" -c -fmessage-length=0 -MT"src/oled.o" -mcpu=cortex-a9 -mfpu=vfpv3 -mfloat-abi=hard -MMD -MP -MF"src/oled.d" -MT"src/oled.o" -o "src/oled.o" "../src/oled.c"
'Finished building: ../src/oled.c'
' '
'Building target: AlarmSystem.elf'
'Invoking: ARM v7 gcc linker'
arm-none-eabi-gcc -mcpu=cortex-a9 -mfpu=vfpv3 -mfloat-abi=hard -Wl,-build-id=none -specs=Xilinx.spec -Wl,-T -Wl,../src/lscript.ld -L../../AlarmSystem_bsp/ps7_cortexa9_0/lib -o "AlarmSystem.elf"  ./src/clock.o ./src/data_handle.o ./src/interrupt_handler.o ./src/io.o ./src/lab7.o ./src/main.o ./src/oled.o   -Wl,--start-group,-lxil,-lgcc,-lc,--end-group
'Finished building target: AlarmSystem.elf'
' '
'Invoking: ARM v7 Print Size'
arm-none-eabi-size AlarmSystem.elf  |tee "AlarmSystem.elf.size"
   text	   data	    bss	    dec	    hex	filename
  86404	   3504	  24672	 114580	  1bf94	AlarmSystem.elf
'Finished building: AlarmSystem.elf.size'
' '
23:55:27 **** Incremental Build of configuration Debug for project AlarmSystem ****
make pre-build main-build 
a9-linaro-pre-build-step
' '
make: Nothing to be done for 'main-build'.
23:55:57 **** Auto Build of configuration Debug for project AlarmSystem ****
make pre-build main-build 
a9-linaro-pre-build-step
' '
'Building file: ../src/oled.c'
'Invoking: ARM v7 gcc compiler'
arm-none-eabi-gcc -Wall -O0 -g3 -I../../AlarmSystem_bsp/ps7_cortexa9_0/include -I"C:\X_Projects\AlarmSystem\AlarmSystem.sdk\AlarmSystem" -I"C:\X_Projects\AlarmSystem\AlarmSystem.sdk\AlarmSystem\inc" -c -fmessage-length=0 -MT"src/oled.o" -mcpu=cortex-a9 -mfpu=vfpv3 -mfloat-abi=hard -MMD -MP -MF"src/oled.d" -MT"src/oled.o" -o "src/oled.o" "../src/oled.c"
'Finished building: ../src/oled.c'
' '
'Building target: AlarmSystem.elf'
'Invoking: ARM v7 gcc linker'
arm-none-eabi-gcc -mcpu=cortex-a9 -mfpu=vfpv3 -mfloat-abi=hard -Wl,-build-id=none -specs=Xilinx.spec -Wl,-T -Wl,../src/lscript.ld -L../../AlarmSystem_bsp/ps7_cortexa9_0/lib -o "AlarmSystem.elf"  ./src/clock.o ./src/data_handle.o ./src/interrupt_handler.o ./src/io.o ./src/lab7.o ./src/main.o ./src/oled.o   -Wl,--start-group,-lxil,-lgcc,-lc,--end-group
'Finished building target: AlarmSystem.elf'
' '
'Invoking: ARM v7 Print Size'
arm-none-eabi-size AlarmSystem.elf  |tee "AlarmSystem.elf.size"
   text	   data	    bss	    dec	    hex	filename
  86404	   3504	  24672	 114580	  1bf94	AlarmSystem.elf
'Finished building: AlarmSystem.elf.size'
' '
23:56:02 **** Incremental Build of configuration Debug for project AlarmSystem ****
make pre-build main-build 
a9-linaro-pre-build-step
' '
make: Nothing to be done for 'main-build'.
23:56:32 **** Auto Build of configuration Debug for project AlarmSystem ****
make pre-build main-build 
a9-linaro-pre-build-step
' '
'Building file: ../src/oled.c'
'Invoking: ARM v7 gcc compiler'
arm-none-eabi-gcc -Wall -O0 -g3 -I../../AlarmSystem_bsp/ps7_cortexa9_0/include -I"C:\X_Projects\AlarmSystem\AlarmSystem.sdk\AlarmSystem" -I"C:\X_Projects\AlarmSystem\AlarmSystem.sdk\AlarmSystem\inc" -c -fmessage-length=0 -MT"src/oled.o" -mcpu=cortex-a9 -mfpu=vfpv3 -mfloat-abi=hard -MMD -MP -MF"src/oled.d" -MT"src/oled.o" -o "src/oled.o" "../src/oled.c"
'Finished building: ../src/oled.c'
' '
'Building target: AlarmSystem.elf'
'Invoking: ARM v7 gcc linker'
arm-none-eabi-gcc -mcpu=cortex-a9 -mfpu=vfpv3 -mfloat-abi=hard -Wl,-build-id=none -specs=Xilinx.spec -Wl,-T -Wl,../src/lscript.ld -L../../AlarmSystem_bsp/ps7_cortexa9_0/lib -o "AlarmSystem.elf"  ./src/clock.o ./src/data_handle.o ./src/interrupt_handler.o ./src/io.o ./src/lab7.o ./src/main.o ./src/oled.o   -Wl,--start-group,-lxil,-lgcc,-lc,--end-group
'Finished building target: AlarmSystem.elf'
' '
'Invoking: ARM v7 Print Size'
arm-none-eabi-size AlarmSystem.elf  |tee "AlarmSystem.elf.size"
   text	   data	    bss	    dec	    hex	filename
  86404	   3504	  24672	 114580	  1bf94	AlarmSystem.elf
'Finished building: AlarmSystem.elf.size'
' '
23:56:36 **** Incremental Build of configuration Debug for project AlarmSystem ****
make pre-build main-build 
a9-linaro-pre-build-step
' '
make: Nothing to be done for 'main-build'.
23:57:22 **** Auto Build of configuration Debug for project AlarmSystem ****
make pre-build main-build 
a9-linaro-pre-build-step
' '
'Building file: ../src/oled.c'
'Invoking: ARM v7 gcc compiler'
arm-none-eabi-gcc -Wall -O0 -g3 -I../../AlarmSystem_bsp/ps7_cortexa9_0/include -I"C:\X_Projects\AlarmSystem\AlarmSystem.sdk\AlarmSystem" -I"C:\X_Projects\AlarmSystem\AlarmSystem.sdk\AlarmSystem\inc" -c -fmessage-length=0 -MT"src/oled.o" -mcpu=cortex-a9 -mfpu=vfpv3 -mfloat-abi=hard -MMD -MP -MF"src/oled.d" -MT"src/oled.o" -o "src/oled.o" "../src/oled.c"
'Finished building: ../src/oled.c'
' '
'Building target: AlarmSystem.elf'
'Invoking: ARM v7 gcc linker'
arm-none-eabi-gcc -mcpu=cortex-a9 -mfpu=vfpv3 -mfloat-abi=hard -Wl,-build-id=none -specs=Xilinx.spec -Wl,-T -Wl,../src/lscript.ld -L../../AlarmSystem_bsp/ps7_cortexa9_0/lib -o "AlarmSystem.elf"  ./src/clock.o ./src/data_handle.o ./src/interrupt_handler.o ./src/io.o ./src/lab7.o ./src/main.o ./src/oled.o   -Wl,--start-group,-lxil,-lgcc,-lc,--end-group
'Finished building target: AlarmSystem.elf'
' '
'Invoking: ARM v7 Print Size'
arm-none-eabi-size AlarmSystem.elf  |tee "AlarmSystem.elf.size"
   text	   data	    bss	    dec	    hex	filename
  86404	   3504	  24672	 114580	  1bf94	AlarmSystem.elf
'Finished building: AlarmSystem.elf.size'
' '
23:57:34 **** Incremental Build of configuration Debug for project AlarmSystem ****
make pre-build main-build 
a9-linaro-pre-build-step
' '
make: Nothing to be done for 'main-build'.
23:57:49 **** Auto Build of configuration Debug for project AlarmSystem ****
make pre-build main-build 
a9-linaro-pre-build-step
' '
'Building file: ../src/oled.c'
'Invoking: ARM v7 gcc compiler'
arm-none-eabi-gcc -Wall -O0 -g3 -I../../AlarmSystem_bsp/ps7_cortexa9_0/include -I"C:\X_Projects\AlarmSystem\AlarmSystem.sdk\AlarmSystem" -I"C:\X_Projects\AlarmSystem\AlarmSystem.sdk\AlarmSystem\inc" -c -fmessage-length=0 -MT"src/oled.o" -mcpu=cortex-a9 -mfpu=vfpv3 -mfloat-abi=hard -MMD -MP -MF"src/oled.d" -MT"src/oled.o" -o "src/oled.o" "../src/oled.c"
'Finished building: ../src/oled.c'
' '
'Building target: AlarmSystem.elf'
'Invoking: ARM v7 gcc linker'
arm-none-eabi-gcc -mcpu=cortex-a9 -mfpu=vfpv3 -mfloat-abi=hard -Wl,-build-id=none -specs=Xilinx.spec -Wl,-T -Wl,../src/lscript.ld -L../../AlarmSystem_bsp/ps7_cortexa9_0/lib -o "AlarmSystem.elf"  ./src/clock.o ./src/data_handle.o ./src/interrupt_handler.o ./src/io.o ./src/lab7.o ./src/main.o ./src/oled.o   -Wl,--start-group,-lxil,-lgcc,-lc,--end-group
'Finished building target: AlarmSystem.elf'
' '
'Invoking: ARM v7 Print Size'
arm-none-eabi-size AlarmSystem.elf  |tee "AlarmSystem.elf.size"
   text	   data	    bss	    dec	    hex	filename
  86404	   3504	  24672	 114580	  1bf94	AlarmSystem.elf
'Finished building: AlarmSystem.elf.size'
' '
23:57:53 **** Incremental Build of configuration Debug for project AlarmSystem ****
make pre-build main-build 
a9-linaro-pre-build-step
' '
make: Nothing to be done for 'main-build'.
23:58:20 **** Auto Build of configuration Debug for project AlarmSystem ****
make pre-build main-build 
a9-linaro-pre-build-step
' '
'Building file: ../src/oled.c'
'Invoking: ARM v7 gcc compiler'
arm-none-eabi-gcc -Wall -O0 -g3 -I../../AlarmSystem_bsp/ps7_cortexa9_0/include -I"C:\X_Projects\AlarmSystem\AlarmSystem.sdk\AlarmSystem" -I"C:\X_Projects\AlarmSystem\AlarmSystem.sdk\AlarmSystem\inc" -c -fmessage-length=0 -MT"src/oled.o" -mcpu=cortex-a9 -mfpu=vfpv3 -mfloat-abi=hard -MMD -MP -MF"src/oled.d" -MT"src/oled.o" -o "src/oled.o" "../src/oled.c"
'Finished building: ../src/oled.c'
' '
'Building target: AlarmSystem.elf'
'Invoking: ARM v7 gcc linker'
arm-none-eabi-gcc -mcpu=cortex-a9 -mfpu=vfpv3 -mfloat-abi=hard -Wl,-build-id=none -specs=Xilinx.spec -Wl,-T -Wl,../src/lscript.ld -L../../AlarmSystem_bsp/ps7_cortexa9_0/lib -o "AlarmSystem.elf"  ./src/clock.o ./src/data_handle.o ./src/interrupt_handler.o ./src/io.o ./src/lab7.o ./src/main.o ./src/oled.o   -Wl,--start-group,-lxil,-lgcc,-lc,--end-group
'Finished building target: AlarmSystem.elf'
' '
'Invoking: ARM v7 Print Size'
arm-none-eabi-size AlarmSystem.elf  |tee "AlarmSystem.elf.size"
   text	   data	    bss	    dec	    hex	filename
  86404	   3504	  24672	 114580	  1bf94	AlarmSystem.elf
'Finished building: AlarmSystem.elf.size'
' '
23:58:24 **** Incremental Build of configuration Debug for project AlarmSystem ****
make pre-build main-build 
a9-linaro-pre-build-step
' '
make: Nothing to be done for 'main-build'.
23:58:48 **** Auto Build of configuration Debug for project AlarmSystem ****
make pre-build main-build 
a9-linaro-pre-build-step
' '
'Building file: ../src/oled.c'
'Invoking: ARM v7 gcc compiler'
arm-none-eabi-gcc -Wall -O0 -g3 -I../../AlarmSystem_bsp/ps7_cortexa9_0/include -I"C:\X_Projects\AlarmSystem\AlarmSystem.sdk\AlarmSystem" -I"C:\X_Projects\AlarmSystem\AlarmSystem.sdk\AlarmSystem\inc" -c -fmessage-length=0 -MT"src/oled.o" -mcpu=cortex-a9 -mfpu=vfpv3 -mfloat-abi=hard -MMD -MP -MF"src/oled.d" -MT"src/oled.o" -o "src/oled.o" "../src/oled.c"
'Finished building: ../src/oled.c'
' '
'Building target: AlarmSystem.elf'
'Invoking: ARM v7 gcc linker'
arm-none-eabi-gcc -mcpu=cortex-a9 -mfpu=vfpv3 -mfloat-abi=hard -Wl,-build-id=none -specs=Xilinx.spec -Wl,-T -Wl,../src/lscript.ld -L../../AlarmSystem_bsp/ps7_cortexa9_0/lib -o "AlarmSystem.elf"  ./src/clock.o ./src/data_handle.o ./src/interrupt_handler.o ./src/io.o ./src/lab7.o ./src/main.o ./src/oled.o   -Wl,--start-group,-lxil,-lgcc,-lc,--end-group
'Finished building target: AlarmSystem.elf'
' '
'Invoking: ARM v7 Print Size'
arm-none-eabi-size AlarmSystem.elf  |tee "AlarmSystem.elf.size"
   text	   data	    bss	    dec	    hex	filename
  86404	   3504	  24672	 114580	  1bf94	AlarmSystem.elf
'Finished building: AlarmSystem.elf.size'
' '
23:58:56 **** Incremental Build of configuration Debug for project AlarmSystem ****
make pre-build main-build 
a9-linaro-pre-build-step
' '
make: Nothing to be done for 'main-build'.
23:59:29 **** Auto Build of configuration Debug for project AlarmSystem ****
make pre-build main-build 
a9-linaro-pre-build-step
' '
'Building file: ../src/oled.c'
'Invoking: ARM v7 gcc compiler'
arm-none-eabi-gcc -Wall -O0 -g3 -I../../AlarmSystem_bsp/ps7_cortexa9_0/include -I"C:\X_Projects\AlarmSystem\AlarmSystem.sdk\AlarmSystem" -I"C:\X_Projects\AlarmSystem\AlarmSystem.sdk\AlarmSystem\inc" -c -fmessage-length=0 -MT"src/oled.o" -mcpu=cortex-a9 -mfpu=vfpv3 -mfloat-abi=hard -MMD -MP -MF"src/oled.d" -MT"src/oled.o" -o "src/oled.o" "../src/oled.c"
'Finished building: ../src/oled.c'
' '
'Building target: AlarmSystem.elf'
'Invoking: ARM v7 gcc linker'
arm-none-eabi-gcc -mcpu=cortex-a9 -mfpu=vfpv3 -mfloat-abi=hard -Wl,-build-id=none -specs=Xilinx.spec -Wl,-T -Wl,../src/lscript.ld -L../../AlarmSystem_bsp/ps7_cortexa9_0/lib -o "AlarmSystem.elf"  ./src/clock.o ./src/data_handle.o ./src/interrupt_handler.o ./src/io.o ./src/lab7.o ./src/main.o ./src/oled.o   -Wl,--start-group,-lxil,-lgcc,-lc,--end-group
'Finished building target: AlarmSystem.elf'
' '
'Invoking: ARM v7 Print Size'
arm-none-eabi-size AlarmSystem.elf  |tee "AlarmSystem.elf.size"
   text	   data	    bss	    dec	    hex	filename
  86404	   3504	  24672	 114580	  1bf94	AlarmSystem.elf
'Finished building: AlarmSystem.elf.size'
' '
23:59:33 **** Incremental Build of configuration Debug for project AlarmSystem ****
make pre-build main-build 
a9-linaro-pre-build-step
' '
make: Nothing to be done for 'main-build'.
00:00:08 **** Auto Build of configuration Debug for project AlarmSystem ****
make pre-build main-build 
a9-linaro-pre-build-step
' '
'Building file: ../src/oled.c'
'Invoking: ARM v7 gcc compiler'
arm-none-eabi-gcc -Wall -O0 -g3 -I../../AlarmSystem_bsp/ps7_cortexa9_0/include -I"C:\X_Projects\AlarmSystem\AlarmSystem.sdk\AlarmSystem" -I"C:\X_Projects\AlarmSystem\AlarmSystem.sdk\AlarmSystem\inc" -c -fmessage-length=0 -MT"src/oled.o" -mcpu=cortex-a9 -mfpu=vfpv3 -mfloat-abi=hard -MMD -MP -MF"src/oled.d" -MT"src/oled.o" -o "src/oled.o" "../src/oled.c"
'Finished building: ../src/oled.c'
' '
'Building target: AlarmSystem.elf'
'Invoking: ARM v7 gcc linker'
arm-none-eabi-gcc -mcpu=cortex-a9 -mfpu=vfpv3 -mfloat-abi=hard -Wl,-build-id=none -specs=Xilinx.spec -Wl,-T -Wl,../src/lscript.ld -L../../AlarmSystem_bsp/ps7_cortexa9_0/lib -o "AlarmSystem.elf"  ./src/clock.o ./src/data_handle.o ./src/interrupt_handler.o ./src/io.o ./src/lab7.o ./src/main.o ./src/oled.o   -Wl,--start-group,-lxil,-lgcc,-lc,--end-group
'Finished building target: AlarmSystem.elf'
' '
'Invoking: ARM v7 Print Size'
arm-none-eabi-size AlarmSystem.elf  |tee "AlarmSystem.elf.size"
   text	   data	    bss	    dec	    hex	filename
  86404	   3504	  24672	 114580	  1bf94	AlarmSystem.elf
'Finished building: AlarmSystem.elf.size'
' '
00:00:33 **** Auto Build of configuration Debug for project AlarmSystem ****
make pre-build main-build 
a9-linaro-pre-build-step
' '
'Building file: ../src/oled.c'
'Invoking: ARM v7 gcc compiler'
arm-none-eabi-gcc -Wall -O0 -g3 -I../../AlarmSystem_bsp/ps7_cortexa9_0/include -I"C:\X_Projects\AlarmSystem\AlarmSystem.sdk\AlarmSystem" -I"C:\X_Projects\AlarmSystem\AlarmSystem.sdk\AlarmSystem\inc" -c -fmessage-length=0 -MT"src/oled.o" -mcpu=cortex-a9 -mfpu=vfpv3 -mfloat-abi=hard -MMD -MP -MF"src/oled.d" -MT"src/oled.o" -o "src/oled.o" "../src/oled.c"
'Finished building: ../src/oled.c'
' '
'Building target: AlarmSystem.elf'
'Invoking: ARM v7 gcc linker'
arm-none-eabi-gcc -mcpu=cortex-a9 -mfpu=vfpv3 -mfloat-abi=hard -Wl,-build-id=none -specs=Xilinx.spec -Wl,-T -Wl,../src/lscript.ld -L../../AlarmSystem_bsp/ps7_cortexa9_0/lib -o "AlarmSystem.elf"  ./src/clock.o ./src/data_handle.o ./src/interrupt_handler.o ./src/io.o ./src/lab7.o ./src/main.o ./src/oled.o   -Wl,--start-group,-lxil,-lgcc,-lc,--end-group
'Finished building target: AlarmSystem.elf'
' '
'Invoking: ARM v7 Print Size'
arm-none-eabi-size AlarmSystem.elf  |tee "AlarmSystem.elf.size"
   text	   data	    bss	    dec	    hex	filename
  86404	   3504	  24672	 114580	  1bf94	AlarmSystem.elf
'Finished building: AlarmSystem.elf.size'
' '
00:00:38 **** Incremental Build of configuration Debug for project AlarmSystem ****
make pre-build main-build 
a9-linaro-pre-build-step
' '
make: Nothing to be done for 'main-build'.
00:01:09 **** Auto Build of configuration Debug for project AlarmSystem ****
make pre-build main-build 
a9-linaro-pre-build-step
' '
'Building file: ../src/oled.c'
'Invoking: ARM v7 gcc compiler'
arm-none-eabi-gcc -Wall -O0 -g3 -I../../AlarmSystem_bsp/ps7_cortexa9_0/include -I"C:\X_Projects\AlarmSystem\AlarmSystem.sdk\AlarmSystem" -I"C:\X_Projects\AlarmSystem\AlarmSystem.sdk\AlarmSystem\inc" -c -fmessage-length=0 -MT"src/oled.o" -mcpu=cortex-a9 -mfpu=vfpv3 -mfloat-abi=hard -MMD -MP -MF"src/oled.d" -MT"src/oled.o" -o "src/oled.o" "../src/oled.c"
'Finished building: ../src/oled.c'
' '
'Building target: AlarmSystem.elf'
'Invoking: ARM v7 gcc linker'
arm-none-eabi-gcc -mcpu=cortex-a9 -mfpu=vfpv3 -mfloat-abi=hard -Wl,-build-id=none -specs=Xilinx.spec -Wl,-T -Wl,../src/lscript.ld -L../../AlarmSystem_bsp/ps7_cortexa9_0/lib -o "AlarmSystem.elf"  ./src/clock.o ./src/data_handle.o ./src/interrupt_handler.o ./src/io.o ./src/lab7.o ./src/main.o ./src/oled.o   -Wl,--start-group,-lxil,-lgcc,-lc,--end-group
'Finished building target: AlarmSystem.elf'
' '
'Invoking: ARM v7 Print Size'
arm-none-eabi-size AlarmSystem.elf  |tee "AlarmSystem.elf.size"
   text	   data	    bss	    dec	    hex	filename
  86404	   3504	  24672	 114580	  1bf94	AlarmSystem.elf
'Finished building: AlarmSystem.elf.size'
' '
00:01:39 **** Auto Build of configuration Debug for project AlarmSystem ****
make pre-build main-build 
a9-linaro-pre-build-step
' '
'Building file: ../src/oled.c'
'Invoking: ARM v7 gcc compiler'
arm-none-eabi-gcc -Wall -O0 -g3 -I../../AlarmSystem_bsp/ps7_cortexa9_0/include -I"C:\X_Projects\AlarmSystem\AlarmSystem.sdk\AlarmSystem" -I"C:\X_Projects\AlarmSystem\AlarmSystem.sdk\AlarmSystem\inc" -c -fmessage-length=0 -MT"src/oled.o" -mcpu=cortex-a9 -mfpu=vfpv3 -mfloat-abi=hard -MMD -MP -MF"src/oled.d" -MT"src/oled.o" -o "src/oled.o" "../src/oled.c"
'Finished building: ../src/oled.c'
' '
'Building target: AlarmSystem.elf'
'Invoking: ARM v7 gcc linker'
arm-none-eabi-gcc -mcpu=cortex-a9 -mfpu=vfpv3 -mfloat-abi=hard -Wl,-build-id=none -specs=Xilinx.spec -Wl,-T -Wl,../src/lscript.ld -L../../AlarmSystem_bsp/ps7_cortexa9_0/lib -o "AlarmSystem.elf"  ./src/clock.o ./src/data_handle.o ./src/interrupt_handler.o ./src/io.o ./src/lab7.o ./src/main.o ./src/oled.o   -Wl,--start-group,-lxil,-lgcc,-lc,--end-group
'Finished building target: AlarmSystem.elf'
' '
'Invoking: ARM v7 Print Size'
arm-none-eabi-size AlarmSystem.elf  |tee "AlarmSystem.elf.size"
   text	   data	    bss	    dec	    hex	filename
  86404	   3504	  24672	 114580	  1bf94	AlarmSystem.elf
'Finished building: AlarmSystem.elf.size'
' '
00:01:46 **** Incremental Build of configuration Debug for project AlarmSystem ****
make pre-build main-build 
a9-linaro-pre-build-step
' '
make: Nothing to be done for 'main-build'.
00:02:09 **** Auto Build of configuration Debug for project AlarmSystem ****
make pre-build main-build 
a9-linaro-pre-build-step
' '
'Building file: ../src/oled.c'
'Invoking: ARM v7 gcc compiler'
arm-none-eabi-gcc -Wall -O0 -g3 -I../../AlarmSystem_bsp/ps7_cortexa9_0/include -I"C:\X_Projects\AlarmSystem\AlarmSystem.sdk\AlarmSystem" -I"C:\X_Projects\AlarmSystem\AlarmSystem.sdk\AlarmSystem\inc" -c -fmessage-length=0 -MT"src/oled.o" -mcpu=cortex-a9 -mfpu=vfpv3 -mfloat-abi=hard -MMD -MP -MF"src/oled.d" -MT"src/oled.o" -o "src/oled.o" "../src/oled.c"
'Finished building: ../src/oled.c'
' '
'Building target: AlarmSystem.elf'
'Invoking: ARM v7 gcc linker'
arm-none-eabi-gcc -mcpu=cortex-a9 -mfpu=vfpv3 -mfloat-abi=hard -Wl,-build-id=none -specs=Xilinx.spec -Wl,-T -Wl,../src/lscript.ld -L../../AlarmSystem_bsp/ps7_cortexa9_0/lib -o "AlarmSystem.elf"  ./src/clock.o ./src/data_handle.o ./src/interrupt_handler.o ./src/io.o ./src/lab7.o ./src/main.o ./src/oled.o   -Wl,--start-group,-lxil,-lgcc,-lc,--end-group
'Finished building target: AlarmSystem.elf'
' '
'Invoking: ARM v7 Print Size'
arm-none-eabi-size AlarmSystem.elf  |tee "AlarmSystem.elf.size"
   text	   data	    bss	    dec	    hex	filename
  86404	   3504	  24672	 114580	  1bf94	AlarmSystem.elf
'Finished building: AlarmSystem.elf.size'
' '
00:02:17 **** Incremental Build of configuration Debug for project AlarmSystem ****
make pre-build main-build 
a9-linaro-pre-build-step
' '
make: Nothing to be done for 'main-build'.
00:03:19 **** Auto Build of configuration Debug for project AlarmSystem ****
make pre-build main-build 
a9-linaro-pre-build-step
' '
'Building file: ../src/oled.c'
'Invoking: ARM v7 gcc compiler'
arm-none-eabi-gcc -Wall -O0 -g3 -I../../AlarmSystem_bsp/ps7_cortexa9_0/include -I"C:\X_Projects\AlarmSystem\AlarmSystem.sdk\AlarmSystem" -I"C:\X_Projects\AlarmSystem\AlarmSystem.sdk\AlarmSystem\inc" -c -fmessage-length=0 -MT"src/oled.o" -mcpu=cortex-a9 -mfpu=vfpv3 -mfloat-abi=hard -MMD -MP -MF"src/oled.d" -MT"src/oled.o" -o "src/oled.o" "../src/oled.c"
'Finished building: ../src/oled.c'
' '
'Building target: AlarmSystem.elf'
'Invoking: ARM v7 gcc linker'
arm-none-eabi-gcc -mcpu=cortex-a9 -mfpu=vfpv3 -mfloat-abi=hard -Wl,-build-id=none -specs=Xilinx.spec -Wl,-T -Wl,../src/lscript.ld -L../../AlarmSystem_bsp/ps7_cortexa9_0/lib -o "AlarmSystem.elf"  ./src/clock.o ./src/data_handle.o ./src/interrupt_handler.o ./src/io.o ./src/lab7.o ./src/main.o ./src/oled.o   -Wl,--start-group,-lxil,-lgcc,-lc,--end-group
'Finished building target: AlarmSystem.elf'
' '
'Invoking: ARM v7 Print Size'
arm-none-eabi-size AlarmSystem.elf  |tee "AlarmSystem.elf.size"
   text	   data	    bss	    dec	    hex	filename
  86404	   3504	  24672	 114580	  1bf94	AlarmSystem.elf
'Finished building: AlarmSystem.elf.size'
' '
00:03:32 **** Auto Build of configuration Debug for project AlarmSystem ****
make pre-build main-build 
a9-linaro-pre-build-step
' '
'Building file: ../src/main.c'
'Invoking: ARM v7 gcc compiler'
arm-none-eabi-gcc -Wall -O0 -g3 -I../../AlarmSystem_bsp/ps7_cortexa9_0/include -I"C:\X_Projects\AlarmSystem\AlarmSystem.sdk\AlarmSystem" -I"C:\X_Projects\AlarmSystem\AlarmSystem.sdk\AlarmSystem\inc" -c -fmessage-length=0 -MT"src/main.o" -mcpu=cortex-a9 -mfpu=vfpv3 -mfloat-abi=hard -MMD -MP -MF"src/main.d" -MT"src/main.o" -o "src/main.o" "../src/main.c"
'Finished building: ../src/main.c'
' '
'Building target: AlarmSystem.elf'
'Invoking: ARM v7 gcc linker'
arm-none-eabi-gcc -mcpu=cortex-a9 -mfpu=vfpv3 -mfloat-abi=hard -Wl,-build-id=none -specs=Xilinx.spec -Wl,-T -Wl,../src/lscript.ld -L../../AlarmSystem_bsp/ps7_cortexa9_0/lib -o "AlarmSystem.elf"  ./src/clock.o ./src/data_handle.o ./src/interrupt_handler.o ./src/io.o ./src/lab7.o ./src/main.o ./src/oled.o   -Wl,--start-group,-lxil,-lgcc,-lc,--end-group
'Finished building target: AlarmSystem.elf'
' '
'Invoking: ARM v7 Print Size'
arm-none-eabi-size AlarmSystem.elf  |tee "AlarmSystem.elf.size"
   text	   data	    bss	    dec	    hex	filename
  86404	   3504	  24672	 114580	  1bf94	AlarmSystem.elf
'Finished building: AlarmSystem.elf.size'
' '
00:03:36 **** Incremental Build of configuration Debug for project AlarmSystem ****
make pre-build main-build 
a9-linaro-pre-build-step
' '
make: Nothing to be done for 'main-build'.
00:04:19 **** Incremental Build of configuration Debug for project AlarmSystem ****
make pre-build main-build 
a9-linaro-pre-build-step
' '
make: Nothing to be done for 'main-build'.
00:06:10 **** Auto Build of configuration Debug for project AlarmSystem ****
make pre-build main-build 
a9-linaro-pre-build-step
' '
'Building file: ../src/main.c'
'Invoking: ARM v7 gcc compiler'
arm-none-eabi-gcc -Wall -O0 -g3 -I../../AlarmSystem_bsp/ps7_cortexa9_0/include -I"C:\X_Projects\AlarmSystem\AlarmSystem.sdk\AlarmSystem" -I"C:\X_Projects\AlarmSystem\AlarmSystem.sdk\AlarmSystem\inc" -c -fmessage-length=0 -MT"src/main.o" -mcpu=cortex-a9 -mfpu=vfpv3 -mfloat-abi=hard -MMD -MP -MF"src/main.d" -MT"src/main.o" -o "src/main.o" "../src/main.c"
'Finished building: ../src/main.c'
' '
'Building target: AlarmSystem.elf'
'Invoking: ARM v7 gcc linker'
arm-none-eabi-gcc -mcpu=cortex-a9 -mfpu=vfpv3 -mfloat-abi=hard -Wl,-build-id=none -specs=Xilinx.spec -Wl,-T -Wl,../src/lscript.ld -L../../AlarmSystem_bsp/ps7_cortexa9_0/lib -o "AlarmSystem.elf"  ./src/clock.o ./src/data_handle.o ./src/interrupt_handler.o ./src/io.o ./src/lab7.o ./src/main.o ./src/oled.o   -Wl,--start-group,-lxil,-lgcc,-lc,--end-group
'Finished building target: AlarmSystem.elf'
' '
'Invoking: ARM v7 Print Size'
arm-none-eabi-size AlarmSystem.elf  |tee "AlarmSystem.elf.size"
   text	   data	    bss	    dec	    hex	filename
  86404	   3504	  24672	 114580	  1bf94	AlarmSystem.elf
'Finished building: AlarmSystem.elf.size'
' '
00:06:13 **** Incremental Build of configuration Debug for project AlarmSystem ****
make pre-build main-build 
a9-linaro-pre-build-step
' '
make: Nothing to be done for 'main-build'.
00:09:12 **** Auto Build of configuration Debug for project AlarmSystem ****
make pre-build main-build 
a9-linaro-pre-build-step
' '
'Building file: ../src/clock.c'
'Invoking: ARM v7 gcc compiler'
arm-none-eabi-gcc -Wall -O0 -g3 -I../../AlarmSystem_bsp/ps7_cortexa9_0/include -I"C:\X_Projects\AlarmSystem\AlarmSystem.sdk\AlarmSystem" -I"C:\X_Projects\AlarmSystem\AlarmSystem.sdk\AlarmSystem\inc" -c -fmessage-length=0 -MT"src/clock.o" -mcpu=cortex-a9 -mfpu=vfpv3 -mfloat-abi=hard -MMD -MP -MF"src/clock.d" -MT"src/clock.o" -o "src/clock.o" "../src/clock.c"
'Finished building: ../src/clock.c'
' '
'Building target: AlarmSystem.elf'
'Invoking: ARM v7 gcc linker'
arm-none-eabi-gcc -mcpu=cortex-a9 -mfpu=vfpv3 -mfloat-abi=hard -Wl,-build-id=none -specs=Xilinx.spec -Wl,-T -Wl,../src/lscript.ld -L../../AlarmSystem_bsp/ps7_cortexa9_0/lib -o "AlarmSystem.elf"  ./src/clock.o ./src/data_handle.o ./src/interrupt_handler.o ./src/io.o ./src/lab7.o ./src/main.o ./src/oled.o   -Wl,--start-group,-lxil,-lgcc,-lc,--end-group
'Finished building target: AlarmSystem.elf'
' '
'Invoking: ARM v7 Print Size'
arm-none-eabi-size AlarmSystem.elf  |tee "AlarmSystem.elf.size"
   text	   data	    bss	    dec	    hex	filename
  86468	   3504	  24672	 114644	  1bfd4	AlarmSystem.elf
'Finished building: AlarmSystem.elf.size'
' '
00:09:45 **** Auto Build of configuration Debug for project AlarmSystem ****
make pre-build main-build 
a9-linaro-pre-build-step
' '
'Building file: ../src/clock.c'
'Invoking: ARM v7 gcc compiler'
arm-none-eabi-gcc -Wall -O0 -g3 -I../../AlarmSystem_bsp/ps7_cortexa9_0/include -I"C:\X_Projects\AlarmSystem\AlarmSystem.sdk\AlarmSystem" -I"C:\X_Projects\AlarmSystem\AlarmSystem.sdk\AlarmSystem\inc" -c -fmessage-length=0 -MT"src/clock.o" -mcpu=cortex-a9 -mfpu=vfpv3 -mfloat-abi=hard -MMD -MP -MF"src/clock.d" -MT"src/clock.o" -o "src/clock.o" "../src/clock.c"
'Finished building: ../src/clock.c'
' '
'Building file: ../src/data_handle.c'
'Invoking: ARM v7 gcc compiler'
arm-none-eabi-gcc -Wall -O0 -g3 -I../../AlarmSystem_bsp/ps7_cortexa9_0/include -I"C:\X_Projects\AlarmSystem\AlarmSystem.sdk\AlarmSystem" -I"C:\X_Projects\AlarmSystem\AlarmSystem.sdk\AlarmSystem\inc" -c -fmessage-length=0 -MT"src/data_handle.o" -mcpu=cortex-a9 -mfpu=vfpv3 -mfloat-abi=hard -MMD -MP -MF"src/data_handle.d" -MT"src/data_handle.o" -o "src/data_handle.o" "../src/data_handle.c"
'Finished building: ../src/data_handle.c'
' '
'Building file: ../src/main.c'
'Invoking: ARM v7 gcc compiler'
arm-none-eabi-gcc -Wall -O0 -g3 -I../../AlarmSystem_bsp/ps7_cortexa9_0/include -I"C:\X_Projects\AlarmSystem\AlarmSystem.sdk\AlarmSystem" -I"C:\X_Projects\AlarmSystem\AlarmSystem.sdk\AlarmSystem\inc" -c -fmessage-length=0 -MT"src/main.o" -mcpu=cortex-a9 -mfpu=vfpv3 -mfloat-abi=hard -MMD -MP -MF"src/main.d" -MT"src/main.o" -o "src/main.o" "../src/main.c"
'Finished building: ../src/main.c'
' '
'Building file: ../src/oled.c'
'Invoking: ARM v7 gcc compiler'
arm-none-eabi-gcc -Wall -O0 -g3 -I../../AlarmSystem_bsp/ps7_cortexa9_0/include -I"C:\X_Projects\AlarmSystem\AlarmSystem.sdk\AlarmSystem" -I"C:\X_Projects\AlarmSystem\AlarmSystem.sdk\AlarmSystem\inc" -c -fmessage-length=0 -MT"src/oled.o" -mcpu=cortex-a9 -mfpu=vfpv3 -mfloat-abi=hard -MMD -MP -MF"src/oled.d" -MT"src/oled.o" -o "src/oled.o" "../src/oled.c"
'Finished building: ../src/oled.c'
' '
'Building target: AlarmSystem.elf'
'Invoking: ARM v7 gcc linker'
arm-none-eabi-gcc -mcpu=cortex-a9 -mfpu=vfpv3 -mfloat-abi=hard -Wl,-build-id=none -specs=Xilinx.spec -Wl,-T -Wl,../src/lscript.ld -L../../AlarmSystem_bsp/ps7_cortexa9_0/lib -o "AlarmSystem.elf"  ./src/clock.o ./src/data_handle.o ./src/interrupt_handler.o ./src/io.o ./src/lab7.o ./src/main.o ./src/oled.o   -Wl,--start-group,-lxil,-lgcc,-lc,--end-group
'Finished building target: AlarmSystem.elf'
' '
'Invoking: ARM v7 Print Size'
arm-none-eabi-size AlarmSystem.elf  |tee "AlarmSystem.elf.size"
   text	   data	    bss	    dec	    hex	filename
  86468	   3504	  24672	 114644	  1bfd4	AlarmSystem.elf
'Finished building: AlarmSystem.elf.size'
' '
00:09:52 **** Auto Build of configuration Debug for project AlarmSystem ****
make pre-build main-build 
a9-linaro-pre-build-step
' '
'Building file: ../src/main.c'
'Invoking: ARM v7 gcc compiler'
arm-none-eabi-gcc -Wall -O0 -g3 -I../../AlarmSystem_bsp/ps7_cortexa9_0/include -I"C:\X_Projects\AlarmSystem\AlarmSystem.sdk\AlarmSystem" -I"C:\X_Projects\AlarmSystem\AlarmSystem.sdk\AlarmSystem\inc" -c -fmessage-length=0 -MT"src/main.o" -mcpu=cortex-a9 -mfpu=vfpv3 -mfloat-abi=hard -MMD -MP -MF"src/main.d" -MT"src/main.o" -o "src/main.o" "../src/main.c"
../src/main.c: In function 'main':
../src/main.c:141:4: error: 'Clock_A' undeclared (first use in this function); did you mean 'clock_t'?
    Clock_A
    ^~~~~~~
    clock_t
../src/main.c:141:4: note: each undeclared identifier is reported only once for each function it appears in
../src/main.c:141:11: error: expected ';' before '}' token
    Clock_A
           ^
           ;
    }
    ~       
make: *** [src/subdir.mk:41: src/main.o] Error 1
00:09:57 **** Auto Build of configuration Debug for project AlarmSystem ****
make pre-build main-build 
a9-linaro-pre-build-step
' '
'Building file: ../src/main.c'
'Invoking: ARM v7 gcc compiler'
arm-none-eabi-gcc -Wall -O0 -g3 -I../../AlarmSystem_bsp/ps7_cortexa9_0/include -I"C:\X_Projects\AlarmSystem\AlarmSystem.sdk\AlarmSystem" -I"C:\X_Projects\AlarmSystem\AlarmSystem.sdk\AlarmSystem\inc" -c -fmessage-length=0 -MT"src/main.o" -mcpu=cortex-a9 -mfpu=vfpv3 -mfloat-abi=hard -MMD -MP -MF"src/main.d" -MT"src/main.o" -o "src/main.o" "../src/main.c"
'Finished building: ../src/main.c'
' '
'Building target: AlarmSystem.elf'
'Invoking: ARM v7 gcc linker'
arm-none-eabi-gcc -mcpu=cortex-a9 -mfpu=vfpv3 -mfloat-abi=hard -Wl,-build-id=none -specs=Xilinx.spec -Wl,-T -Wl,../src/lscript.ld -L../../AlarmSystem_bsp/ps7_cortexa9_0/lib -o "AlarmSystem.elf"  ./src/clock.o ./src/data_handle.o ./src/interrupt_handler.o ./src/io.o ./src/lab7.o ./src/main.o ./src/oled.o   -Wl,--start-group,-lxil,-lgcc,-lc,--end-group
'Finished building target: AlarmSystem.elf'
' '
'Invoking: ARM v7 Print Size'
arm-none-eabi-size AlarmSystem.elf  |tee "AlarmSystem.elf.size"
   text	   data	    bss	    dec	    hex	filename
  86404	   3504	  24672	 114580	  1bf94	AlarmSystem.elf
'Finished building: AlarmSystem.elf.size'
' '
00:10:02 **** Incremental Build of configuration Debug for project AlarmSystem ****
make pre-build main-build 
a9-linaro-pre-build-step
' '
make: Nothing to be done for 'main-build'.
00:10:57 **** Incremental Build of configuration Debug for project AlarmSystem ****
make pre-build main-build 
a9-linaro-pre-build-step
' '
make: Nothing to be done for 'main-build'.
00:12:48 **** Auto Build of configuration Debug for project AlarmSystem ****
make pre-build main-build 
a9-linaro-pre-build-step
' '
'Building file: ../src/main.c'
'Invoking: ARM v7 gcc compiler'
arm-none-eabi-gcc -Wall -O0 -g3 -I../../AlarmSystem_bsp/ps7_cortexa9_0/include -I"C:\X_Projects\AlarmSystem\AlarmSystem.sdk\AlarmSystem" -I"C:\X_Projects\AlarmSystem\AlarmSystem.sdk\AlarmSystem\inc" -c -fmessage-length=0 -MT"src/main.o" -mcpu=cortex-a9 -mfpu=vfpv3 -mfloat-abi=hard -MMD -MP -MF"src/main.d" -MT"src/main.o" -o "src/main.o" "../src/main.c"
../src/main.c: In function 'main':
../src/main.c:151:12: error: invalid storage class for function 'Init_Peripherals'
 static int Init_Peripherals(){
            ^~~~~~~~~~~~~~~~
../src/main.c:173:1: error: expected declaration or statement at end of input
 }
 ^
../src/main.c: At top level:
../src/main.c:39:12: warning: 'Init_Peripherals' used but never defined
 static int Init_Peripherals();
            ^~~~~~~~~~~~~~~~
../src/main.c:151:12: warning: 'Init_Peripherals' defined but not used [-Wunused-function]
 static int Init_Peripherals(){
            ^~~~~~~~~~~~~~~~
make: *** [src/subdir.mk:41: src/main.o] Error 1
00:12:54 **** Auto Build of configuration Debug for project AlarmSystem ****
make pre-build main-build 
a9-linaro-pre-build-step
' '
'Building file: ../src/main.c'
'Invoking: ARM v7 gcc compiler'
arm-none-eabi-gcc -Wall -O0 -g3 -I../../AlarmSystem_bsp/ps7_cortexa9_0/include -I"C:\X_Projects\AlarmSystem\AlarmSystem.sdk\AlarmSystem" -I"C:\X_Projects\AlarmSystem\AlarmSystem.sdk\AlarmSystem\inc" -c -fmessage-length=0 -MT"src/main.o" -mcpu=cortex-a9 -mfpu=vfpv3 -mfloat-abi=hard -MMD -MP -MF"src/main.d" -MT"src/main.o" -o "src/main.o" "../src/main.c"
'Finished building: ../src/main.c'
' '
'Building target: AlarmSystem.elf'
'Invoking: ARM v7 gcc linker'
arm-none-eabi-gcc -mcpu=cortex-a9 -mfpu=vfpv3 -mfloat-abi=hard -Wl,-build-id=none -specs=Xilinx.spec -Wl,-T -Wl,../src/lscript.ld -L../../AlarmSystem_bsp/ps7_cortexa9_0/lib -o "AlarmSystem.elf"  ./src/clock.o ./src/data_handle.o ./src/interrupt_handler.o ./src/io.o ./src/lab7.o ./src/main.o ./src/oled.o   -Wl,--start-group,-lxil,-lgcc,-lc,--end-group
'Finished building target: AlarmSystem.elf'
' '
'Invoking: ARM v7 Print Size'
arm-none-eabi-size AlarmSystem.elf  |tee "AlarmSystem.elf.size"
   text	   data	    bss	    dec	    hex	filename
  86468	   3504	  24672	 114644	  1bfd4	AlarmSystem.elf
'Finished building: AlarmSystem.elf.size'
' '
00:13:02 **** Incremental Build of configuration Debug for project AlarmSystem ****
make pre-build main-build 
a9-linaro-pre-build-step
' '
make: Nothing to be done for 'main-build'.
00:13:53 **** Auto Build of configuration Debug for project AlarmSystem ****
make pre-build main-build 
a9-linaro-pre-build-step
' '
'Building file: ../src/main.c'
'Invoking: ARM v7 gcc compiler'
arm-none-eabi-gcc -Wall -O0 -g3 -I../../AlarmSystem_bsp/ps7_cortexa9_0/include -I"C:\X_Projects\AlarmSystem\AlarmSystem.sdk\AlarmSystem" -I"C:\X_Projects\AlarmSystem\AlarmSystem.sdk\AlarmSystem\inc" -c -fmessage-length=0 -MT"src/main.o" -mcpu=cortex-a9 -mfpu=vfpv3 -mfloat-abi=hard -MMD -MP -MF"src/main.d" -MT"src/main.o" -o "src/main.o" "../src/main.c"
'Finished building: ../src/main.c'
' '
'Building target: AlarmSystem.elf'
'Invoking: ARM v7 gcc linker'
arm-none-eabi-gcc -mcpu=cortex-a9 -mfpu=vfpv3 -mfloat-abi=hard -Wl,-build-id=none -specs=Xilinx.spec -Wl,-T -Wl,../src/lscript.ld -L../../AlarmSystem_bsp/ps7_cortexa9_0/lib -o "AlarmSystem.elf"  ./src/clock.o ./src/data_handle.o ./src/interrupt_handler.o ./src/io.o ./src/lab7.o ./src/main.o ./src/oled.o   -Wl,--start-group,-lxil,-lgcc,-lc,--end-group
'Finished building target: AlarmSystem.elf'
' '
'Invoking: ARM v7 Print Size'
arm-none-eabi-size AlarmSystem.elf  |tee "AlarmSystem.elf.size"
   text	   data	    bss	    dec	    hex	filename
  86468	   3504	  24672	 114644	  1bfd4	AlarmSystem.elf
'Finished building: AlarmSystem.elf.size'
' '
00:13:58 **** Incremental Build of configuration Debug for project AlarmSystem ****
make pre-build main-build 
a9-linaro-pre-build-step
' '
make: Nothing to be done for 'main-build'.
00:14:52 **** Incremental Build of configuration Debug for project AlarmSystem ****
make pre-build main-build 
a9-linaro-pre-build-step
' '
make: Nothing to be done for 'main-build'.
00:15:04 **** Auto Build of configuration Debug for project AlarmSystem ****
make pre-build main-build 
a9-linaro-pre-build-step
' '
'Building file: ../src/clock.c'
'Invoking: ARM v7 gcc compiler'
arm-none-eabi-gcc -Wall -O0 -g3 -I../../AlarmSystem_bsp/ps7_cortexa9_0/include -I"C:\X_Projects\AlarmSystem\AlarmSystem.sdk\AlarmSystem" -I"C:\X_Projects\AlarmSystem\AlarmSystem.sdk\AlarmSystem\inc" -c -fmessage-length=0 -MT"src/clock.o" -mcpu=cortex-a9 -mfpu=vfpv3 -mfloat-abi=hard -MMD -MP -MF"src/clock.d" -MT"src/clock.o" -o "src/clock.o" "../src/clock.c"
'Finished building: ../src/clock.c'
' '
'Building file: ../src/data_handle.c'
'Invoking: ARM v7 gcc compiler'
arm-none-eabi-gcc -Wall -O0 -g3 -I../../AlarmSystem_bsp/ps7_cortexa9_0/include -I"C:\X_Projects\AlarmSystem\AlarmSystem.sdk\AlarmSystem" -I"C:\X_Projects\AlarmSystem\AlarmSystem.sdk\AlarmSystem\inc" -c -fmessage-length=0 -MT"src/data_handle.o" -mcpu=cortex-a9 -mfpu=vfpv3 -mfloat-abi=hard -MMD -MP -MF"src/data_handle.d" -MT"src/data_handle.o" -o "src/data_handle.o" "../src/data_handle.c"
'Finished building: ../src/data_handle.c'
' '
'Building file: ../src/main.c'
'Invoking: ARM v7 gcc compiler'
arm-none-eabi-gcc -Wall -O0 -g3 -I../../AlarmSystem_bsp/ps7_cortexa9_0/include -I"C:\X_Projects\AlarmSystem\AlarmSystem.sdk\AlarmSystem" -I"C:\X_Projects\AlarmSystem\AlarmSystem.sdk\AlarmSystem\inc" -c -fmessage-length=0 -MT"src/main.o" -mcpu=cortex-a9 -mfpu=vfpv3 -mfloat-abi=hard -MMD -MP -MF"src/main.d" -MT"src/main.o" -o "src/main.o" "../src/main.c"
'Finished building: ../src/main.c'
' '
'Building file: ../src/oled.c'
'Invoking: ARM v7 gcc compiler'
arm-none-eabi-gcc -Wall -O0 -g3 -I../../AlarmSystem_bsp/ps7_cortexa9_0/include -I"C:\X_Projects\AlarmSystem\AlarmSystem.sdk\AlarmSystem" -I"C:\X_Projects\AlarmSystem\AlarmSystem.sdk\AlarmSystem\inc" -c -fmessage-length=0 -MT"src/oled.o" -mcpu=cortex-a9 -mfpu=vfpv3 -mfloat-abi=hard -MMD -MP -MF"src/oled.d" -MT"src/oled.o" -o "src/oled.o" "../src/oled.c"
'Finished building: ../src/oled.c'
' '
'Building target: AlarmSystem.elf'
'Invoking: ARM v7 gcc linker'
arm-none-eabi-gcc -mcpu=cortex-a9 -mfpu=vfpv3 -mfloat-abi=hard -Wl,-build-id=none -specs=Xilinx.spec -Wl,-T -Wl,../src/lscript.ld -L../../AlarmSystem_bsp/ps7_cortexa9_0/lib -o "AlarmSystem.elf"  ./src/clock.o ./src/data_handle.o ./src/interrupt_handler.o ./src/io.o ./src/lab7.o ./src/main.o ./src/oled.o   -Wl,--start-group,-lxil,-lgcc,-lc,--end-group
'Finished building target: AlarmSystem.elf'
' '
'Invoking: ARM v7 Print Size'
arm-none-eabi-size AlarmSystem.elf  |tee "AlarmSystem.elf.size"
   text	   data	    bss	    dec	    hex	filename
  86468	   3504	  24672	 114644	  1bfd4	AlarmSystem.elf
'Finished building: AlarmSystem.elf.size'
' '
00:15:18 **** Auto Build of configuration Debug for project AlarmSystem ****
make pre-build main-build 
a9-linaro-pre-build-step
' '
'Building file: ../src/clock.c'
'Invoking: ARM v7 gcc compiler'
arm-none-eabi-gcc -Wall -O0 -g3 -I../../AlarmSystem_bsp/ps7_cortexa9_0/include -I"C:\X_Projects\AlarmSystem\AlarmSystem.sdk\AlarmSystem" -I"C:\X_Projects\AlarmSystem\AlarmSystem.sdk\AlarmSystem\inc" -c -fmessage-length=0 -MT"src/clock.o" -mcpu=cortex-a9 -mfpu=vfpv3 -mfloat-abi=hard -MMD -MP -MF"src/clock.d" -MT"src/clock.o" -o "src/clock.o" "../src/clock.c"
'Finished building: ../src/clock.c'
' '
'Building target: AlarmSystem.elf'
'Invoking: ARM v7 gcc linker'
arm-none-eabi-gcc -mcpu=cortex-a9 -mfpu=vfpv3 -mfloat-abi=hard -Wl,-build-id=none -specs=Xilinx.spec -Wl,-T -Wl,../src/lscript.ld -L../../AlarmSystem_bsp/ps7_cortexa9_0/lib -o "AlarmSystem.elf"  ./src/clock.o ./src/data_handle.o ./src/interrupt_handler.o ./src/io.o ./src/lab7.o ./src/main.o ./src/oled.o   -Wl,--start-group,-lxil,-lgcc,-lc,--end-group
'Finished building target: AlarmSystem.elf'
' '
'Invoking: ARM v7 Print Size'
arm-none-eabi-size AlarmSystem.elf  |tee "AlarmSystem.elf.size"
   text	   data	    bss	    dec	    hex	filename
  86404	   3504	  24672	 114580	  1bf94	AlarmSystem.elf
'Finished building: AlarmSystem.elf.size'
' '
00:15:24 **** Incremental Build of configuration Debug for project AlarmSystem ****
make pre-build main-build 
a9-linaro-pre-build-step
' '
make: Nothing to be done for 'main-build'.
00:16:20 **** Auto Build of configuration Debug for project AlarmSystem ****
make pre-build main-build 
a9-linaro-pre-build-step
' '
'Building file: ../src/oled.c'
'Invoking: ARM v7 gcc compiler'
arm-none-eabi-gcc -Wall -O0 -g3 -I../../AlarmSystem_bsp/ps7_cortexa9_0/include -I"C:\X_Projects\AlarmSystem\AlarmSystem.sdk\AlarmSystem" -I"C:\X_Projects\AlarmSystem\AlarmSystem.sdk\AlarmSystem\inc" -c -fmessage-length=0 -MT"src/oled.o" -mcpu=cortex-a9 -mfpu=vfpv3 -mfloat-abi=hard -MMD -MP -MF"src/oled.d" -MT"src/oled.o" -o "src/oled.o" "../src/oled.c"
'Finished building: ../src/oled.c'
' '
'Building target: AlarmSystem.elf'
'Invoking: ARM v7 gcc linker'
arm-none-eabi-gcc -mcpu=cortex-a9 -mfpu=vfpv3 -mfloat-abi=hard -Wl,-build-id=none -specs=Xilinx.spec -Wl,-T -Wl,../src/lscript.ld -L../../AlarmSystem_bsp/ps7_cortexa9_0/lib -o "AlarmSystem.elf"  ./src/clock.o ./src/data_handle.o ./src/interrupt_handler.o ./src/io.o ./src/lab7.o ./src/main.o ./src/oled.o   -Wl,--start-group,-lxil,-lgcc,-lc,--end-group
'Finished building target: AlarmSystem.elf'
' '
'Invoking: ARM v7 Print Size'
arm-none-eabi-size AlarmSystem.elf  |tee "AlarmSystem.elf.size"
   text	   data	    bss	    dec	    hex	filename
  86404	   3504	  24672	 114580	  1bf94	AlarmSystem.elf
'Finished building: AlarmSystem.elf.size'
' '
00:16:24 **** Incremental Build of configuration Debug for project AlarmSystem ****
make pre-build main-build 
a9-linaro-pre-build-step
' '
make: Nothing to be done for 'main-build'.
00:16:42 **** Auto Build of configuration Debug for project AlarmSystem ****
make pre-build main-build 
a9-linaro-pre-build-step
' '
'Building file: ../src/oled.c'
'Invoking: ARM v7 gcc compiler'
arm-none-eabi-gcc -Wall -O0 -g3 -I../../AlarmSystem_bsp/ps7_cortexa9_0/include -I"C:\X_Projects\AlarmSystem\AlarmSystem.sdk\AlarmSystem" -I"C:\X_Projects\AlarmSystem\AlarmSystem.sdk\AlarmSystem\inc" -c -fmessage-length=0 -MT"src/oled.o" -mcpu=cortex-a9 -mfpu=vfpv3 -mfloat-abi=hard -MMD -MP -MF"src/oled.d" -MT"src/oled.o" -o "src/oled.o" "../src/oled.c"
'Finished building: ../src/oled.c'
' '
'Building target: AlarmSystem.elf'
'Invoking: ARM v7 gcc linker'
arm-none-eabi-gcc -mcpu=cortex-a9 -mfpu=vfpv3 -mfloat-abi=hard -Wl,-build-id=none -specs=Xilinx.spec -Wl,-T -Wl,../src/lscript.ld -L../../AlarmSystem_bsp/ps7_cortexa9_0/lib -o "AlarmSystem.elf"  ./src/clock.o ./src/data_handle.o ./src/interrupt_handler.o ./src/io.o ./src/lab7.o ./src/main.o ./src/oled.o   -Wl,--start-group,-lxil,-lgcc,-lc,--end-group
'Finished building target: AlarmSystem.elf'
' '
'Invoking: ARM v7 Print Size'
arm-none-eabi-size AlarmSystem.elf  |tee "AlarmSystem.elf.size"
   text	   data	    bss	    dec	    hex	filename
  86404	   3504	  24672	 114580	  1bf94	AlarmSystem.elf
'Finished building: AlarmSystem.elf.size'
' '
00:16:44 **** Incremental Build of configuration Debug for project AlarmSystem ****
make pre-build main-build 
a9-linaro-pre-build-step
' '
make: Nothing to be done for 'main-build'.
00:17:24 **** Auto Build of configuration Debug for project AlarmSystem ****
make pre-build main-build 
a9-linaro-pre-build-step
' '
'Building file: ../src/oled.c'
'Invoking: ARM v7 gcc compiler'
arm-none-eabi-gcc -Wall -O0 -g3 -I../../AlarmSystem_bsp/ps7_cortexa9_0/include -I"C:\X_Projects\AlarmSystem\AlarmSystem.sdk\AlarmSystem" -I"C:\X_Projects\AlarmSystem\AlarmSystem.sdk\AlarmSystem\inc" -c -fmessage-length=0 -MT"src/oled.o" -mcpu=cortex-a9 -mfpu=vfpv3 -mfloat-abi=hard -MMD -MP -MF"src/oled.d" -MT"src/oled.o" -o "src/oled.o" "../src/oled.c"
'Finished building: ../src/oled.c'
' '
'Building target: AlarmSystem.elf'
'Invoking: ARM v7 gcc linker'
arm-none-eabi-gcc -mcpu=cortex-a9 -mfpu=vfpv3 -mfloat-abi=hard -Wl,-build-id=none -specs=Xilinx.spec -Wl,-T -Wl,../src/lscript.ld -L../../AlarmSystem_bsp/ps7_cortexa9_0/lib -o "AlarmSystem.elf"  ./src/clock.o ./src/data_handle.o ./src/interrupt_handler.o ./src/io.o ./src/lab7.o ./src/main.o ./src/oled.o   -Wl,--start-group,-lxil,-lgcc,-lc,--end-group
'Finished building target: AlarmSystem.elf'
' '
'Invoking: ARM v7 Print Size'
arm-none-eabi-size AlarmSystem.elf  |tee "AlarmSystem.elf.size"
   text	   data	    bss	    dec	    hex	filename
  86404	   3504	  24672	 114580	  1bf94	AlarmSystem.elf
'Finished building: AlarmSystem.elf.size'
' '
00:17:29 **** Incremental Build of configuration Debug for project AlarmSystem ****
make pre-build main-build 
a9-linaro-pre-build-step
' '
make: Nothing to be done for 'main-build'.
00:17:55 **** Auto Build of configuration Debug for project AlarmSystem ****
make pre-build main-build 
a9-linaro-pre-build-step
' '
'Building file: ../src/oled.c'
'Invoking: ARM v7 gcc compiler'
arm-none-eabi-gcc -Wall -O0 -g3 -I../../AlarmSystem_bsp/ps7_cortexa9_0/include -I"C:\X_Projects\AlarmSystem\AlarmSystem.sdk\AlarmSystem" -I"C:\X_Projects\AlarmSystem\AlarmSystem.sdk\AlarmSystem\inc" -c -fmessage-length=0 -MT"src/oled.o" -mcpu=cortex-a9 -mfpu=vfpv3 -mfloat-abi=hard -MMD -MP -MF"src/oled.d" -MT"src/oled.o" -o "src/oled.o" "../src/oled.c"
'Finished building: ../src/oled.c'
' '
[...]
../src/interrupt_handler.c: In function 'Push_Intr_Handler':
../src/interrupt_handler.c:141:2: warning: implicit declaration of function 'usleep' [-Wimplicit-function-declaration]
  usleep(DEBOUNCE_DELAY); // Defined delay for debouncing
  ^~~~~~
../src/interrupt_handler.c:157:7: warning: implicit declaration of function 'Clock_IsAlarmActive' [-Wimplicit-function-declaration]
    if(Clock_IsAlarmActive()){
       ^~~~~~~~~~~~~~~~~~~
../src/interrupt_handler.c:158:5: error: unknown type name 'Time'
     Time alarm = Clock_GetTime(MAIN_ALARM);
     ^~~~
../src/interrupt_handler.c:158:18: warning: implicit declaration of function 'Clock_GetTime' [-Wimplicit-function-declaration]
     Time alarm = Clock_GetTime(MAIN_ALARM);
                  ^~~~~~~~~~~~~
../src/interrupt_handler.c:158:32: error: 'MAIN_ALARM' undeclared (first use in this function); did you mean 'LED_ALARM'?
     Time alarm = Clock_GetTime(MAIN_ALARM);
                                ^~~~~~~~~~
                                LED_ALARM
../src/interrupt_handler.c:158:32: note: each undeclared identifier is reported only once for each function it appears in
../src/interrupt_handler.c:158:10: warning: unused variable 'alarm' [-Wunused-variable]
     Time alarm = Clock_GetTime(MAIN_ALARM);
          ^~~~~
make: *** [src/subdir.mk:41: src/interrupt_handler.o] Error 1
03:35:46 **** Auto Build of configuration Debug for project AlarmSystem ****
make pre-build main-build 
a9-linaro-pre-build-step
' '
'Building file: ../src/interrupt_handler.c'
'Invoking: ARM v7 gcc compiler'
arm-none-eabi-gcc -Wall -O0 -g3 -I../../AlarmSystem_bsp/ps7_cortexa9_0/include -I"C:\X_Projects\AlarmSystem\AlarmSystem.sdk\AlarmSystem" -I"C:\X_Projects\AlarmSystem\AlarmSystem.sdk\AlarmSystem\inc" -c -fmessage-length=0 -MT"src/interrupt_handler.o" -mcpu=cortex-a9 -mfpu=vfpv3 -mfloat-abi=hard -MMD -MP -MF"src/interrupt_handler.d" -MT"src/interrupt_handler.o" -o "src/interrupt_handler.o" "../src/interrupt_handler.c"
../src/interrupt_handler.c: In function 'Push_Intr_Handler':
../src/interrupt_handler.c:142:2: warning: implicit declaration of function 'usleep' [-Wimplicit-function-declaration]
  usleep(DEBOUNCE_DELAY); // Defined delay for debouncing
  ^~~~~~
../src/interrupt_handler.c:159:10: warning: unused variable 'alarm' [-Wunused-variable]
     Time alarm = Clock_GetTime(MAIN_ALARM);
          ^~~~~
'Finished building: ../src/interrupt_handler.c'
' '
'Building target: AlarmSystem.elf'
'Invoking: ARM v7 gcc linker'
arm-none-eabi-gcc -mcpu=cortex-a9 -mfpu=vfpv3 -mfloat-abi=hard -Wl,-build-id=none -specs=Xilinx.spec -Wl,-T -Wl,../src/lscript.ld -L../../AlarmSystem_bsp/ps7_cortexa9_0/lib -o "AlarmSystem.elf"  ./src/clock.o ./src/data_handle.o ./src/interrupt_handler.o ./src/io.o ./src/lab7.o ./src/main.o ./src/oled.o   -Wl,--start-group,-lxil,-lgcc,-lc,--end-group
'Finished building target: AlarmSystem.elf'
' '
'Invoking: ARM v7 Print Size'
arm-none-eabi-size AlarmSystem.elf  |tee "AlarmSystem.elf.size"
   text	   data	    bss	    dec	    hex	filename
  87364	   3504	  24704	 115572	  1c374	AlarmSystem.elf
'Finished building: AlarmSystem.elf.size'
' '
03:35:58 **** Auto Build of configuration Debug for project AlarmSystem ****
make pre-build main-build 
a9-linaro-pre-build-step
' '
'Building file: ../src/interrupt_handler.c'
'Invoking: ARM v7 gcc compiler'
arm-none-eabi-gcc -Wall -O0 -g3 -I../../AlarmSystem_bsp/ps7_cortexa9_0/include -I"C:\X_Projects\AlarmSystem\AlarmSystem.sdk\AlarmSystem" -I"C:\X_Projects\AlarmSystem\AlarmSystem.sdk\AlarmSystem\inc" -c -fmessage-length=0 -MT"src/interrupt_handler.o" -mcpu=cortex-a9 -mfpu=vfpv3 -mfloat-abi=hard -MMD -MP -MF"src/interrupt_handler.d" -MT"src/interrupt_handler.o" -o "src/interrupt_handler.o" "../src/interrupt_handler.c"
../src/interrupt_handler.c: In function 'Push_Intr_Handler':
../src/interrupt_handler.c:161:10: warning: unused variable 'alarm' [-Wunused-variable]
     Time alarm = Clock_GetTime(MAIN_ALARM);
          ^~~~~
'Finished building: ../src/interrupt_handler.c'
' '
'Building target: AlarmSystem.elf'
'Invoking: ARM v7 gcc linker'
arm-none-eabi-gcc -mcpu=cortex-a9 -mfpu=vfpv3 -mfloat-abi=hard -Wl,-build-id=none -specs=Xilinx.spec -Wl,-T -Wl,../src/lscript.ld -L../../AlarmSystem_bsp/ps7_cortexa9_0/lib -o "AlarmSystem.elf"  ./src/clock.o ./src/data_handle.o ./src/interrupt_handler.o ./src/io.o ./src/lab7.o ./src/main.o ./src/oled.o   -Wl,--start-group,-lxil,-lgcc,-lc,--end-group
'Finished building target: AlarmSystem.elf'
' '
'Invoking: ARM v7 Print Size'
arm-none-eabi-size AlarmSystem.elf  |tee "AlarmSystem.elf.size"
   text	   data	    bss	    dec	    hex	filename
  87364	   3504	  24704	 115572	  1c374	AlarmSystem.elf
'Finished building: AlarmSystem.elf.size'
' '
03:36:38 **** Auto Build of configuration Debug for project AlarmSystem ****
make pre-build main-build 
a9-linaro-pre-build-step
' '
'Building file: ../src/interrupt_handler.c'
'Invoking: ARM v7 gcc compiler'
arm-none-eabi-gcc -Wall -O0 -g3 -I../../AlarmSystem_bsp/ps7_cortexa9_0/include -I"C:\X_Projects\AlarmSystem\AlarmSystem.sdk\AlarmSystem" -I"C:\X_Projects\AlarmSystem\AlarmSystem.sdk\AlarmSystem\inc" -c -fmessage-length=0 -MT"src/interrupt_handler.o" -mcpu=cortex-a9 -mfpu=vfpv3 -mfloat-abi=hard -MMD -MP -MF"src/interrupt_handler.d" -MT"src/interrupt_handler.o" -o "src/interrupt_handler.o" "../src/interrupt_handler.c"
../src/interrupt_handler.c: In function 'Push_Intr_Handler':
../src/interrupt_handler.c:162:13: error: too few arguments to function 'Clock_IncrementTime'
     alarm = Clock_IncrementTime(alarm);
             ^~~~~~~~~~~~~~~~~~~
In file included from ../src/interrupt_handler.c:7:
C:\X_Projects\AlarmSystem\AlarmSystem.sdk\AlarmSystem\inc/clock.h:46:6: note: declared here
 Time Clock_IncrementTime(Time time, int delta_seconds);
      ^~~~~~~~~~~~~~~~~~~
make: *** [src/subdir.mk:41: src/interrupt_handler.o] Error 1
03:36:44 **** Auto Build of configuration Debug for project AlarmSystem ****
make pre-build main-build 
a9-linaro-pre-build-step
' '
'Building file: ../src/interrupt_handler.c'
'Invoking: ARM v7 gcc compiler'
arm-none-eabi-gcc -Wall -O0 -g3 -I../../AlarmSystem_bsp/ps7_cortexa9_0/include -I"C:\X_Projects\AlarmSystem\AlarmSystem.sdk\AlarmSystem" -I"C:\X_Projects\AlarmSystem\AlarmSystem.sdk\AlarmSystem\inc" -c -fmessage-length=0 -MT"src/interrupt_handler.o" -mcpu=cortex-a9 -mfpu=vfpv3 -mfloat-abi=hard -MMD -MP -MF"src/interrupt_handler.d" -MT"src/interrupt_handler.o" -o "src/interrupt_handler.o" "../src/interrupt_handler.c"
'Finished building: ../src/interrupt_handler.c'
' '
'Building target: AlarmSystem.elf'
'Invoking: ARM v7 gcc linker'
arm-none-eabi-gcc -mcpu=cortex-a9 -mfpu=vfpv3 -mfloat-abi=hard -Wl,-build-id=none -specs=Xilinx.spec -Wl,-T -Wl,../src/lscript.ld -L../../AlarmSystem_bsp/ps7_cortexa9_0/lib -o "AlarmSystem.elf"  ./src/clock.o ./src/data_handle.o ./src/interrupt_handler.o ./src/io.o ./src/lab7.o ./src/main.o ./src/oled.o   -Wl,--start-group,-lxil,-lgcc,-lc,--end-group
'Finished building target: AlarmSystem.elf'
' '
'Invoking: ARM v7 Print Size'
arm-none-eabi-size AlarmSystem.elf  |tee "AlarmSystem.elf.size"
   text	   data	    bss	    dec	    hex	filename
  87428	   3504	  24704	 115636	  1c3b4	AlarmSystem.elf
'Finished building: AlarmSystem.elf.size'
' '
03:36:58 **** Incremental Build of configuration Debug for project AlarmSystem ****
make pre-build main-build 
a9-linaro-pre-build-step
' '
make: Nothing to be done for 'main-build'.
03:37:53 **** Auto Build of configuration Debug for project AlarmSystem ****
make pre-build main-build 
a9-linaro-pre-build-step
' '
'Building file: ../src/interrupt_handler.c'
'Invoking: ARM v7 gcc compiler'
arm-none-eabi-gcc -Wall -O0 -g3 -I../../AlarmSystem_bsp/ps7_cortexa9_0/include -I"C:\X_Projects\AlarmSystem\AlarmSystem.sdk\AlarmSystem" -I"C:\X_Projects\AlarmSystem\AlarmSystem.sdk\AlarmSystem\inc" -c -fmessage-length=0 -MT"src/interrupt_handler.o" -mcpu=cortex-a9 -mfpu=vfpv3 -mfloat-abi=hard -MMD -MP -MF"src/interrupt_handler.d" -MT"src/interrupt_handler.o" -o "src/interrupt_handler.o" "../src/interrupt_handler.c"
'Finished building: ../src/interrupt_handler.c'
' '
'Building target: AlarmSystem.elf'
'Invoking: ARM v7 gcc linker'
arm-none-eabi-gcc -mcpu=cortex-a9 -mfpu=vfpv3 -mfloat-abi=hard -Wl,-build-id=none -specs=Xilinx.spec -Wl,-T -Wl,../src/lscript.ld -L../../AlarmSystem_bsp/ps7_cortexa9_0/lib -o "AlarmSystem.elf"  ./src/clock.o ./src/data_handle.o ./src/interrupt_handler.o ./src/io.o ./src/lab7.o ./src/main.o ./src/oled.o   -Wl,--start-group,-lxil,-lgcc,-lc,--end-group
c:/xilinx/sdk/2019.1/gnu/aarch32/nt/gcc-arm-none-eabi/bin/../lib/gcc/arm-none-eabi/8.2.0/../../../../arm-none-eabi/bin/ld.exe: ./src/interrupt_handler.o: in function `Configure_GIC':
C:\X_Projects\AlarmSystem\AlarmSystem.sdk\AlarmSystem\Debug/../src/interrupt_handler.c:54: undefined reference to `Dip_Intr_Handler'
c:/xilinx/sdk/2019.1/gnu/aarch32/nt/gcc-arm-none-eabi/bin/../lib/gcc/arm-none-eabi/8.2.0/../../../../arm-none-eabi/bin/ld.exe: C:\X_Projects\AlarmSystem\AlarmSystem.sdk\AlarmSystem\Debug/../src/interrupt_handler.c:54: undefined reference to `Dip_Intr_Handler'
collect2.exe: error: ld returned 1 exit status
make: *** [makefile:41: AlarmSystem.elf] Error 1
03:38:06 **** Auto Build of configuration Debug for project AlarmSystem ****
make pre-build main-build 
a9-linaro-pre-build-step
' '
'Building file: ../src/interrupt_handler.c'
'Invoking: ARM v7 gcc compiler'
arm-none-eabi-gcc -Wall -O0 -g3 -I../../AlarmSystem_bsp/ps7_cortexa9_0/include -I"C:\X_Projects\AlarmSystem\AlarmSystem.sdk\AlarmSystem" -I"C:\X_Projects\AlarmSystem\AlarmSystem.sdk\AlarmSystem\inc" -c -fmessage-length=0 -MT"src/interrupt_handler.o" -mcpu=cortex-a9 -mfpu=vfpv3 -mfloat-abi=hard -MMD -MP -MF"src/interrupt_handler.d" -MT"src/interrupt_handler.o" -o "src/interrupt_handler.o" "../src/interrupt_handler.c"
'Finished building: ../src/interrupt_handler.c'
' '
'Building target: AlarmSystem.elf'
'Invoking: ARM v7 gcc linker'
arm-none-eabi-gcc -mcpu=cortex-a9 -mfpu=vfpv3 -mfloat-abi=hard -Wl,-build-id=none -specs=Xilinx.spec -Wl,-T -Wl,../src/lscript.ld -L../../AlarmSystem_bsp/ps7_cortexa9_0/lib -o "AlarmSystem.elf"  ./src/clock.o ./src/data_handle.o ./src/interrupt_handler.o ./src/io.o ./src/lab7.o ./src/main.o ./src/oled.o   -Wl,--start-group,-lxil,-lgcc,-lc,--end-group
'Finished building target: AlarmSystem.elf'
' '
'Invoking: ARM v7 Print Size'
arm-none-eabi-size AlarmSystem.elf  |tee "AlarmSystem.elf.size"
   text	   data	    bss	    dec	    hex	filename
  87428	   3504	  24704	 115636	  1c3b4	AlarmSystem.elf
'Finished building: AlarmSystem.elf.size'
' '
03:38:18 **** Auto Build of configuration Debug for project AlarmSystem ****
make pre-build main-build 
a9-linaro-pre-build-step
' '
'Building file: ../src/interrupt_handler.c'
'Invoking: ARM v7 gcc compiler'
arm-none-eabi-gcc -Wall -O0 -g3 -I../../AlarmSystem_bsp/ps7_cortexa9_0/include -I"C:\X_Projects\AlarmSystem\AlarmSystem.sdk\AlarmSystem" -I"C:\X_Projects\AlarmSystem\AlarmSystem.sdk\AlarmSystem\inc" -c -fmessage-length=0 -MT"src/interrupt_handler.o" -mcpu=cortex-a9 -mfpu=vfpv3 -mfloat-abi=hard -MMD -MP -MF"src/interrupt_handler.d" -MT"src/interrupt_handler.o" -o "src/interrupt_handler.o" "../src/interrupt_handler.c"
'Finished building: ../src/interrupt_handler.c'
' '
'Building target: AlarmSystem.elf'
'Invoking: ARM v7 gcc linker'
arm-none-eabi-gcc -mcpu=cortex-a9 -mfpu=vfpv3 -mfloat-abi=hard -Wl,-build-id=none -specs=Xilinx.spec -Wl,-T -Wl,../src/lscript.ld -L../../AlarmSystem_bsp/ps7_cortexa9_0/lib -o "AlarmSystem.elf"  ./src/clock.o ./src/data_handle.o ./src/interrupt_handler.o ./src/io.o ./src/lab7.o ./src/main.o ./src/oled.o   -Wl,--start-group,-lxil,-lgcc,-lc,--end-group
'Finished building target: AlarmSystem.elf'
' '
'Invoking: ARM v7 Print Size'
arm-none-eabi-size AlarmSystem.elf  |tee "AlarmSystem.elf.size"
   text	   data	    bss	    dec	    hex	filename
  87252	   3504	  24704	 115460	  1c304	AlarmSystem.elf
'Finished building: AlarmSystem.elf.size'
' '
03:38:23 **** Incremental Build of configuration Debug for project AlarmSystem ****
make pre-build main-build 
a9-linaro-pre-build-step
' '
make: Nothing to be done for 'main-build'.
03:40:22 **** Auto Build of configuration Debug for project AlarmSystem ****
make pre-build main-build 
a9-linaro-pre-build-step
' '
'Building file: ../src/interrupt_handler.c'
'Invoking: ARM v7 gcc compiler'
arm-none-eabi-gcc -Wall -O0 -g3 -I../../AlarmSystem_bsp/ps7_cortexa9_0/include -I"C:\X_Projects\AlarmSystem\AlarmSystem.sdk\AlarmSystem" -I"C:\X_Projects\AlarmSystem\AlarmSystem.sdk\AlarmSystem\inc" -c -fmessage-length=0 -MT"src/interrupt_handler.o" -mcpu=cortex-a9 -mfpu=vfpv3 -mfloat-abi=hard -MMD -MP -MF"src/interrupt_handler.d" -MT"src/interrupt_handler.o" -o "src/interrupt_handler.o" "../src/interrupt_handler.c"
'Finished building: ../src/interrupt_handler.c'
' '
'Building target: AlarmSystem.elf'
'Invoking: ARM v7 gcc linker'
arm-none-eabi-gcc -mcpu=cortex-a9 -mfpu=vfpv3 -mfloat-abi=hard -Wl,-build-id=none -specs=Xilinx.spec -Wl,-T -Wl,../src/lscript.ld -L../../AlarmSystem_bsp/ps7_cortexa9_0/lib -o "AlarmSystem.elf"  ./src/clock.o ./src/data_handle.o ./src/interrupt_handler.o ./src/io.o ./src/lab7.o ./src/main.o ./src/oled.o   -Wl,--start-group,-lxil,-lgcc,-lc,--end-group
'Finished building target: AlarmSystem.elf'
' '
'Invoking: ARM v7 Print Size'
arm-none-eabi-size AlarmSystem.elf  |tee "AlarmSystem.elf.size"
   text	   data	    bss	    dec	    hex	filename
  87124	   3504	  24704	 115332	  1c284	AlarmSystem.elf
'Finished building: AlarmSystem.elf.size'
' '
03:40:27 **** Incremental Build of configuration Debug for project AlarmSystem ****
make pre-build main-build 
a9-linaro-pre-build-step
' '
make: Nothing to be done for 'main-build'.
03:40:55 **** Incremental Build of configuration Debug for project AlarmSystem ****
make pre-build main-build 
a9-linaro-pre-build-step
' '
make: Nothing to be done for 'main-build'.
03:41:26 **** Incremental Build of configuration Debug for project AlarmSystem ****
make pre-build main-build 
a9-linaro-pre-build-step
' '
make: Nothing to be done for 'main-build'.
03:41:43 **** Auto Build of configuration Debug for project AlarmSystem ****
make pre-build main-build 
a9-linaro-pre-build-step
' '
'Building file: ../src/interrupt_handler.c'
'Invoking: ARM v7 gcc compiler'
arm-none-eabi-gcc -Wall -O0 -g3 -I../../AlarmSystem_bsp/ps7_cortexa9_0/include -I"C:\X_Projects\AlarmSystem\AlarmSystem.sdk\AlarmSystem" -I"C:\X_Projects\AlarmSystem\AlarmSystem.sdk\AlarmSystem\inc" -c -fmessage-length=0 -MT"src/interrupt_handler.o" -mcpu=cortex-a9 -mfpu=vfpv3 -mfloat-abi=hard -MMD -MP -MF"src/interrupt_handler.d" -MT"src/interrupt_handler.o" -o "src/interrupt_handler.o" "../src/interrupt_handler.c"
'Finished building: ../src/interrupt_handler.c'
' '
'Building target: AlarmSystem.elf'
'Invoking: ARM v7 gcc linker'
arm-none-eabi-gcc -mcpu=cortex-a9 -mfpu=vfpv3 -mfloat-abi=hard -Wl,-build-id=none -specs=Xilinx.spec -Wl,-T -Wl,../src/lscript.ld -L../../AlarmSystem_bsp/ps7_cortexa9_0/lib -o "AlarmSystem.elf"  ./src/clock.o ./src/data_handle.o ./src/interrupt_handler.o ./src/io.o ./src/lab7.o ./src/main.o ./src/oled.o   -Wl,--start-group,-lxil,-lgcc,-lc,--end-group
'Finished building target: AlarmSystem.elf'
' '
'Invoking: ARM v7 Print Size'
arm-none-eabi-size AlarmSystem.elf  |tee "AlarmSystem.elf.size"
   text	   data	    bss	    dec	    hex	filename
  87252	   3504	  24704	 115460	  1c304	AlarmSystem.elf
'Finished building: AlarmSystem.elf.size'
' '
03:41:50 **** Auto Build of configuration Debug for project AlarmSystem ****
make pre-build main-build 
a9-linaro-pre-build-step
' '
'Building file: ../src/interrupt_handler.c'
'Invoking: ARM v7 gcc compiler'
arm-none-eabi-gcc -Wall -O0 -g3 -I../../AlarmSystem_bsp/ps7_cortexa9_0/include -I"C:\X_Projects\AlarmSystem\AlarmSystem.sdk\AlarmSystem" -I"C:\X_Projects\AlarmSystem\AlarmSystem.sdk\AlarmSystem\inc" -c -fmessage-length=0 -MT"src/interrupt_handler.o" -mcpu=cortex-a9 -mfpu=vfpv3 -mfloat-abi=hard -MMD -MP -MF"src/interrupt_handler.d" -MT"src/interrupt_handler.o" -o "src/interrupt_handler.o" "../src/interrupt_handler.c"
../src/interrupt_handler.c: In function 'Push_Intr_Handler':
../src/interrupt_handler.c:162:13: error: too few arguments to function 'Clock_IncrementTime'
     alarm = Clock_IncrementTime(alarm);
             ^~~~~~~~~~~~~~~~~~~
In file included from ../src/interrupt_handler.c:7:
C:\X_Projects\AlarmSystem\AlarmSystem.sdk\AlarmSystem\inc/clock.h:46:6: note: declared here
 Time Clock_IncrementTime(Time time, int delta_seconds);
      ^~~~~~~~~~~~~~~~~~~
../src/interrupt_handler.c:163:26: error: expected ';' before '}' token
     Clock_SetAlarm(alarm)
                          ^
                          ;
    }
    ~                      
make: *** [src/subdir.mk:41: src/interrupt_handler.o] Error 1
03:41:51 **** Auto Build of configuration Debug for project AlarmSystem ****
make pre-build main-build 
a9-linaro-pre-build-step
' '
'Building file: ../src/interrupt_handler.c'
'Invoking: ARM v7 gcc compiler'
arm-none-eabi-gcc -Wall -O0 -g3 -I../../AlarmSystem_bsp/ps7_cortexa9_0/include -I"C:\X_Projects\AlarmSystem\AlarmSystem.sdk\AlarmSystem" -I"C:\X_Projects\AlarmSystem\AlarmSystem.sdk\AlarmSystem\inc" -c -fmessage-length=0 -MT"src/interrupt_handler.o" -mcpu=cortex-a9 -mfpu=vfpv3 -mfloat-abi=hard -MMD -MP -MF"src/interrupt_handler.d" -MT"src/interrupt_handler.o" -o "src/interrupt_handler.o" "../src/interrupt_handler.c"
../src/interrupt_handler.c: In function 'Push_Intr_Handler':
../src/interrupt_handler.c:162:13: error: too few arguments to function 'Clock_IncrementTime'
     alarm = Clock_IncrementTime(alarm);
             ^~~~~~~~~~~~~~~~~~~
In file included from ../src/interrupt_handler.c:7:
C:\X_Projects\AlarmSystem\AlarmSystem.sdk\AlarmSystem\inc/clock.h:46:6: note: declared here
 Time Clock_IncrementTime(Time time, int delta_seconds);
      ^~~~~~~~~~~~~~~~~~~
make: *** [src/subdir.mk:41: src/interrupt_handler.o] Error 1
03:41:54 **** Auto Build of configuration Debug for project AlarmSystem ****
make pre-build main-build 
a9-linaro-pre-build-step
' '
'Building file: ../src/interrupt_handler.c'
'Invoking: ARM v7 gcc compiler'
arm-none-eabi-gcc -Wall -O0 -g3 -I../../AlarmSystem_bsp/ps7_cortexa9_0/include -I"C:\X_Projects\AlarmSystem\AlarmSystem.sdk\AlarmSystem" -I"C:\X_Projects\AlarmSystem\AlarmSystem.sdk\AlarmSystem\inc" -c -fmessage-length=0 -MT"src/interrupt_handler.o" -mcpu=cortex-a9 -mfpu=vfpv3 -mfloat-abi=hard -MMD -MP -MF"src/interrupt_handler.d" -MT"src/interrupt_handler.o" -o "src/interrupt_handler.o" "../src/interrupt_handler.c"
'Finished building: ../src/interrupt_handler.c'
' '
'Building target: AlarmSystem.elf'
'Invoking: ARM v7 gcc linker'
arm-none-eabi-gcc -mcpu=cortex-a9 -mfpu=vfpv3 -mfloat-abi=hard -Wl,-build-id=none -specs=Xilinx.spec -Wl,-T -Wl,../src/lscript.ld -L../../AlarmSystem_bsp/ps7_cortexa9_0/lib -o "AlarmSystem.elf"  ./src/clock.o ./src/data_handle.o ./src/interrupt_handler.o ./src/io.o ./src/lab7.o ./src/main.o ./src/oled.o   -Wl,--start-group,-lxil,-lgcc,-lc,--end-group
'Finished building target: AlarmSystem.elf'
' '
'Invoking: ARM v7 Print Size'
arm-none-eabi-size AlarmSystem.elf  |tee "AlarmSystem.elf.size"
   text	   data	    bss	    dec	    hex	filename
  87428	   3504	  24704	 115636	  1c3b4	AlarmSystem.elf
'Finished building: AlarmSystem.elf.size'
' '
03:42:05 **** Incremental Build of configuration Debug for project AlarmSystem ****
make pre-build main-build 
a9-linaro-pre-build-step
' '
make: Nothing to be done for 'main-build'.
03:42:41 **** Incremental Build of configuration Debug for project AlarmSystem ****
make pre-build main-build 
a9-linaro-pre-build-step
' '
make: Nothing to be done for 'main-build'.
